Archive member included because of file (symbol)

contiki-sky.a(contiki-sky-pla)
                              obj_sky/contiki-sky-main.o (init_platform)
contiki-sky.a(button-sensor.o)
                              border-router.co (button_sensor)
contiki-sky.a(ds2411.o)       obj_sky/contiki-sky-main.o (ds2411_init)
contiki-sky.a(xmem.o)         obj_sky/contiki-sky-main.o (xmem_init)
contiki-sky.a(node-id.o)      obj_sky/contiki-sky-main.o (node_id_restore)
contiki-sky.a(sensors.o)      border-router.co (sensors_event)
contiki-sky.a(cc2420.o)       obj_sky/contiki-sky-main.o (cc2420_set_pan_addr)
contiki-sky.a(cc2420-arch.o)  contiki-sky.a(cc2420.o) (cc2420_arch_init)
contiki-sky.a(uart1.o)        obj_sky/contiki-sky-main.o (uart1_active)
contiki-sky.a(slip_uart1.o)   obj_sky/slip-bridge.o (slip_arch_writeb)
contiki-sky.a(slip.o)         obj_sky/slip-bridge.o (slip_process)
contiki-sky.a(msp430.o)       contiki-sky.a(uart1.o) (msp430_add_lpm_req)
contiki-sky.a(clock.o)        obj_sky/contiki-sky-main.o (clock_init)
contiki-sky.a(leds.o)         obj_sky/contiki-sky-main.o (leds_init)
contiki-sky.a(leds-arch.o)    contiki-sky.a(leds.o) (leds_arch_init)
contiki-sky.a(watchdog.o)     obj_sky/contiki-sky-main.o (watchdog_start)
contiki-sky.a(rtimer-arch.o)  obj_sky/contiki-sky-main.o (rtimer_arch_now)
contiki-sky.a(autostart.o)    obj_sky/contiki-sky-main.o (autostart_start)
contiki-sky.a(ctimer.o)       obj_sky/contiki-sky-main.o (ctimer_init)
contiki-sky.a(energest.o)     obj_sky/contiki-sky-main.o (energest_init)
contiki-sky.a(etimer.o)       contiki-sky.a(clock.o) (etimer_request_poll)
contiki-sky.a(process.o)      border-router.co (process_current)
contiki-sky.a(rtimer.o)       obj_sky/contiki-sky-main.o (rtimer_init)
contiki-sky.a(timer.o)        obj_sky/httpd-simple.o (timer_set)
contiki-sky.a(list.o)         contiki-sky.a(ctimer.o) (list_init)
contiki-sky.a(memb.o)         obj_sky/httpd-simple.o (memb_init)
contiki-sky.a(random.o)       obj_sky/contiki-sky-main.o (random_init)
contiki-sky.a(uip-ds6.o)      border-router.co (uip_ds6_if)
contiki-sky.a(uip-ds6-route.o)
                              contiki-sky.a(uip-ds6.o) (uip_ds6_route_init)
contiki-sky.a(uip6.o)         border-router.co (uip_aligned_buf)
contiki-sky.a(uip-ds6-nbr.o)  border-router.co (ds6_neighbors)
contiki-sky.a(uip-nd6.o)      contiki-sky.a(uip6.o) (uip_nd6_init)
contiki-sky.a(sicslowpan.o)   obj_sky/contiki-sky-main.o (sicslowpan_driver)
contiki-sky.a(uip-debug.o)    border-router.co (uip_debug_ipaddr_print)
contiki-sky.a(psock.o)        border-router.co (psock_send)
contiki-sky.a(tcpip.o)        contiki-sky.a(sicslowpan.o) (tcpip_set_outputfunc)
contiki-sky.a(rpl-dag.o)      border-router.co (rpl_set_prefix)
contiki-sky.a(rpl-timers.o)   contiki-sky.a(rpl-dag.o) (rpl_reset_dio_timer)
contiki-sky.a(rpl-ext-header.)
                              contiki-sky.a(uip6.o) (rpl_verify_hbh_header)
contiki-sky.a(rpl.o)          contiki-sky.a(rpl-timers.o) (rpl_get_mode)
contiki-sky.a(rpl-mrhof.o)    contiki-sky.a(rpl-dag.o) (rpl_mrhof)
contiki-sky.a(rpl-icmp6.o)    contiki-sky.a(rpl-dag.o) (rpl_icmp6_update_nbr_table)
contiki-sky.a(framer-802154.o)
                              contiki-sky.a(sicslowpan.o) (framer_802154)
contiki-sky.a(csma.o)         border-router.co (csma_driver)
contiki-sky.a(queuebuf.o)     obj_sky/contiki-sky-main.o (queuebuf_init)
contiki-sky.a(nbr-table.o)    contiki-sky.a(uip-ds6-route.o) (nbr_table_register)
contiki-sky.a(packetbuf.o)    contiki-sky.a(framer-802154.o) (packetbuf_hdrreduce)
contiki-sky.a(linkaddr.o)     obj_sky/contiki-sky-main.o (linkaddr_copy)
contiki-sky.a(link-stats.o)   contiki-sky.a(rpl-dag.o) (link_stats_from_lladdr)
contiki-sky.a(contikimac.o)   obj_sky/contiki-sky-main.o (contikimac_driver)
contiki-sky.a(nullsec.o)      obj_sky/contiki-sky-main.o (nullsec_driver)
contiki-sky.a(spi.o)          contiki-sky.a(xmem.o) (spi_init)
contiki-sky.a(stimer.o)       contiki-sky.a(uip-ds6.o) (stimer_set)
contiki-sky.a(compower.o)     contiki-sky.a(contikimac.o) (compower_accumulate)
contiki-sky.a(uip-icmp6.o)    contiki-sky.a(uip6.o) (uip_icmp6_input)
contiki-sky.a(rpl-nbr-policy.)
                              contiki-sky.a(nbr-table.o) (rpl_nbr_policy_find_removable)
contiki-sky.a(mac-sequence.o)
                              contiki-sky.a(contikimac.o) (mac_sequence_is_duplicate)
contiki-sky.a(frame802154.o)  contiki-sky.a(framer-802154.o) (frame802154_get_pan_id)
contiki-sky.a(mac.o)          contiki-sky.a(csma.o) (mac_call_sent_callback)
/usr/lib/gcc/msp430/4.6.3/mmpy-16/libgcc.a(_mulsi3.o)
                              contiki-sky.a(rpl-timers.o) (__mulsi3)
/usr/lib/gcc/msp430/4.6.3/mmpy-16/libgcc.a(_udivmod16.o)
                              contiki-sky.a(rpl-dag.o) (__udivhi3)
/usr/lib/gcc/msp430/4.6.3/mmpy-16/libgcc.a(_divmod16.o)
                              contiki-sky.a(sicslowpan.o) (__divhi3)
/usr/lib/gcc/msp430/4.6.3/mmpy-16/libgcc.a(_udivmod32.o)
[...]
Memory Configuration

Name             Origin             Length             Attributes
sfr              0x0000000000000000 0x0000000000000010
peripheral_8bit  0x0000000000000010 0x00000000000000f0
peripheral_16bit 0x0000000000000100 0x0000000000000100
ram_mirror       0x0000000000000200 0x0000000000000800 xw
infomem          0x0000000000001000 0x0000000000000100
infob            0x0000000000001000 0x0000000000000080
infoa            0x0000000000001080 0x0000000000000080
ram              0x0000000000001100 0x0000000000002800 xw
rom              0x0000000000004000 0x000000000000bfe0 xr
vectors          0x000000000000ffe0 0x0000000000000020
bsl              0x0000000000000000 0x0000000000000000
infoc            0x0000000000000000 0x0000000000000000
infod            0x0000000000000000 0x0000000000000000
ram2             0x0000000000000000 0x0000000000000000 xw
usbram           0x0000000000000000 0x0000000000000000 xw
far_rom          0x0000000000000000 0x0000000000000000
*default*        0x0000000000000000 0xffffffffffffffff

Linker script and memory map

LOAD /usr/lib/gcc/msp430/4.6.3/mmpy-16/crt0ivtbl16.o
LOAD border-router.co
LOAD obj_sky/slip-bridge.o
LOAD obj_sky/httpd-simple.o
LOAD obj_sky/contiki-sky-main.o
LOAD contiki-sky.a
LOAD /usr/lib/gcc/msp430/4.6.3/mmpy-16/libgcc.a
LOAD /usr/lib/gcc/msp430/4.6.3/../../../../msp430/lib/mmpy-16/libc.a
LOAD /usr/lib/gcc/msp430/4.6.3/mmpy-16/libgcc.a
LOAD /usr/lib/gcc/msp430/4.6.3/mmpy-16/libcrt0.a
                0x0000000000000080                PROVIDE (__info_segment_size, 0x80)
                0x0000000000001000                PROVIDE (__infob, 0x1000)
                0x0000000000001080                PROVIDE (__infoa, 0x1080)
                0x0000000000000000                __IE1 = 0x0
                0x0000000000000002                __IFG1 = 0x2
                0x0000000000000004                __ME1 = 0x4
                0x0000000000000001                __IE2 = 0x1
                0x0000000000000003                __IFG2 = 0x3
                0x0000000000000005                __ME2 = 0x5
                0x0000000000000120                __WDTCTL = 0x120
                0x0000000000000130                __MPY = 0x130
                0x0000000000000132                __MPYS = 0x132
                0x0000000000000134                __MAC = 0x134
                0x0000000000000136                __MACS = 0x136
                0x0000000000000138                __OP2 = 0x138
                0x000000000000013a                __RESLO = 0x13a
                0x000000000000013c                __RESHI = 0x13c
                0x000000000000013e                __SUMEXT = 0x13e
                0x0000000000000020                __P1IN = 0x20
                0x0000000000000021                __P1OUT = 0x21
                0x0000000000000022                __P1DIR = 0x22
                0x0000000000000023                __P1IFG = 0x23
                0x0000000000000024                __P1IES = 0x24
                0x0000000000000025                __P1IE = 0x25
                0x0000000000000026                __P1SEL = 0x26
                0x0000000000000028                __P2IN = 0x28
                0x0000000000000029                __P2OUT = 0x29
                0x000000000000002a                __P2DIR = 0x2a
                0x000000000000002b                __P2IFG = 0x2b
                0x000000000000002c                __P2IES = 0x2c
                0x000000000000002d                __P2IE = 0x2d
                0x000000000000002e                __P2SEL = 0x2e
                0x0000000000000018                __P3IN = 0x18
                0x0000000000000019                __P3OUT = 0x19
                0x000000000000001a                __P3DIR = 0x1a
                0x000000000000001b                __P3SEL = 0x1b
                0x000000000000001c                __P4IN = 0x1c
                0x000000000000001d                __P4OUT = 0x1d
                0x000000000000001e                __P4DIR = 0x1e
                0x000000000000001f                __P4SEL = 0x1f
                0x0000000000000030                __P5IN = 0x30
                0x0000000000000031                __P5OUT = 0x31
                0x0000000000000032                __P5DIR = 0x32
                0x0000000000000033                __P5SEL = 0x33
                0x0000000000000034                __P6IN = 0x34
                0x0000000000000035                __P6OUT = 0x35
                0x0000000000000036                __P6DIR = 0x36
                0x0000000000000037                __P6SEL = 0x37
                0x0000000000000070                __U0CTL = 0x70
                0x0000000000000071                __U0TCTL = 0x71
                0x0000000000000072                __U0RCTL = 0x72
                0x0000000000000073                __U0MCTL = 0x73
                0x0000000000000074                __U0BR0 = 0x74
                0x0000000000000075                __U0BR1 = 0x75
                0x0000000000000076                __U0RXBUF = 0x76
                0x0000000000000077                __U0TXBUF = 0x77
                0x0000000000000078                __U1CTL = 0x78
                0x0000000000000079                __U1TCTL = 0x79
                0x000000000000007a                __U1RCTL = 0x7a
                0x000000000000007b                __U1MCTL = 0x7b
                0x000000000000007c                __U1BR0 = 0x7c
                0x000000000000007d                __U1BR1 = 0x7d
                0x000000000000007e                __U1RXBUF = 0x7e
                0x000000000000007f                __U1TXBUF = 0x7f
                0x0000000000000050                __I2CIE = 0x50
                0x0000000000000051                __I2CIFG = 0x51
                0x0000000000000052                __I2CNDAT = 0x52
                0x0000000000000071                __I2CTCTL = 0x71
                0x0000000000000072                __I2CDCTL = 0x72
                0x0000000000000073                __I2CPSC = 0x73
                0x0000000000000074                __I2CSCLH = 0x74
                0x0000000000000075                __I2CSCLL = 0x75
                0x0000000000000076                __I2CDRB = 0x76
                0x0000000000000076                __I2CDRW = 0x76
                0x0000000000000118                __I2COA = 0x118
                0x000000000000011a                __I2CSA = 0x11a
                0x000000000000011c                __I2CIV = 0x11c
                0x000000000000012e                __TAIV = 0x12e
                0x0000000000000160                __TACTL = 0x160
                0x0000000000000162                __TACCTL0 = 0x162
                0x0000000000000164                __TACCTL1 = 0x164
                0x0000000000000166                __TACCTL2 = 0x166
                0x0000000000000170                __TAR = 0x170
                0x0000000000000172                __TACCR0 = 0x172
                0x0000000000000174                __TACCR1 = 0x174
                0x0000000000000176                __TACCR2 = 0x176
                0x000000000000011e                __TBIV = 0x11e
                0x0000000000000180                __TBCTL = 0x180
                0x0000000000000182                __TBCCTL0 = 0x182
                0x0000000000000184                __TBCCTL1 = 0x184
                0x0000000000000186                __TBCCTL2 = 0x186
                0x0000000000000188                __TBCCTL3 = 0x188
                0x000000000000018a                __TBCCTL4 = 0x18a
                0x000000000000018c                __TBCCTL5 = 0x18c
                0x000000000000018e                __TBCCTL6 = 0x18e
                0x0000000000000190                __TBR = 0x190
                0x0000000000000192                __TBCCR0 = 0x192
                0x0000000000000194                __TBCCR1 = 0x194
                0x0000000000000196                __TBCCR2 = 0x196
                0x0000000000000198                __TBCCR3 = 0x198
                0x000000000000019a                __TBCCR4 = 0x19a
                0x000000000000019c                __TBCCR5 = 0x19c
                0x000000000000019e                __TBCCR6 = 0x19e
                0x0000000000000056                __DCOCTL = 0x56
                0x0000000000000057                __BCSCTL1 = 0x57
                0x0000000000000058                __BCSCTL2 = 0x58
                0x0000000000000055                __SVSCTL = 0x55
                0x0000000000000128                __FCTL1 = 0x128
                0x000000000000012a                __FCTL2 = 0x12a
                0x000000000000012c                __FCTL3 = 0x12c
                0x0000000000000059                __CACTL1 = 0x59
                0x000000000000005a                __CACTL2 = 0x5a
                0x000000000000005b                __CAPD = 0x5b
                0x00000000000001a0                __ADC12CTL0 = 0x1a0
                0x00000000000001a2                __ADC12CTL1 = 0x1a2
                0x00000000000001a4                __ADC12IFG = 0x1a4
                0x00000000000001a6                __ADC12IE = 0x1a6
                0x00000000000001a8                __ADC12IV = 0x1a8
                0x0000000000000140                __ADC12MEM0 = 0x140
                0x0000000000000142                __ADC12MEM1 = 0x142
                0x0000000000000144                __ADC12MEM2 = 0x144
                0x0000000000000146                __ADC12MEM3 = 0x146
                0x0000000000000148                __ADC12MEM4 = 0x148
                0x000000000000014a                __ADC12MEM5 = 0x14a
                0x000000000000014c                __ADC12MEM6 = 0x14c
                0x000000000000014e                __ADC12MEM7 = 0x14e
                0x0000000000000150                __ADC12MEM8 = 0x150
                0x0000000000000152                __ADC12MEM9 = 0x152
                0x0000000000000154                __ADC12MEM10 = 0x154
                0x0000000000000156                __ADC12MEM11 = 0x156
                0x0000000000000158                __ADC12MEM12 = 0x158
                0x000000000000015a                __ADC12MEM13 = 0x15a
                0x000000000000015c                __ADC12MEM14 = 0x15c
                0x000000000000015e                __ADC12MEM15 = 0x15e
                0x0000000000000080                __ADC12MCTL0 = 0x80
                0x0000000000000081                __ADC12MCTL1 = 0x81
                0x0000000000000082                __ADC12MCTL2 = 0x82
                0x0000000000000083                __ADC12MCTL3 = 0x83
                0x0000000000000084                __ADC12MCTL4 = 0x84
                0x0000000000000085                __ADC12MCTL5 = 0x85
                0x0000000000000086                __ADC12MCTL6 = 0x86
                0x0000000000000087                __ADC12MCTL7 = 0x87
                0x0000000000000088                __ADC12MCTL8 = 0x88
                0x0000000000000089                __ADC12MCTL9 = 0x89
                0x000000000000008a                __ADC12MCTL10 = 0x8a
                0x000000000000008b                __ADC12MCTL11 = 0x8b
                0x000000000000008c                __ADC12MCTL12 = 0x8c
                0x000000000000008d                __ADC12MCTL13 = 0x8d
                0x000000000000008e                __ADC12MCTL14 = 0x8e
                0x000000000000008f                __ADC12MCTL15 = 0x8f
                0x00000000000001c0                __DAC12_0CTL = 0x1c0
                0x00000000000001c2                __DAC12_1CTL = 0x1c2
                0x00000000000001c8                __DAC12_0DAT = 0x1c8
                0x00000000000001ca                __DAC12_1DAT = 0x1ca
                0x0000000000000122                __DMACTL0 = 0x122
                0x0000000000000124                __DMACTL1 = 0x124
                0x00000000000001e0                __DMA0CTL = 0x1e0
                0x00000000000001e8                __DMA1CTL = 0x1e8
                0x00000000000001f0                __DMA2CTL = 0x1f0
                0x00000000000001e2                __DMA0SA = 0x1e2
                0x00000000000001e4                __DMA0DA = 0x1e4
                0x00000000000001e6                __DMA0SZ = 0x1e6
                0x00000000000001ea                __DMA1SA = 0x1ea
                0x00000000000001ec                __DMA1DA = 0x1ec
                0x00000000000001ee                __DMA1SZ = 0x1ee
                0x00000000000001f2                __DMA2SA = 0x1f2
                0x00000000000001f4                __DMA2DA = 0x1f4
                0x00000000000001f6                __DMA2SZ = 0x1f6

.hash
 *(.hash)

.dynsym
 *(.dynsym)

.dynstr
 *(.dynstr)

.gnu.version
 *(.gnu.version)

.gnu.version_d
 *(.gnu.version_d)

.gnu.version_r
 *(.gnu.version_r)

.rel.init
 *(.rel.init)

.rela.init
 *(.rela.init)

.rel.fini
 *(.rel.fini)

.rela.fini
 *(.rela.fini)

.rel.text
 *(.rel.text .rel.text.* .rel.gnu.linkonce.t.*)

.rela.text
 *(.rela.text .rela.text.* .rela.gnu.linkonce.t.*)

.rel.rodata
 *(.rel.rodata .rel.rodata.* .rel.gnu.linkonce.r.*)

.rela.rodata
 *(.rela.rodata .rela.rodata.* .rela.gnu.linkonce.r.*)

.rel.data
 *(.rel.data .rel.data.* .rel.gnu.linkonce.d.*)

.rela.data
 *(.rela.data .rela.data.* .rela.gnu.linkonce.d.*)

.rel.bss
 *(.rel.bss .rel.bss.* .rel.gnu.linkonce.b.*)

.rela.bss
 *(.rela.bss .rela.bss.* .rela.gnu.linkonce.b.*)

.rel.ctors
 *(.rel.ctors)

.rela.ctors
 *(.rela.ctors)

.rel.dtors
 *(.rel.dtors)

.rela.dtors
 *(.rela.dtors)

.rel.got
 *(.rel.got)

.rela.got
 *(.rela.got)

.rel.plt
 *(.rel.plt)

.rela.plt
 *(.rela.plt)

.text           0x0000000000004000     0xc5e6
                0x0000000000004000                . = ALIGN (0x2)
 *(.init .init.*)
 *(.init0)
 .init0         0x0000000000004000        0x0 /usr/lib/gcc/msp430/4.6.3/mmpy-16/libcrt0.a(_reset_vector__.o)
                0x0000000000004000                _reset_vector__
 *(.init1)
 .init1         0x0000000000004000        0xc /usr/lib/gcc/msp430/4.6.3/mmpy-16/libcrt0.a(__watchdog_support.o)
                0x0000000000004000                __watchdog_support
 *(.init2)
 .init2         0x000000000000400c        0x4 /usr/lib/gcc/msp430/4.6.3/mmpy-16/libcrt0.a(__init_stack.o)
                0x000000000000400c                __init_stack
 *(.init3)
 .init3         0x0000000000004010        0x0 /usr/lib/gcc/msp430/4.6.3/mmpy-16/libcrt0.a(__low_level_init.o)
                0x0000000000004010                __low_level_init
 *(.init4)
 .init4         0x0000000000004010       0x18 /usr/lib/gcc/msp430/4.6.3/mmpy-16/libcrt0.a(_copy_data.o)
                0x0000000000004010                __do_copy_data
 .init4         0x0000000000004028       0x16 /usr/lib/gcc/msp430/4.6.3/mmpy-16/libcrt0.a(_clear_bss.o)
                0x0000000000004028                __do_clear_bss
 *(.init5)
 *(.init6)
 *(.init7)
 *(.init8)
 *(.init9)
 .init9         0x000000000000403e      0x340 obj_sky/contiki-sky-main.o
                0x000000000000403e                main
 *(.fini9)
 .fini9         0x000000000000437e        0x0 /usr/lib/gcc/msp430/4.6.3/mmpy-16/libcrt0.a(__stop_progExec__.o)
                0x000000000000437e                __stop_progExec__
 *(.fini8)
 *(.fini7)
 *(.fini6)
 *(.fini5)
 *(.fini4)
 *(.fini3)
 *(.fini2)
 *(.fini1)
 *(.fini0)
 .fini0         0x000000000000437e        0x6 /usr/lib/gcc/msp430/4.6.3/mmpy-16/libcrt0.a(_endless_loop__.o)
                0x000000000000437e                _endless_loop__
 *(.fini .fini.*)
                0x0000000000004384                . = ALIGN (0x2)
                0x0000000000004384                __ctors_start = .
 *(.ctors)
                0x0000000000004384                __ctors_end = .
                0x0000000000004384                __dtors_start = .
 *(.dtors)
                0x0000000000004384                __dtors_end = .
                0x0000000000004384                . = ALIGN (0x2)
 *(.text .text.* .gnu.linkonce.t.*)
 .text          0x0000000000004384        0x4 /usr/lib/gcc/msp430/4.6.3/mmpy-16/crt0ivtbl16.o
                0x0000000000004384                __isr_14
                0x0000000000004384                __isr_11
                0x0000000000004384                __isr_2
                0x0000000000004384                __isr_7
                0x0000000000004384                __isr_0
                0x0000000000004384                __isr_8
                0x0000000000004384                __isr_3
                0x0000000000004384                __isr_12
                0x0000000000004384                __isr_13
                0x0000000000004384                __isr_9
 .text.process_thread_webserver_nogui_process
                0x0000000000004388       0x3c border-router.co
 .text.ipaddr_add
                0x00000000000043c4       0xc4 border-router.co
 .text.generate_routes
                0x0000000000004488      0x298 border-router.co
 .text.httpd_simple_get_script
                0x0000000000004720        0x6 border-router.co
                0x0000000000004720                httpd_simple_get_script
 .text.request_prefix
                0x0000000000004726       0x22 border-router.co
                0x0000000000004726                request_prefix
 .text.process_thread_border_router_process
                0x0000000000004748      0x118 border-router.co
 .text.set_prefix_64
                0x0000000000004860       0x5e border-router.co
                0x0000000000004860                set_prefix_64
 .text.init     0x00000000000048be       0x1e obj_sky/slip-bridge.o
 .text.slip_input_callback
                0x00000000000048dc       0xea obj_sky/slip-bridge.o
 .text.output   0x00000000000049c6       0x4a obj_sky/slip-bridge.o
 .text.putchar  0x0000000000004a10       0x3c obj_sky/slip-bridge.o
                0x0000000000004a10                putchar
 .text.handle_input
                0x0000000000004a4c       0xf0 obj_sky/httpd-simple.o
 .text.send_headers
                0x0000000000004b3c       0x6a obj_sky/httpd-simple.o
 .text.handle_output
                0x0000000000004ba6       0xf4 obj_sky/httpd-simple.o
 .text.httpd_appcall
                0x0000000000004c9a       0xd0 obj_sky/httpd-simple.o
                0x0000000000004c9a                httpd_appcall
 .text.httpd_init
                0x0000000000004d6a       0x12 obj_sky/httpd-simple.o
                0x0000000000004d6a                httpd_init
 .text.init_platform
                0x0000000000004d7c        0xc contiki-sky.a(contiki-sky-pla)
                0x0000000000004d7c                init_platform
 .text.status   0x0000000000004d88       0x16 contiki-sky.a(button-sensor.o)
 .text.configure
                0x0000000000004d9e       0x52 contiki-sky.a(button-sensor.o)
 .text.value    0x0000000000004df0       0x22 contiki-sky.a(button-sensor.o)
 .text.irq_p2   0x0000000000004e12       0x8a contiki-sky.a(button-sensor.o)
                0x0000000000004e12                irq_p2
                0x0000000000004e12                __isr_1
 .text.owreadb  0x0000000000004e9c       0x52 contiki-sky.a(ds2411.o)
 .text.ds2411_init
                0x0000000000004eee      0x122 contiki-sky.a(ds2411.o)
                0x0000000000004eee                ds2411_init
 .text.wait_ready
                0x0000000000005010       0x50 contiki-sky.a(xmem.o)
 .text.xmem_init
                0x0000000000005060       0x3e contiki-sky.a(xmem.o)
                0x0000000000005060                xmem_init
 .text.xmem_pread
                0x000000000000509e       0xea contiki-sky.a(xmem.o)
                0x000000000000509e                xmem_pread
 .text.node_id_restore
                0x0000000000005188       0x38 contiki-sky.a(node-id.o)
                0x0000000000005188                node_id_restore
 .text.process_thread_sensors_process
                0x00000000000051c0       0xbe contiki-sky.a(sensors.o)
 .text.sensors_changed
                0x000000000000527e       0x2a contiki-sky.a(sensors.o)
                0x000000000000527e                sensors_changed
 .text.get_object
                0x00000000000052a8        0x4 contiki-sky.a(cc2420.o)
 .text.set_object
                0x00000000000052ac        0x4 contiki-sky.a(cc2420.o)
 .text.strobe   0x00000000000052b0       0x20 contiki-sky.a(cc2420.o)
 .text.getreg   0x00000000000052d0       0x54 contiki-sky.a(cc2420.o)
 .text.setreg   0x0000000000005324       0x52 contiki-sky.a(cc2420.o)
 .text.write_ram
                0x0000000000005376       0x80 contiki-sky.a(cc2420.o)
 .text.write_fifo_buf
                0x00000000000053f6       0x40 contiki-sky.a(cc2420.o)
 .text.get_status
                0x0000000000005436       0x24 contiki-sky.a(cc2420.o)
 .text.set_txpower
                0x000000000000545a       0x26 contiki-sky.a(cc2420.o)
 .text.cc2420_receiving_packet
                0x0000000000005480        0xe contiki-sky.a(cc2420.o)
 .text.pending_packet
                0x000000000000548e        0x8 contiki-sky.a(cc2420.o)
 .text.on       0x0000000000005496       0x26 contiki-sky.a(cc2420.o)
 .text.wait_for_transmission
                0x00000000000054bc       0x22 contiki-sky.a(cc2420.o)
 .text.wait_for_status
                0x00000000000054de       0x2a contiki-sky.a(cc2420.o)
 .text.getrxdata
                0x0000000000005508       0x56 contiki-sky.a(cc2420.o)
 .text.flushrx  0x000000000000555e       0x1a contiki-sky.a(cc2420.o)
 .text.off      0x0000000000005578       0x62 contiki-sky.a(cc2420.o)
 .text.RELEASE_LOCK
                0x00000000000055da       0x28 contiki-sky.a(cc2420.o)
 .text.set_key  0x0000000000005602       0x18 contiki-sky.a(cc2420.o)
 .text.set_frame_filtering
                0x000000000000561a       0x30 contiki-sky.a(cc2420.o)
 .text.set_auto_ack
                0x000000000000564a       0x30 contiki-sky.a(cc2420.o)
 .text.set_poll_mode
                0x000000000000567a       0x36 contiki-sky.a(cc2420.o)
 .text.cc2420_prepare
                0x00000000000056b0       0x3c contiki-sky.a(cc2420.o)
 .text.cc2420_on
                0x00000000000056ec       0x22 contiki-sky.a(cc2420.o)
                0x00000000000056ec                cc2420_on
 .text.cc2420_off
                0x000000000000570e       0x30 contiki-sky.a(cc2420.o)
                0x000000000000570e                cc2420_off
 .text.cc2420_cca
                0x000000000000573e       0x5e contiki-sky.a(cc2420.o)
 .text.cc2420_read
                0x000000000000579c       0xc0 contiki-sky.a(cc2420.o)
 .text.process_thread_cc2420_process
                0x000000000000585c       0x58 contiki-sky.a(cc2420.o)
 .text.encrypt  0x00000000000058b4       0x8e contiki-sky.a(cc2420.o)
 .text.cc2420_set_channel
                0x0000000000005942       0x3c contiki-sky.a(cc2420.o)
                0x0000000000005942                cc2420_set_channel
 .text.cc2420_set_pan_addr
                0x000000000000597e       0x4c contiki-sky.a(cc2420.o)
                0x000000000000597e                cc2420_set_pan_addr
 .text.cc2420_interrupt
                0x00000000000059ca       0x18 contiki-sky.a(cc2420.o)
                0x00000000000059ca                cc2420_interrupt
 .text.cc2420_set_txpower
                0x00000000000059e2        0xe contiki-sky.a(cc2420.o)
                0x00000000000059e2                cc2420_set_txpower
 .text.cc2420_get_txpower
                0x00000000000059f0       0x1e contiki-sky.a(cc2420.o)
                0x00000000000059f0                cc2420_get_txpower
 .text.cc2420_transmit
                0x0000000000005a0e      0x114 contiki-sky.a(cc2420.o)
 .text.cc2420_send
                0x0000000000005b22       0x12 contiki-sky.a(cc2420.o)
 .text.cc2420_rssi
                0x0000000000005b34       0x4c contiki-sky.a(cc2420.o)
                0x0000000000005b34                cc2420_rssi
 .text.get_value
                0x0000000000005b80      0x108 contiki-sky.a(cc2420.o)
 .text.cc2420_set_cca_threshold
                0x0000000000005c88       0x16 contiki-sky.a(cc2420.o)
                0x0000000000005c88                cc2420_set_cca_threshold
 .text.set_value
                0x0000000000005c9e       0xba contiki-sky.a(cc2420.o)
 .text.cc2420_init
                0x0000000000005d58       0xf0 contiki-sky.a(cc2420.o)
                0x0000000000005d58                cc2420_init
 .text.cc2420_port1_interrupt
                0x0000000000005e48       0x62 contiki-sky.a(cc2420-arch.o)
                0x0000000000005e48                __isr_4
                0x0000000000005e48                cc2420_port1_interrupt
 .text.cc2420_arch_init
                0x0000000000005eaa       0x1a contiki-sky.a(cc2420-arch.o)
                0x0000000000005eaa                cc2420_arch_init
 .text.handle_rxdma_timer
                0x0000000000005ec4       0x3a contiki-sky.a(uart1.o)
 .text.uart1_active
                0x0000000000005efe       0x1a contiki-sky.a(uart1.o)
                0x0000000000005efe                uart1_active
 .text.uart1_set_input
                0x0000000000005f18       0x20 contiki-sky.a(uart1.o)
                0x0000000000005f18                uart1_set_input
 .text.uart1_writeb
                0x0000000000005f38       0x1a contiki-sky.a(uart1.o)
                0x0000000000005f38                uart1_writeb
 .text.uart1_init
                0x0000000000005f52       0xf6 contiki-sky.a(uart1.o)
                0x0000000000005f52                uart1_init
 .text.slip_arch_writeb
                0x0000000000006048        0x6 contiki-sky.a(slip_uart1.o)
                0x0000000000006048                slip_arch_writeb
 .text.slip_arch_init
                0x000000000000604e        0xa contiki-sky.a(slip_uart1.o)
                0x000000000000604e                slip_arch_init
 .text.rxbuf_init
                0x0000000000006058       0x12 contiki-sky.a(slip.o)
 .text.process_thread_slip_process
                0x000000000000606a      0x212 contiki-sky.a(slip.o)
 .text.slip_set_input_callback
                0x000000000000627c        0x6 contiki-sky.a(slip.o)
                0x000000000000627c                slip_set_input_callback
 .text.slip_send
                0x0000000000006282       0x5e contiki-sky.a(slip.o)
                0x0000000000006282                slip_send
 .text.slip_input_byte
                0x00000000000062e0       0xa4 contiki-sky.a(slip.o)
                0x00000000000062e0                slip_input_byte
 .text.msp430_init_dco
                0x0000000000006384       0x84 contiki-sky.a(msp430.o)
                0x0000000000006384                msp430_init_dco
 .text.msp430_add_lpm_req
                0x0000000000006408        0xc contiki-sky.a(msp430.o)
                0x0000000000006408                msp430_add_lpm_req
 .text.msp430_cpu_init
                0x0000000000006414       0x2a contiki-sky.a(msp430.o)
                0x0000000000006414                msp430_cpu_init
 .text.splhigh_
                0x000000000000643e        0x8 contiki-sky.a(msp430.o)
                0x000000000000643e                splhigh_
 .text.msp430_sync_dco
                0x0000000000006446       0x68 contiki-sky.a(msp430.o)
                0x0000000000006446                msp430_sync_dco
 .text.timera1  0x00000000000064ae      0x11e contiki-sky.a(clock.o)
                0x00000000000064ae                __isr_5
                0x00000000000064ae                timera1
 .text.clock_time
                0x00000000000065cc       0x1a contiki-sky.a(clock.o)
                0x00000000000065cc                clock_time
 .text.clock_init
                0x00000000000065e6       0x28 contiki-sky.a(clock.o)
                0x00000000000065e6                clock_init
 .text.clock_delay
                0x000000000000660e        0xc contiki-sky.a(clock.o)
                0x000000000000660e                clock_delay
 .text.clock_seconds
                0x000000000000661a       0x1a contiki-sky.a(clock.o)
                0x000000000000661a                clock_seconds
 .text.show_leds
                0x0000000000006634       0xf6 contiki-sky.a(leds.o)
 .text.leds_init
                0x000000000000672a        0xa contiki-sky.a(leds.o)
                0x000000000000672a                leds_init
 .text.leds_on  0x0000000000006734        0xa contiki-sky.a(leds.o)
                0x0000000000006734                leds_on
 .text.leds_off
                0x000000000000673e        0xe contiki-sky.a(leds.o)
                0x000000000000673e                leds_off
 .text.leds_arch_init
                0x000000000000674c        0xe contiki-sky.a(leds-arch.o)
                0x000000000000674c                leds_arch_init
 .text.leds_arch_set
                0x000000000000675a       0x3a contiki-sky.a(leds-arch.o)
                0x000000000000675a                leds_arch_set
 .text.watchdog_interrupt
                0x0000000000006794        0x6 contiki-sky.a(watchdog.o)
                0x0000000000006794                __isr_10
                0x0000000000006794                watchdog_interrupt
 .text.watchdog_start
                0x000000000000679a       0x14 contiki-sky.a(watchdog.o)
                0x000000000000679a                watchdog_start
 .text.watchdog_periodic
                0x00000000000067ae       0x12 contiki-sky.a(watchdog.o)
                0x00000000000067ae                watchdog_periodic
 .text.watchdog_stop
                0x00000000000067c0       0x16 contiki-sky.a(watchdog.o)
                0x00000000000067c0                watchdog_stop
 .text.watchdog_init
                0x00000000000067d6       0x14 contiki-sky.a(watchdog.o)
                0x00000000000067d6                watchdog_init
 .text.rtimer_arch_init
                0x00000000000067ea        0xe contiki-sky.a(rtimer-arch.o)
                0x00000000000067ea                rtimer_arch_init
 .text.rtimer_arch_now
                0x00000000000067f8        0xe contiki-sky.a(rtimer-arch.o)
                0x00000000000067f8                rtimer_arch_now
 .text.timera0  0x0000000000006806       0x70 contiki-sky.a(rtimer-arch.o)
                0x0000000000006806                __isr_6
                0x0000000000006806                timera0
 .text.rtimer_arch_schedule
                0x0000000000006876        0x6 contiki-sky.a(rtimer-arch.o)
                0x0000000000006876                rtimer_arch_schedule
 .text.autostart_start
                0x000000000000687c       0x16 contiki-sky.a(autostart.o)
                0x000000000000687c                autostart_start
 .text.process_thread_ctimer_process
                0x0000000000006892       0xa4 contiki-sky.a(ctimer.o)
 .text.ctimer_init
                0x0000000000006936       0x18 contiki-sky.a(ctimer.o)
                0x0000000000006936                ctimer_init
 .text.ctimer_set_with_process
                0x000000000000694e       0x4e contiki-sky.a(ctimer.o)
                0x000000000000694e                ctimer_set_with_process
 .text.ctimer_set
                0x000000000000699c       0x10 contiki-sky.a(ctimer.o)
                0x000000000000699c                ctimer_set
 .text.ctimer_reset
                0x00000000000069ac       0x30 contiki-sky.a(ctimer.o)
                0x00000000000069ac                ctimer_reset
 .text.ctimer_restart
                0x00000000000069dc       0x30 contiki-sky.a(ctimer.o)
                0x00000000000069dc                ctimer_restart
 .text.ctimer_stop
                0x0000000000006a0c       0x28 contiki-sky.a(ctimer.o)
                0x0000000000006a0c                ctimer_stop
 .text.energest_init
                0x0000000000006a34       0x28 contiki-sky.a(energest.o)
                0x0000000000006a34                energest_init
 .text.energest_type_time
                0x0000000000006a5c       0x46 contiki-sky.a(energest.o)
                0x0000000000006a5c                energest_type_time
 .text.energest_type_set
                0x0000000000006aa2        0xe contiki-sky.a(energest.o)
                0x0000000000006aa2                energest_type_set
 .text.energest_flush
                0x0000000000006ab0       0x48 contiki-sky.a(energest.o)
                0x0000000000006ab0                energest_flush
 .text.update_time
                0x0000000000006af8       0x78 contiki-sky.a(etimer.o)
 .text.etimer_request_poll
                0x0000000000006b70        0xa contiki-sky.a(etimer.o)
                0x0000000000006b70                etimer_request_poll
 .text.process_thread_etimer_process
                0x0000000000006b7a       0xc8 contiki-sky.a(etimer.o)
 .text.add_timer
                0x0000000000006c42       0x40 contiki-sky.a(etimer.o)
 .text.etimer_set
                0x0000000000006c82       0x12 contiki-sky.a(etimer.o)
                0x0000000000006c82                etimer_set
 .text.etimer_reset
                0x0000000000006c94       0x12 contiki-sky.a(etimer.o)
                0x0000000000006c94                etimer_reset
 .text.etimer_restart
                0x0000000000006ca6       0x12 contiki-sky.a(etimer.o)
                0x0000000000006ca6                etimer_restart
 .text.etimer_expired
                0x0000000000006cb8        0xe contiki-sky.a(etimer.o)
                0x0000000000006cb8                etimer_expired
 .text.etimer_expiration_time
                0x0000000000006cc6       0x14 contiki-sky.a(etimer.o)
                0x0000000000006cc6                etimer_expiration_time
 .text.etimer_pending
                0x0000000000006cda        0xc contiki-sky.a(etimer.o)
                0x0000000000006cda                etimer_pending
 .text.etimer_next_expiration_time
                0x0000000000006ce6       0x16 contiki-sky.a(etimer.o)
                0x0000000000006ce6                etimer_next_expiration_time
 .text.etimer_stop
                0x0000000000006cfc       0x3c contiki-sky.a(etimer.o)
                0x0000000000006cfc                etimer_stop
 .text.call_process
                0x0000000000006d38       0x4a contiki-sky.a(process.o)
 .text.exit_process
                0x0000000000006d82       0x96 contiki-sky.a(process.o)
 .text.do_poll  0x0000000000006e18       0x30 contiki-sky.a(process.o)
 .text.process_alloc_event
                0x0000000000006e48        0xe contiki-sky.a(process.o)
                0x0000000000006e48                process_alloc_event
 .text.process_init
                0x0000000000006e56       0x1c contiki-sky.a(process.o)
                0x0000000000006e56                process_init
 .text.process_run
                0x0000000000006e72       0x92 contiki-sky.a(process.o)
                0x0000000000006e72                process_run
 .text.process_nevents
                0x0000000000006f04        0xe contiki-sky.a(process.o)
                0x0000000000006f04                process_nevents
 .text.process_post
                0x0000000000006f12       0x4e contiki-sky.a(process.o)
                0x0000000000006f12                process_post
 .text.process_post_synch
                0x0000000000006f60       0x12 contiki-sky.a(process.o)
                0x0000000000006f60                process_post_synch
 .text.process_start
                0x0000000000006f72       0x32 contiki-sky.a(process.o)
                0x0000000000006f72                process_start
 .text.process_poll
                0x0000000000006fa4       0x18 contiki-sky.a(process.o)
                0x0000000000006fa4                process_poll
 .text.rtimer_init
                0x0000000000006fbc        0x6 contiki-sky.a(rtimer.o)
                0x0000000000006fbc                rtimer_init
 .text.rtimer_set
                0x0000000000006fc2       0x24 contiki-sky.a(rtimer.o)
                0x0000000000006fc2                rtimer_set
 .text.rtimer_run_next
                0x0000000000006fe6       0x26 contiki-sky.a(rtimer.o)
                0x0000000000006fe6                rtimer_run_next
 .text.timer_set
                0x000000000000700c       0x1c contiki-sky.a(timer.o)
                0x000000000000700c                timer_set
 .text.timer_reset
                0x0000000000007028        0xe contiki-sky.a(timer.o)
                0x0000000000007028                timer_reset
 .text.timer_restart
                0x0000000000007036       0x14 contiki-sky.a(timer.o)
                0x0000000000007036                timer_restart
 .text.timer_expired
                0x000000000000704a       0x2a contiki-sky.a(timer.o)
                0x000000000000704a                timer_expired
 .text.list_init
                0x0000000000007074        0x6 contiki-sky.a(list.o)
                0x0000000000007074                list_init
 .text.list_head
                0x000000000000707a        0x4 contiki-sky.a(list.o)
                0x000000000000707a                list_head
 .text.list_tail
                0x000000000000707e       0x12 contiki-sky.a(list.o)
                0x000000000000707e                list_tail
 .text.list_remove
                0x0000000000007090       0x34 contiki-sky.a(list.o)
                0x0000000000007090                list_remove
 .text.list_push
                0x00000000000070c4       0x1a contiki-sky.a(list.o)
                0x00000000000070c4                list_push
 .text.list_add
                0x00000000000070de       0x2a contiki-sky.a(list.o)
                0x00000000000070de                list_add
 .text.list_length
                0x0000000000007108       0x10 contiki-sky.a(list.o)
                0x0000000000007108                list_length
 .text.list_item_next
                0x0000000000007118        0xc contiki-sky.a(list.o)
                0x0000000000007118                list_item_next
 .text.memb_init
                0x0000000000007124       0x36 contiki-sky.a(memb.o)
                0x0000000000007124                memb_init
 .text.memb_alloc
                0x000000000000715a       0x3e contiki-sky.a(memb.o)
                0x000000000000715a                memb_alloc
 .text.memb_free
                0x0000000000007198       0x3a contiki-sky.a(memb.o)
                0x0000000000007198                memb_free
 .text.memb_inmemb
                0x00000000000071d2       0x2e contiki-sky.a(memb.o)
                0x00000000000071d2                memb_inmemb
 .text.memb_numfree
                0x0000000000007200       0x26 contiki-sky.a(memb.o)
                0x0000000000007200                memb_numfree
 .text.random_init
                0x0000000000007226        0x6 contiki-sky.a(random.o)
                0x0000000000007226                random_init
 .text.random_rand
                0x000000000000722c        0x6 contiki-sky.a(random.o)
                0x000000000000722c                random_rand
 .text.uip_ds6_list_loop
                0x0000000000007232       0x86 contiki-sky.a(uip-ds6.o)
                0x0000000000007232                uip_ds6_list_loop
 .text.uip_ds6_prefix_add
                0x00000000000072b8       0x80 contiki-sky.a(uip-ds6.o)
                0x00000000000072b8                uip_ds6_prefix_add
 .text.uip_ds6_is_addr_onlink
                0x0000000000007338       0x54 contiki-sky.a(uip-ds6.o)
                0x0000000000007338                uip_ds6_is_addr_onlink
 .text.uip_ds6_addr_lookup
                0x000000000000738c       0x2a contiki-sky.a(uip-ds6.o)
                0x000000000000738c                uip_ds6_addr_lookup
 .text.uip_ds6_get_link_local
                0x00000000000073b6       0x3e contiki-sky.a(uip-ds6.o)
                0x00000000000073b6                uip_ds6_get_link_local
 .text.uip_ds6_maddr_add
                0x00000000000073f4       0x4c contiki-sky.a(uip-ds6.o)
                0x00000000000073f4                uip_ds6_maddr_add
 .text.uip_ds6_addr_add
                0x0000000000007440       0xc4 contiki-sky.a(uip-ds6.o)
                0x0000000000007440                uip_ds6_addr_add
 .text.uip_ds6_maddr_lookup
                0x0000000000007504       0x2a contiki-sky.a(uip-ds6.o)
                0x0000000000007504                uip_ds6_maddr_lookup
 .text.uip_ds6_addr_rm
                0x000000000000752e       0x54 contiki-sky.a(uip-ds6.o)
                0x000000000000752e                uip_ds6_addr_rm
 .text.uip_ds6_periodic
                0x0000000000007582       0x46 contiki-sky.a(uip-ds6.o)
                0x0000000000007582                uip_ds6_periodic
 .text.uip_ds6_set_addr_iid
                0x00000000000075c8       0x14 contiki-sky.a(uip-ds6.o)
                0x00000000000075c8                uip_ds6_set_addr_iid
 .text.get_match_length
                0x00000000000075dc       0x3e contiki-sky.a(uip-ds6.o)
                0x00000000000075dc                get_match_length
 .text.uip_ds6_select_src
                0x000000000000761a       0xaa contiki-sky.a(uip-ds6.o)
                0x000000000000761a                uip_ds6_select_src
 .text.uip_ds6_compute_reachable_time
                0x00000000000076c4       0x3e contiki-sky.a(uip-ds6.o)
                0x00000000000076c4                uip_ds6_compute_reachable_time
 .text.uip_ds6_init
                0x0000000000007702      0x154 contiki-sky.a(uip-ds6.o)
                0x0000000000007702                uip_ds6_init
 .text.call_route_callback
                0x0000000000007856       0x4c contiki-sky.a(uip-ds6-route.o)
 .text.uip_ds6_route_init
                0x00000000000078a2       0x36 contiki-sky.a(uip-ds6-route.o)
                0x00000000000078a2                uip_ds6_route_init
 .text.uip_ds6_route_nexthop
                0x00000000000078d8       0x1a contiki-sky.a(uip-ds6-route.o)
                0x00000000000078d8                uip_ds6_route_nexthop
 .text.uip_ds6_route_head
                0x00000000000078f2        0xa contiki-sky.a(uip-ds6-route.o)
                0x00000000000078f2                uip_ds6_route_head
 .text.uip_ds6_route_next
                0x00000000000078fc        0xe contiki-sky.a(uip-ds6-route.o)
                0x00000000000078fc                uip_ds6_route_next
 .text.uip_ds6_route_is_nexthop
                0x000000000000790a       0x1e contiki-sky.a(uip-ds6-route.o)
                0x000000000000790a                uip_ds6_route_is_nexthop
 .text.uip_ds6_route_lookup
                0x0000000000007928       0x8c contiki-sky.a(uip-ds6-route.o)
                0x0000000000007928                uip_ds6_route_lookup
 .text.uip_ds6_route_rm
                0x00000000000079b4       0xa4 contiki-sky.a(uip-ds6-route.o)
                0x00000000000079b4                uip_ds6_route_rm
 .text.rm_routelist
                0x0000000000007a58       0x34 contiki-sky.a(uip-ds6-route.o)
 .text.rm_routelist_callback
                0x0000000000007a8c        0x6 contiki-sky.a(uip-ds6-route.o)
 .text.uip_ds6_route_add
                0x0000000000007a92      0x110 contiki-sky.a(uip-ds6-route.o)
                0x0000000000007a92                uip_ds6_route_add
 .text.uip_ds6_defrt_rm
                0x0000000000007ba2       0x48 contiki-sky.a(uip-ds6-route.o)
                0x0000000000007ba2                uip_ds6_defrt_rm
 .text.uip_ds6_defrt_lookup
                0x0000000000007bea       0x36 contiki-sky.a(uip-ds6-route.o)
                0x0000000000007bea                uip_ds6_defrt_lookup
 .text.uip_ds6_defrt_add
                0x0000000000007c20       0x74 contiki-sky.a(uip-ds6-route.o)
                0x0000000000007c20                uip_ds6_defrt_add
 .text.uip_ds6_defrt_choose
                0x0000000000007c94       0x3a contiki-sky.a(uip-ds6-route.o)
                0x0000000000007c94                uip_ds6_defrt_choose
 .text.uip_ds6_defrt_periodic
                0x0000000000007cce       0x38 contiki-sky.a(uip-ds6-route.o)
                0x0000000000007cce                uip_ds6_defrt_periodic
 .text.chksum   0x0000000000007d06       0x32 contiki-sky.a(uip6.o)
 .text.upper_layer_chksum
                0x0000000000007d38       0x56 contiki-sky.a(uip6.o)
 .text.ext_hdr_options_process
                0x0000000000007d8e       0xda contiki-sky.a(uip6.o)
 .text.uip_add32
                0x0000000000007e68       0x68 contiki-sky.a(uip6.o)
                0x0000000000007e68                uip_add32
 .text.unlikely.uip_add_rcv_nxt
                0x0000000000007ed0       0x2e contiki-sky.a(uip6.o)
 .text.uip_icmp6chksum
                0x0000000000007efe        0xa contiki-sky.a(uip6.o)
                0x0000000000007efe                uip_icmp6chksum
 .text.uip_tcpchksum
                0x0000000000007f08        0xa contiki-sky.a(uip6.o)
                0x0000000000007f08                uip_tcpchksum
 .text.uip_udpchksum
                0x0000000000007f12        0xa contiki-sky.a(uip6.o)
                0x0000000000007f12                uip_udpchksum
 .text.uip_init
                0x0000000000007f1c       0x56 contiki-sky.a(uip6.o)
                0x0000000000007f1c                uip_init
 .text.remove_ext_hdr
                0x0000000000007f72       0x56 contiki-sky.a(uip6.o)
                0x0000000000007f72                remove_ext_hdr
 .text.uip_unlisten
                0x0000000000007fc8       0x1e contiki-sky.a(uip6.o)
                0x0000000000007fc8                uip_unlisten
 .text.uip_listen
                0x0000000000007fe6       0x1e contiki-sky.a(uip6.o)
                0x0000000000007fe6                uip_listen
 .text.uip_process
                0x0000000000008004      0xe18 contiki-sky.a(uip6.o)
                0x0000000000008004                uip_process
 .text.uip_htonl
                0x0000000000008e1c       0x2e contiki-sky.a(uip6.o)
                0x0000000000008e1c                uip_htonl
 .text.uip_send
                0x0000000000008e4a       0x74 contiki-sky.a(uip6.o)
                0x0000000000008e4a                uip_send
 .text.uip_ds6_nbr_rm
                0x0000000000008ebe       0x1e contiki-sky.a(uip-ds6-nbr.o)
                0x0000000000008ebe                uip_ds6_nbr_rm
 .text.uip_ds6_neighbors_init
                0x0000000000008edc       0x12 contiki-sky.a(uip-ds6-nbr.o)
                0x0000000000008edc                uip_ds6_neighbors_init
 .text.uip_ds6_nbr_add
                0x0000000000008eee       0x3e contiki-sky.a(uip-ds6-nbr.o)
                0x0000000000008eee                uip_ds6_nbr_add
 .text.uip_ds6_nbr_get_ll
                0x0000000000008f2c        0xc contiki-sky.a(uip-ds6-nbr.o)
                0x0000000000008f2c                uip_ds6_nbr_get_ll
 .text.uip_ds6_nbr_lookup
                0x0000000000008f38       0x42 contiki-sky.a(uip-ds6-nbr.o)
                0x0000000000008f38                uip_ds6_nbr_lookup
 .text.uip_ds6_nbr_ll_lookup
                0x0000000000008f7a        0xc contiki-sky.a(uip-ds6-nbr.o)
                0x0000000000008f7a                uip_ds6_nbr_ll_lookup
 .text.uip_ds6_nbr_ipaddr_from_lladdr
                0x0000000000008f86        0x6 contiki-sky.a(uip-ds6-nbr.o)
                0x0000000000008f86                uip_ds6_nbr_ipaddr_from_lladdr
 .text.uip_ds6_nbr_lladdr_from_ipaddr
                0x0000000000008f8c       0x12 contiki-sky.a(uip-ds6-nbr.o)
                0x0000000000008f8c                uip_ds6_nbr_lladdr_from_ipaddr
 .text.uip_ds6_link_neighbor_callback
                0x0000000000008f9e       0x36 contiki-sky.a(uip-ds6-nbr.o)
                0x0000000000008f9e                uip_ds6_link_neighbor_callback
 .text.ns_input
                0x0000000000008fd4      0x266 contiki-sky.a(uip-nd6.o)
 .text.uip_nd6_init
                0x000000000000923a        0xa contiki-sky.a(uip-nd6.o)
                0x000000000000923a                uip_nd6_init
 .text.clear_fragments
                0x0000000000009244       0x42 contiki-sky.a(sicslowpan.o)
 .text.set_packet_attrs
                0x0000000000009286       0x44 contiki-sky.a(sicslowpan.o)
 .text.addr_context_lookup_by_number
                0x00000000000092ca       0x36 contiki-sky.a(sicslowpan.o)
 .text.compress_addr_64
                0x0000000000009300       0xae contiki-sky.a(sicslowpan.o)
 .text.store_fragment
                0x00000000000093ae       0xc8 contiki-sky.a(sicslowpan.o)
 .text.add_fragment
                0x0000000000009476      0x1ee contiki-sky.a(sicslowpan.o)
 .text.uncompress_addr
                0x0000000000009664       0xb4 contiki-sky.a(sicslowpan.o)
 .text.input    0x0000000000009718      0x6f0 contiki-sky.a(sicslowpan.o)
 .text.sicslowpan_init
                0x0000000000009e08       0x24 contiki-sky.a(sicslowpan.o)
                0x0000000000009e08                sicslowpan_init
 .text.addr_context_lookup_by_prefix
                0x0000000000009e2c       0x4c contiki-sky.a(sicslowpan.o)
 .text.send_packet
                0x0000000000009e78       0x1a contiki-sky.a(sicslowpan.o)
 .text.output   0x0000000000009e92      0x6d0 contiki-sky.a(sicslowpan.o)
 .text.packet_sent
                0x000000000000a562       0x22 contiki-sky.a(sicslowpan.o)
 .text.uip_debug_ipaddr_print
                0x000000000000a584       0xc6 contiki-sky.a(uip-debug.o)
                0x000000000000a584                uip_debug_ipaddr_print
 .text.psock_send
                0x000000000000a64a       0xaa contiki-sky.a(psock.o)
                0x000000000000a64a                psock_send
 .text.psock_datalen
                0x000000000000a6f4        0xc contiki-sky.a(psock.o)
                0x000000000000a6f4                psock_datalen
 .text.psock_newdata
                0x000000000000a700       0x26 contiki-sky.a(psock.o)
                0x000000000000a700                psock_newdata
 .text.psock_readto
                0x000000000000a726       0xa6 contiki-sky.a(psock.o)
                0x000000000000a726                psock_readto
 .text.psock_init
                0x000000000000a7cc       0x22 contiki-sky.a(psock.o)
                0x000000000000a7cc                psock_init
 .text.start_periodic_tcp_timer
                0x000000000000a7ee       0x16 contiki-sky.a(tcpip.o)
 .text.tcpip_output
                0x000000000000a804       0x10 contiki-sky.a(tcpip.o)
                0x000000000000a804                tcpip_output
 .text.tcpip_set_outputfunc
                0x000000000000a814        0x6 contiki-sky.a(tcpip.o)
                0x000000000000a814                tcpip_set_outputfunc
 .text.tcp_listen
                0x000000000000a81a       0x24 contiki-sky.a(tcpip.o)
                0x000000000000a81a                tcp_listen
 .text.tcp_attach
                0x000000000000a83e        0xc contiki-sky.a(tcpip.o)
                0x000000000000a83e                tcp_attach
 .text.tcpip_input
                0x000000000000a84a       0x16 contiki-sky.a(tcpip.o)
                0x000000000000a84a                tcpip_input
 .text.tcpip_ipv6_output
                0x000000000000a860       0xf2 contiki-sky.a(tcpip.o)
                0x000000000000a860                tcpip_ipv6_output
 .text.process_thread_tcpip_process
                0x000000000000a952      0x1ba contiki-sky.a(tcpip.o)
 .text.tcpip_uipcall
                0x000000000000ab0c       0x64 contiki-sky.a(tcpip.o)
                0x000000000000ab0c                tcpip_uipcall
 .text.lollipop_greater_than
                0x000000000000ab70       0x44 contiki-sky.a(rpl-dag.o)
 .text.acceptable_rank
                0x000000000000abb4       0x50 contiki-sky.a(rpl-dag.o)
 .text.find_parent_any_dag_any_instance
                0x000000000000ac04       0x14 contiki-sky.a(rpl-dag.o)
 .text.rpl_set_preferred_parent
                0x000000000000ac18       0x30 contiki-sky.a(rpl-dag.o)
 .text.set_ip_from_prefix
                0x000000000000ac48       0x38 contiki-sky.a(rpl-dag.o)
 .text.check_prefix
                0x000000000000ac80       0x80 contiki-sky.a(rpl-dag.o)
 .text.rpl_dag_init
                0x000000000000ad00        0xe contiki-sky.a(rpl-dag.o)
                0x000000000000ad00                rpl_dag_init
 .text.rpl_get_parent
                0x000000000000ad0e        0xc contiki-sky.a(rpl-dag.o)
                0x000000000000ad0e                rpl_get_parent
 .text.rpl_rank_via_parent
                0x000000000000ad1a       0x2e contiki-sky.a(rpl-dag.o)
                0x000000000000ad1a                rpl_rank_via_parent
 .text.rpl_get_parent_lladdr
                0x000000000000ad48        0xc contiki-sky.a(rpl-dag.o)
                0x000000000000ad48                rpl_get_parent_lladdr
 .text.rpl_get_parent_ipaddr
                0x000000000000ad54        0xa contiki-sky.a(rpl-dag.o)
                0x000000000000ad54                rpl_get_parent_ipaddr
 .text.rpl_get_parent_link_stats
                0x000000000000ad5e        0xa contiki-sky.a(rpl-dag.o)
                0x000000000000ad5e                rpl_get_parent_link_stats
 .text.rpl_parent_is_fresh
                0x000000000000ad68        0xa contiki-sky.a(rpl-dag.o)
                0x000000000000ad68                rpl_parent_is_fresh
 .text.best_parent
                0x000000000000ad72       0x80 contiki-sky.a(rpl-dag.o)
 .text.rpl_parent_is_reachable
                0x000000000000adf2       0x46 contiki-sky.a(rpl-dag.o)
                0x000000000000adf2                rpl_parent_is_reachable
 .text.rpl_set_prefix
                0x000000000000ae38       0x8e contiki-sky.a(rpl-dag.o)
                0x000000000000ae38                rpl_set_prefix
 .text.rpl_set_default_route
                0x000000000000aec6       0x3e contiki-sky.a(rpl-dag.o)
                0x000000000000aec6                rpl_set_default_route
 .text.rpl_alloc_instance
                0x000000000000af04       0x34 contiki-sky.a(rpl-dag.o)
                0x000000000000af04                rpl_alloc_instance
 .text.rpl_add_parent
                0x000000000000af38       0x3e contiki-sky.a(rpl-dag.o)
                0x000000000000af38                rpl_add_parent
 .text.rpl_find_parent
                0x000000000000af76       0x18 contiki-sky.a(rpl-dag.o)
                0x000000000000af76                rpl_find_parent
 .text.rpl_find_parent_any_dag
                0x000000000000af8e       0x20 contiki-sky.a(rpl-dag.o)
                0x000000000000af8e                rpl_find_parent_any_dag
 .text.rpl_select_parent
                0x000000000000afae       0x66 contiki-sky.a(rpl-dag.o)
                0x000000000000afae                rpl_select_parent
 .text.rpl_select_dag
                0x000000000000b014      0x17e contiki-sky.a(rpl-dag.o)
                0x000000000000b014                rpl_select_dag
 .text.rpl_nullify_parent
                0x000000000000b192       0x60 contiki-sky.a(rpl-dag.o)
                0x000000000000b192                rpl_nullify_parent
 .text.rpl_remove_parent
                0x000000000000b1f2       0x16 contiki-sky.a(rpl-dag.o)
                0x000000000000b1f2                rpl_remove_parent
 .text.nbr_callback
                0x000000000000b208        0x6 contiki-sky.a(rpl-dag.o)
 .text.remove_parents.constprop.3
                0x000000000000b20e       0x30 contiki-sky.a(rpl-dag.o)
 .text.rpl_free_dag
                0x000000000000b23e       0x44 contiki-sky.a(rpl-dag.o)
                0x000000000000b23e                rpl_free_dag
 .text.rpl_move_parent
                0x000000000000b282       0x68 contiki-sky.a(rpl-dag.o)
                0x000000000000b282                rpl_move_parent
 .text.rpl_get_any_dag
                0x000000000000b2ea       0x18 contiki-sky.a(rpl-dag.o)
                0x000000000000b2ea                rpl_get_any_dag
 .text.rpl_get_instance
                0x000000000000b302       0x1a contiki-sky.a(rpl-dag.o)
                0x000000000000b302                rpl_get_instance
 .text.rpl_alloc_dag
                0x000000000000b31c       0x60 contiki-sky.a(rpl-dag.o)
                0x000000000000b31c                rpl_alloc_dag
 .text.rpl_repair_root
                0x000000000000b37c       0x50 contiki-sky.a(rpl-dag.o)
                0x000000000000b37c                rpl_repair_root
 .text.rpl_find_of
                0x000000000000b3cc       0x10 contiki-sky.a(rpl-dag.o)
                0x000000000000b3cc                rpl_find_of
 .text.rpl_set_root
                0x000000000000b3dc      0x14e contiki-sky.a(rpl-dag.o)
                0x000000000000b3dc                rpl_set_root
 .text.rpl_join_instance
                0x000000000000b52a      0x158 contiki-sky.a(rpl-dag.o)
                0x000000000000b52a                rpl_join_instance
 .text.rpl_local_repair
                0x000000000000b682       0x9a contiki-sky.a(rpl-dag.o)
                0x000000000000b682                rpl_local_repair
 .text.rpl_process_parent_event
                0x000000000000b71c       0x8e contiki-sky.a(rpl-dag.o)
                0x000000000000b71c                rpl_process_parent_event
 .text.rpl_recalculate_ranks
                0x000000000000b7aa       0x46 contiki-sky.a(rpl-dag.o)
                0x000000000000b7aa                rpl_recalculate_ranks
 .text.rpl_add_dag
                0x000000000000b7f0      0x114 contiki-sky.a(rpl-dag.o)
                0x000000000000b7f0                rpl_add_dag
 .text.rpl_process_dio
                0x000000000000b904      0x332 contiki-sky.a(rpl-dag.o)
                0x000000000000b904                rpl_process_dio
 .text.handle_unicast_dio_timer
                0x000000000000bc36       0x1c contiki-sky.a(rpl-timers.o)
 .text.new_dio_interval
                0x000000000000bc52       0x92 contiki-sky.a(rpl-timers.o)
 .text.handle_periodic_timer
                0x000000000000bce4       0x50 contiki-sky.a(rpl-timers.o)
 .text.set_dao_lifetime_timer.part.0
                0x000000000000bd34       0x66 contiki-sky.a(rpl-timers.o)
 .text.schedule_dao
                0x000000000000bd9a       0x90 contiki-sky.a(rpl-timers.o)
 .text.handle_dio_timer
                0x000000000000be2a       0x88 contiki-sky.a(rpl-timers.o)
 .text.handle_dao_timer
                0x000000000000beb2       0x72 contiki-sky.a(rpl-timers.o)
 .text.rpl_reset_periodic_timer
                0x000000000000bf24       0x60 contiki-sky.a(rpl-timers.o)
                0x000000000000bf24                rpl_reset_periodic_timer
 .text.rpl_reset_dio_timer
                0x000000000000bf84       0x18 contiki-sky.a(rpl-timers.o)
                0x000000000000bf84                rpl_reset_dio_timer
 .text.rpl_schedule_dao
                0x000000000000bf9c        0xc contiki-sky.a(rpl-timers.o)
                0x000000000000bf9c                rpl_schedule_dao
 .text.rpl_schedule_unicast_dio_immediately
                0x000000000000bfa8       0x16 contiki-sky.a(rpl-timers.o)
                0x000000000000bfa8                rpl_schedule_unicast_dio_immediately
 .text.get_probing_delay
                0x000000000000bfbe       0x40 contiki-sky.a(rpl-timers.o)
                0x000000000000bfbe                get_probing_delay
 .text.get_probing_target
                0x000000000000bffe       0xf6 contiki-sky.a(rpl-timers.o)
                0x000000000000bffe                get_probing_target
 .text.rpl_schedule_probing
                0x000000000000c0f4       0x26 contiki-sky.a(rpl-timers.o)
                0x000000000000c0f4                rpl_schedule_probing
 .text.handle_probing_timer
                0x000000000000c11a       0x3c contiki-sky.a(rpl-timers.o)
 .text.update_hbh_header
                0x000000000000c156       0xcc contiki-sky.a(rpl-ext-header.)
 .text.insert_hbh_header
                0x000000000000c222       0x9c contiki-sky.a(rpl-ext-header.)
 .text.rpl_verify_hbh_header
                0x000000000000c2be      0x104 contiki-sky.a(rpl-ext-header.)
                0x000000000000c2be                rpl_verify_hbh_header
 .text.rpl_remove_header
                0x000000000000c3c2       0x7a contiki-sky.a(rpl-ext-header.)
                0x000000000000c3c2                rpl_remove_header
 .text.rpl_update_header
                0x000000000000c43c       0x58 contiki-sky.a(rpl-ext-header.)
                0x000000000000c43c                rpl_update_header
 .text.rpl_get_mode
                0x000000000000c494        0x6 contiki-sky.a(rpl.o)
                0x000000000000c494                rpl_get_mode
 .text.rpl_purge_routes
                0x000000000000c49a       0x94 contiki-sky.a(rpl.o)
                0x000000000000c49a                rpl_purge_routes
 .text.rpl_remove_routes
                0x000000000000c52e       0x22 contiki-sky.a(rpl.o)
                0x000000000000c52e                rpl_remove_routes
 .text.rpl_remove_routes_by_nexthop
                0x000000000000c550       0x46 contiki-sky.a(rpl.o)
                0x000000000000c550                rpl_remove_routes_by_nexthop
 .text.rpl_add_route
                0x000000000000c596       0x52 contiki-sky.a(rpl.o)
                0x000000000000c596                rpl_add_route
 .text.rpl_link_neighbor_callback
                0x000000000000c5e8       0x4c contiki-sky.a(rpl.o)
                0x000000000000c5e8                rpl_link_neighbor_callback
 .text.rpl_ipv6_neighbor_callback
                0x000000000000c634       0x1e contiki-sky.a(rpl.o)
                0x000000000000c634                rpl_ipv6_neighbor_callback
 .text.rpl_purge_dags
                0x000000000000c652       0x6e contiki-sky.a(rpl.o)
                0x000000000000c652                rpl_purge_dags
 .text.rpl_init
                0x000000000000c6c0       0x44 contiki-sky.a(rpl.o)
                0x000000000000c6c0                rpl_init
 .text.reset    0x000000000000c704        0x2 contiki-sky.a(rpl-mrhof.o)
 .text.update_metric_container
                0x000000000000c706        0x6 contiki-sky.a(rpl-mrhof.o)
 .text.parent_link_metric
                0x000000000000c70c       0x10 contiki-sky.a(rpl-mrhof.o)
 .text.parent_has_usable_link
                0x000000000000c71c       0x14 contiki-sky.a(rpl-mrhof.o)
 .text.best_dag
                0x000000000000c730       0x34 contiki-sky.a(rpl-mrhof.o)
 .text.parent_path_cost
                0x000000000000c764       0x44 contiki-sky.a(rpl-mrhof.o)
 .text.parent_is_acceptable
                0x000000000000c7a8       0x2a contiki-sky.a(rpl-mrhof.o)
 .text.best_parent
                0x000000000000c7d2       0x88 contiki-sky.a(rpl-mrhof.o)
 .text.rank_via_parent
                0x000000000000c85a       0x56 contiki-sky.a(rpl-mrhof.o)
 .text.prepare_for_dao_fwd
                0x000000000000c8b0       0x28 contiki-sky.a(rpl-icmp6.o)
 .text.get32    0x000000000000c8d8       0x46 contiki-sky.a(rpl-icmp6.o)
 .text.set32    0x000000000000c91e       0x2a contiki-sky.a(rpl-icmp6.o)
 .text.get16    0x000000000000c948        0xe contiki-sky.a(rpl-icmp6.o)
 .text.set16    0x000000000000c956       0x10 contiki-sky.a(rpl-icmp6.o)
 .text.dao_ack_input
                0x000000000000c966        0xa contiki-sky.a(rpl-icmp6.o)
 .text.dio_input
                0x000000000000c970      0x2aa contiki-sky.a(rpl-icmp6.o)
 .text.rpl_icmp6_update_nbr_table
                0x000000000000cc1a       0x30 contiki-sky.a(rpl-icmp6.o)
                0x000000000000cc1a                rpl_icmp6_update_nbr_table
 .text.dao_input
                0x000000000000cc4a      0x28e contiki-sky.a(rpl-icmp6.o)
 .text.dis_output
                0x000000000000ced8       0x50 contiki-sky.a(rpl-icmp6.o)
                0x000000000000ced8                dis_output
 .text.dio_output
                0x000000000000cf28      0x276 contiki-sky.a(rpl-icmp6.o)
                0x000000000000cf28                dio_output
 .text.dis_input
                0x000000000000d19e       0x3e contiki-sky.a(rpl-icmp6.o)
 .text.dao_output_target
                0x000000000000d1dc      0x114 contiki-sky.a(rpl-icmp6.o)
                0x000000000000d1dc                dao_output_target
 .text.dao_output
                0x000000000000d2f0       0xb2 contiki-sky.a(rpl-icmp6.o)
                0x000000000000d2f0                dao_output
 .text.rpl_icmp6_register_handlers
                0x000000000000d3a2       0x22 contiki-sky.a(rpl-icmp6.o)
                0x000000000000d3a2                rpl_icmp6_register_handlers
 .text.parse    0x000000000000d3c4       0xa6 contiki-sky.a(framer-802154.o)
 .text.create_frame.isra.0
                0x000000000000d46a      0x118 contiki-sky.a(framer-802154.o)
 .text.create   0x000000000000d582        0x8 contiki-sky.a(framer-802154.o)
 .text.hdr_length
                0x000000000000d58a        0x8 contiki-sky.a(framer-802154.o)
 .text.input_packet
                0x000000000000d592        0x6 contiki-sky.a(csma.o)
 .text.on       0x000000000000d598        0x6 contiki-sky.a(csma.o)
 .text.off      0x000000000000d59e        0x6 contiki-sky.a(csma.o)
 .text.channel_check_interval
                0x000000000000d5a4       0x10 contiki-sky.a(csma.o)
 .text.transmit_packet_list
                0x000000000000d5b4       0x24 contiki-sky.a(csma.o)
 .text.schedule_transmission
                0x000000000000d5d8       0x96 contiki-sky.a(csma.o)
 .text.send_packet
                0x000000000000d66e      0x164 contiki-sky.a(csma.o)
 .text.init     0x000000000000d7d2       0x1a contiki-sky.a(csma.o)
 .text.tx_done  0x000000000000d7ec       0x9a contiki-sky.a(csma.o)
 .text.packet_sent
                0x000000000000d886       0xd2 contiki-sky.a(csma.o)
 .text.queuebuf_init
                0x000000000000d958       0x12 contiki-sky.a(queuebuf.o)
                0x000000000000d958                queuebuf_init
 .text.queuebuf_numfree
                0x000000000000d96a        0xa contiki-sky.a(queuebuf.o)
                0x000000000000d96a                queuebuf_numfree
 .text.queuebuf_new_from_packetbuf
                0x000000000000d974       0x52 contiki-sky.a(queuebuf.o)
                0x000000000000d974                queuebuf_new_from_packetbuf
 .text.queuebuf_update_attr_from_packetbuf
                0x000000000000d9c6       0x12 contiki-sky.a(queuebuf.o)
                0x000000000000d9c6                queuebuf_update_attr_from_packetbuf
 .text.queuebuf_update_from_packetbuf
                0x000000000000d9d8       0x22 contiki-sky.a(queuebuf.o)
                0x000000000000d9d8                queuebuf_update_from_packetbuf
 .text.queuebuf_free
                0x000000000000d9fa       0x2a contiki-sky.a(queuebuf.o)
                0x000000000000d9fa                queuebuf_free
 .text.queuebuf_to_packetbuf
                0x000000000000da24       0x32 contiki-sky.a(queuebuf.o)
                0x000000000000da24                queuebuf_to_packetbuf
 .text.queuebuf_attr
                0x000000000000da56        0xe contiki-sky.a(queuebuf.o)
                0x000000000000da56                queuebuf_attr
 .text.index_from_key
                0x000000000000da64       0x48 contiki-sky.a(nbr-table.o)
 .text.item_from_key
                0x000000000000daac       0x34 contiki-sky.a(nbr-table.o)
 .text.nbr_set_bit
                0x000000000000dae0       0x8e contiki-sky.a(nbr-table.o)
 .text.index_from_lladdr
                0x000000000000db6e       0x42 contiki-sky.a(nbr-table.o)
 .text.nbr_get_bit.constprop.0
                0x000000000000dbb0       0x62 contiki-sky.a(nbr-table.o)
 .text.remove_key
                0x000000000000dc12       0x60 contiki-sky.a(nbr-table.o)
 .text.nbr_table_register
                0x000000000000dc72       0x28 contiki-sky.a(nbr-table.o)
                0x000000000000dc72                nbr_table_register
 .text.nbr_table_next
                0x000000000000dc9a       0x90 contiki-sky.a(nbr-table.o)
                0x000000000000dc9a                nbr_table_next
 .text.nbr_table_head
                0x000000000000dd2a       0x36 contiki-sky.a(nbr-table.o)
                0x000000000000dd2a                nbr_table_head
 .text.nbr_table_add_lladdr
                0x000000000000dd60      0x136 contiki-sky.a(nbr-table.o)
                0x000000000000dd60                nbr_table_add_lladdr
 .text.nbr_table_get_from_lladdr
                0x000000000000de96       0x48 contiki-sky.a(nbr-table.o)
                0x000000000000de96                nbr_table_get_from_lladdr
 .text.nbr_table_remove
                0x000000000000dede       0x32 contiki-sky.a(nbr-table.o)
                0x000000000000dede                nbr_table_remove
 .text.nbr_table_lock
                0x000000000000df10       0x10 contiki-sky.a(nbr-table.o)
                0x000000000000df10                nbr_table_lock
 .text.nbr_table_unlock
                0x000000000000df20       0x10 contiki-sky.a(nbr-table.o)
                0x000000000000df20                nbr_table_unlock
 .text.nbr_table_get_lladdr
                0x000000000000df30       0x5a contiki-sky.a(nbr-table.o)
                0x000000000000df30                nbr_table_get_lladdr
 .text.nbr_table_update_lladdr
                0x000000000000df8a       0x68 contiki-sky.a(nbr-table.o)
                0x000000000000df8a                nbr_table_update_lladdr
 .text.packetbuf_hdrreduce
                0x000000000000dff2       0x1a contiki-sky.a(packetbuf.o)
                0x000000000000dff2                packetbuf_hdrreduce
 .text.packetbuf_set_datalen
                0x000000000000e00c        0x6 contiki-sky.a(packetbuf.o)
                0x000000000000e00c                packetbuf_set_datalen
 .text.packetbuf_hdrptr
                0x000000000000e012        0x6 contiki-sky.a(packetbuf.o)
                0x000000000000e012                packetbuf_hdrptr
 .text.packetbuf_datalen
                0x000000000000e018        0x6 contiki-sky.a(packetbuf.o)
                0x000000000000e018                packetbuf_datalen
 .text.packetbuf_hdrlen
                0x000000000000e01e        0xa contiki-sky.a(packetbuf.o)
                0x000000000000e01e                packetbuf_hdrlen
 .text.packetbuf_dataptr
                0x000000000000e028        0xc contiki-sky.a(packetbuf.o)
                0x000000000000e028                packetbuf_dataptr
 .text.packetbuf_copyto
                0x000000000000e034       0x46 contiki-sky.a(packetbuf.o)
                0x000000000000e034                packetbuf_copyto
 .text.packetbuf_totlen
                0x000000000000e07a        0xc contiki-sky.a(packetbuf.o)
                0x000000000000e07a                packetbuf_totlen
 .text.packetbuf_hdralloc
                0x000000000000e086       0x3a contiki-sky.a(packetbuf.o)
                0x000000000000e086                packetbuf_hdralloc
 .text.packetbuf_attr_clear
                0x000000000000e0c0       0x28 contiki-sky.a(packetbuf.o)
                0x000000000000e0c0                packetbuf_attr_clear
 .text.packetbuf_clear
                0x000000000000e0e8       0x12 contiki-sky.a(packetbuf.o)
                0x000000000000e0e8                packetbuf_clear
 .text.packetbuf_copyfrom
                0x000000000000e0fa       0x2e contiki-sky.a(packetbuf.o)
                0x000000000000e0fa                packetbuf_copyfrom
 .text.packetbuf_attr_copyto
                0x000000000000e128       0x22 contiki-sky.a(packetbuf.o)
                0x000000000000e128                packetbuf_attr_copyto
 .text.packetbuf_attr_copyfrom
                0x000000000000e14a       0x24 contiki-sky.a(packetbuf.o)
                0x000000000000e14a                packetbuf_attr_copyfrom
 .text.packetbuf_holds_broadcast
                0x000000000000e16e        0xe contiki-sky.a(packetbuf.o)
                0x000000000000e16e                packetbuf_holds_broadcast
 .text.linkaddr_copy
                0x000000000000e17c        0x8 contiki-sky.a(linkaddr.o)
                0x000000000000e17c                linkaddr_copy
 .text.linkaddr_cmp
                0x000000000000e184       0x12 contiki-sky.a(linkaddr.o)
                0x000000000000e184                linkaddr_cmp
 .text.linkaddr_set_node_addr
                0x000000000000e196        0xc contiki-sky.a(linkaddr.o)
                0x000000000000e196                linkaddr_set_node_addr
 .text.periodic
                0x000000000000e1a2       0x28 contiki-sky.a(link-stats.o)
 .text.link_stats_from_lladdr
                0x000000000000e1ca        0xc contiki-sky.a(link-stats.o)
                0x000000000000e1ca                link_stats_from_lladdr
 .text.link_stats_is_fresh
                0x000000000000e1d6       0x30 contiki-sky.a(link-stats.o)
                0x000000000000e1d6                link_stats_is_fresh
 .text.link_stats_packet_sent
                0x000000000000e206       0xda contiki-sky.a(link-stats.o)
                0x000000000000e206                link_stats_packet_sent
 .text.link_stats_input_callback
                0x000000000000e2e0       0xbc contiki-sky.a(link-stats.o)
                0x000000000000e2e0                link_stats_input_callback
 .text.link_stats_init
                0x000000000000e39c       0x22 contiki-sky.a(link-stats.o)
                0x000000000000e39c                link_stats_init
 .text.duty_cycle
                0x000000000000e3be        0x6 contiki-sky.a(contikimac.o)
 .text.init     0x000000000000e3c4       0x2a contiki-sky.a(contikimac.o)
 .text.on       0x000000000000e3ee       0x1a contiki-sky.a(contikimac.o)
 .text.off      0x000000000000e408       0x22 contiki-sky.a(contikimac.o)
 .text.recv_burst_off
                0x000000000000e42a        0xa contiki-sky.a(contikimac.o)
 .text.turn_off
                0x000000000000e434       0x20 contiki-sky.a(contikimac.o)
 .text.turn_on  0x000000000000e454       0x30 contiki-sky.a(contikimac.o)
 .text.schedule_powercycle_fixed.part.4
                0x000000000000e484       0x32 contiki-sky.a(contikimac.o)
 .text.powercycle_turn_radio_off
                0x000000000000e4b6       0x30 contiki-sky.a(contikimac.o)
 .text.powercycle_wrapper
                0x000000000000e4e6      0x1c2 contiki-sky.a(contikimac.o)
 .text.input_packet
                0x000000000000e6a8       0xb2 contiki-sky.a(contikimac.o)
 .text.send_packet.isra.8
                0x000000000000e75a      0x1ec contiki-sky.a(contikimac.o)
 .text.qsend_list
                0x000000000000e946       0xd2 contiki-sky.a(contikimac.o)
 .text.qsend_packet
                0x000000000000ea18       0x28 contiki-sky.a(contikimac.o)
 .text.init     0x000000000000ea40        0x2 contiki-sky.a(nullsec.o)
 .text.send     0x000000000000ea42        0xa contiki-sky.a(nullsec.o)
 .text.input    0x000000000000ea4c        0x6 contiki-sky.a(nullsec.o)
 .text.spi_init
                0x000000000000ea52       0x32 contiki-sky.a(spi.o)
                0x000000000000ea52                spi_init
 .text.stimer_set
                0x000000000000ea84       0x1c contiki-sky.a(stimer.o)
                0x000000000000ea84                stimer_set
 .text.stimer_expired
                0x000000000000eaa0       0x30 contiki-sky.a(stimer.o)
                0x000000000000eaa0                stimer_expired
 .text.compower_accumulate
                0x000000000000ead0       0x72 contiki-sky.a(compower.o)
                0x000000000000ead0                compower_accumulate
 .text.compower_clear
                0x000000000000eb42       0x12 contiki-sky.a(compower.o)
                0x000000000000eb42                compower_clear
 .text.compower_attrconv
                0x000000000000eb54       0x10 contiki-sky.a(compower.o)
                0x000000000000eb54                compower_attrconv
 .text.echo_reply_input
                0x000000000000eb64       0xb2 contiki-sky.a(uip-icmp6.o)
 .text.echo_request_input
                0x000000000000ec16       0xca contiki-sky.a(uip-icmp6.o)
 .text.uip_icmp6_input
                0x000000000000ece0       0x44 contiki-sky.a(uip-icmp6.o)
                0x000000000000ece0                uip_icmp6_input
 .text.uip_icmp6_register_input_handler
                0x000000000000ed24        0xc contiki-sky.a(uip-icmp6.o)
                0x000000000000ed24                uip_icmp6_register_input_handler
 .text.uip_icmp6_error_output
                0x000000000000ed30      0x17c contiki-sky.a(uip-icmp6.o)
                0x000000000000ed30                uip_icmp6_error_output
 .text.uip_icmp6_send
                0x000000000000eeac       0x96 contiki-sky.a(uip-icmp6.o)
                0x000000000000eeac                uip_icmp6_send
 .text.uip_icmp6_init
                0x000000000000ef42       0x12 contiki-sky.a(uip-icmp6.o)
                0x000000000000ef42                uip_icmp6_init
 .text.update_nbr
                0x000000000000ef54       0xe8 contiki-sky.a(rpl-nbr-policy.)
 .text.handle_periodic_timer
                0x000000000000f03c        0xe contiki-sky.a(rpl-nbr-policy.)
 .text.find_removable_dis
                0x000000000000f04a       0x14 contiki-sky.a(rpl-nbr-policy.)
                0x000000000000f04a                find_removable_dis
 .text.find_removable_dio
                0x000000000000f05e       0x3e contiki-sky.a(rpl-nbr-policy.)
                0x000000000000f05e                find_removable_dio
 .text.find_removable_dao
                0x000000000000f09c       0x30 contiki-sky.a(rpl-nbr-policy.)
                0x000000000000f09c                find_removable_dao
 .text.rpl_nbr_policy_find_removable
                0x000000000000f0cc       0x30 contiki-sky.a(rpl-nbr-policy.)
                0x000000000000f0cc                rpl_nbr_policy_find_removable
 .text.mac_sequence_is_duplicate
                0x000000000000f0fc       0x6e contiki-sky.a(mac-sequence.o)
                0x000000000000f0fc                mac_sequence_is_duplicate
 .text.mac_sequence_register_seqno
                0x000000000000f16a       0x88 contiki-sky.a(mac-sequence.o)
                0x000000000000f16a                mac_sequence_register_seqno
 .text.frame802154_get_pan_id
                0x000000000000f1f2        0x6 contiki-sky.a(frame802154.o)
                0x000000000000f1f2                frame802154_get_pan_id
 .text.frame802154_has_panid
                0x000000000000f1f8       0xdc contiki-sky.a(frame802154.o)
                0x000000000000f1f8                frame802154_has_panid
 .text.field_len
                0x000000000000f2d4       0xb2 contiki-sky.a(frame802154.o)
 .text.frame802154_is_broadcast_addr
                0x000000000000f386       0x24 contiki-sky.a(frame802154.o)
                0x000000000000f386                frame802154_is_broadcast_addr
 .text.frame802154_hdrlen
                0x000000000000f3aa       0x32 contiki-sky.a(frame802154.o)
                0x000000000000f3aa                frame802154_hdrlen
 .text.frame802154_create
                0x000000000000f3dc      0x16a contiki-sky.a(frame802154.o)
                0x000000000000f3dc                frame802154_create
 .text.frame802154_parse
                0x000000000000f546      0x226 contiki-sky.a(frame802154.o)
                0x000000000000f546                frame802154_parse
 .text.mac_call_sent_callback
                0x000000000000f76c       0x14 contiki-sky.a(mac.o)
                0x000000000000f76c                mac_call_sent_callback
 .text.libgcc   0x000000000000f780       0x2c /usr/lib/gcc/msp430/4.6.3/mmpy-16/libgcc.a(_mulsi3.o)
                0x000000000000f780                __mulsi3
 .text.libgcc   0x000000000000f7ac       0x22 /usr/lib/gcc/msp430/4.6.3/mmpy-16/libgcc.a(_udivmod16.o)
                0x000000000000f7ac                __udivhi3
                0x000000000000f7ac                __ext_udivmod16
                0x000000000000f7c6                __umodhi3
 .text.libgcc   0x000000000000f7ce       0x3a /usr/lib/gcc/msp430/4.6.3/mmpy-16/libgcc.a(_divmod16.o)
                0x000000000000f7ce                __ext_divmod16
                0x000000000000f7ce                __divhi3
                0x000000000000f800                __modhi3
 .text.libgcc   0x000000000000f808       0x40 /usr/lib/gcc/msp430/4.6.3/mmpy-16/libgcc.a(_udivmod32.o)
                0x000000000000f808                __udivsi3
                0x000000000000f808                __ext_udivmod32
                0x000000000000f83e                __umodsi3
 .text.libgcc   0x000000000000f848       0x4c /usr/lib/gcc/msp430/4.6.3/mmpy-16/libgcc.a(_divmod32.o)
                0x000000000000f848                __ext_divmod32
                0x000000000000f848                __divsi3
                0x000000000000f88a                __modsi3
 .text          0x000000000000f894       0x28 /usr/lib/gcc/msp430/4.6.3/../../../../msp430/lib/mmpy-16/libc.a(strncmp.o)
                0x000000000000f894                strncmp
 .text          0x000000000000f8bc       0x20 /usr/lib/gcc/msp430/4.6.3/../../../../msp430/lib/mmpy-16/libc.a(memcmp.o)
                0x000000000000f8bc                memcmp
 .text          0x000000000000f8dc       0x2a /usr/lib/gcc/msp430/4.6.3/../../../../msp430/lib/mmpy-16/libc.a(strncpy.o)
                0x000000000000f8dc                strncpy
 .text          0x000000000000f906       0xfa /usr/lib/gcc/msp430/4.6.3/../../../../msp430/lib/mmpy-16/libc.a(memcpy.o)
                0x000000000000f906                memcpy
 .text          0x000000000000fa00       0xfa /usr/lib/gcc/msp430/4.6.3/../../../../msp430/lib/mmpy-16/libc.a(memmove.o)
                0x000000000000fa00                memmove
 .text          0x000000000000fafa       0x6a /usr/lib/gcc/msp430/4.6.3/../../../../msp430/lib/mmpy-16/libc.a(memset.o)
                0x000000000000fafa                memset
 .text          0x000000000000fb64       0x1e /usr/lib/gcc/msp430/4.6.3/../../../../msp430/lib/mmpy-16/libc.a(printf.o)
                0x000000000000fb64                printf
                0x000000000000fb74                vprintf
 .text          0x000000000000fb82       0xbc /usr/lib/gcc/msp430/4.6.3/../../../../msp430/lib/mmpy-16/libc.a(sprintf.o)
                0x000000000000fbe0                sprintf
                0x000000000000fbfc                snprintf
                0x000000000000fc16                vsprintf
                0x000000000000fc2c                vsnprintf
 .text          0x000000000000fc3e      0x836 /usr/lib/gcc/msp430/4.6.3/../../../../msp430/lib/mmpy-16/libc.a(vuprintf.o)
                0x000000000000fdd6                vuprintf
 .text          0x0000000000010474       0x2c /usr/lib/gcc/msp430/4.6.3/../../../../msp430/lib/mmpy-16/libc.a(puts.o)
                0x0000000000010474                puts
 .text          0x00000000000104a0       0x54 /usr/lib/gcc/msp430/4.6.3/../../../../msp430/lib/mmpy-16/libc.a(rand.o)
                0x00000000000104a0                rand_r
                0x00000000000104c4                rand
                0x00000000000104ea                srand
 .text.libgcc   0x00000000000104f4       0xf0 /usr/lib/gcc/msp430/4.6.3/mmpy-16/libgcc.a(_udivmod64.o)
                0x00000000000104f4                __xabi_udivmod64
                0x0000000000010552                __udivdi3
                0x0000000000010578                __umoddi3
                0x00000000000105a6                __udivmoddi4
 .text.crt0     0x00000000000105e4        0x2 /usr/lib/gcc/msp430/4.6.3/mmpy-16/libcrt0.a(_unexpected_.o)
                0x00000000000105e4                _unexpected_
                0x00000000000105e6                . = ALIGN (0x2)

.rodata         0x00000000000105e6      0x55e
                0x00000000000105e6                . = ALIGN (0x2)
 *(.rodata .rodata.* .gnu.linkonce.r.*)
 .rodata        0x00000000000105e6       0xc8 border-router.co
                0x0000000000010686                autostart_processes
 .rodata        0x00000000000106ae       0xa6 obj_sky/slip-bridge.o
                0x0000000000010750                rpl_interface
 .rodata        0x0000000000010754      0x139 obj_sky/httpd-simple.o
                0x00000000000107ad                http_index_html
                0x00000000000107b9                http_get
                0x00000000000107be                http_header_404
                0x000000000001081b                http_header_200
                0x0000000000010871                http_content_type_html
 .rodata        0x000000000001088d      0x120 obj_sky/contiki-sky-main.o
 *fill*         0x00000000000109ad        0x1 00
 .rodata        0x00000000000109ae       0x10 contiki-sky.a(button-sensor.o)
                0x00000000000109b6                button_sensor
 .rodata        0x00000000000109be        0x8 contiki-sky.a(sensors.o)
 .rodata        0x00000000000109c6       0x70 contiki-sky.a(cc2420.o)
                0x00000000000109f8                cc2420_aes_128_driver
                0x00000000000109fc                cc2420_driver
 .rodata        0x0000000000010a36       0x21 contiki-sky.a(slip.o)
 .rodata        0x0000000000010a57        0xf contiki-sky.a(ctimer.o)
 .rodata        0x0000000000010a66        0xc contiki-sky.a(etimer.o)
 .rodata        0x0000000000010a72       0x20 contiki-sky.a(uip6.o)
 .rodata        0x0000000000010a92       0x24 contiki-sky.a(sicslowpan.o)
                0x0000000000010a9e                sicslowpan_driver
                0x0000000000010aa4                llprefix
                0x0000000000010aa6                unc_mxconf
                0x0000000000010aaa                unc_ctxconf
                0x0000000000010aae                unc_llconf
 .rodata        0x0000000000010ab6       0x28 contiki-sky.a(uip-debug.o)
 .rodata        0x0000000000010ade        0xd contiki-sky.a(tcpip.o)
 *fill*         0x0000000000010aeb        0x1 00
 .rodata        0x0000000000010aec        0x6 contiki-sky.a(framer-802154.o)
                0x0000000000010aec                framer_802154
 .rodata        0x0000000000010af2       0x14 contiki-sky.a(csma.o)
                0x0000000000010af8                csma_driver
 .rodata        0x0000000000010b06        0x8 contiki-sky.a(linkaddr.o)
                0x0000000000010b06                linkaddr_null
 .rodata        0x0000000000010b0e       0x1c contiki-sky.a(contikimac.o)
                0x0000000000010b1a                contikimac_driver
 .rodata        0x0000000000010b2a       0x10 contiki-sky.a(nullsec.o)
                0x0000000000010b32                nullsec_driver
 .rodata        0x0000000000010b3a        0x2 contiki-sky.a(frame802154.o)
 .rodata        0x0000000000010b3c        0x7 /usr/lib/gcc/msp430/4.6.3/../../../../msp430/lib/mmpy-16/libc.a(vuprintf.o)
                0x0000000000010b44                . = ALIGN (0x2)
 *fill*         0x0000000000010b43        0x1 00
                0x0000000000010b44                _etext = .

.data           0x0000000000001100      0x112 load address 0x0000000000010b44
                0x0000000000001100                . = ALIGN (0x2)
                0x0000000000001100                PROVIDE (__data_start, .)
 *(.data .data.* .gnu.linkonce.d.*)
 .data          0x0000000000001100       0x14 border-router.co
                0x0000000000001100                webserver_nogui_process
                0x000000000000110a                border_router_process
 .data          0x0000000000001114        0x8 obj_sky/httpd-simple.o
 .data          0x000000000000111c        0x4 contiki-sky.a(contiki-sky-pla)
                0x000000000000111c                sensors
 .data          0x0000000000001120        0xa contiki-sky.a(sensors.o)
                0x0000000000001120                sensors_process
 .data          0x000000000000112a        0xc contiki-sky.a(cc2420.o)
                0x000000000000112a                cc2420_process
 .data          0x0000000000001136        0xa contiki-sky.a(slip.o)
                0x0000000000001136                slip_process
 .data          0x0000000000001140        0x2 contiki-sky.a(msp430.o)
 .data          0x0000000000001142        0xa contiki-sky.a(ctimer.o)
                0x0000000000001142                ctimer_process
 .data          0x000000000000114c        0xa contiki-sky.a(etimer.o)
                0x000000000000114c                etimer_process
 .data          0x0000000000001156       0x22 contiki-sky.a(uip-ds6-route.o)
                0x0000000000001156                nbr_routes
 .data          0x0000000000001178        0xa contiki-sky.a(uip-ds6-nbr.o)
                0x0000000000001178                ds6_neighbors
 .data          0x0000000000001182        0x6 contiki-sky.a(uip-nd6.o)
 .data          0x0000000000001188        0xa contiki-sky.a(tcpip.o)
                0x0000000000001188                tcpip_process
 .data          0x0000000000001192        0xa contiki-sky.a(rpl-dag.o)
                0x0000000000001192                rpl_parents
 .data          0x000000000000119c       0x12 contiki-sky.a(rpl-mrhof.o)
                0x000000000000119c                rpl_mrhof
 .data          0x00000000000011ae       0x1a contiki-sky.a(rpl-icmp6.o)
 .data          0x00000000000011c8       0x18 contiki-sky.a(csma.o)
 .data          0x00000000000011e0       0x10 contiki-sky.a(queuebuf.o)
 .data          0x00000000000011f0        0x8 contiki-sky.a(nbr-table.o)
 .data          0x00000000000011f8        0x8 contiki-sky.a(link-stats.o)
 .data          0x0000000000001200        0xc contiki-sky.a(uip-icmp6.o)
 .data          0x000000000000120c        0x2 contiki-sky.a(frame802154.o)
 .data          0x000000000000120e        0x4 /usr/lib/gcc/msp430/4.6.3/../../../../msp430/lib/mmpy-16/libc.a(rand.o)
                0x0000000000001212                . = ALIGN (0x2)
                0x0000000000001212                _edata = .
                0x0000000000010b44                PROVIDE (__data_load_start, LOADADDR (.data))
                0x0000000000000112                PROVIDE (__data_size, SIZEOF (.data))

.bss            0x0000000000001212     0x2204 load address 0x0000000000010c56
                0x0000000000001212                PROVIDE (__bss_start, .)
 *(.bss .bss.*)
 .bss           0x0000000000001212      0x124 border-router.co
 .bss           0x0000000000001336       0x12 obj_sky/slip-bridge.o
 .bss           0x0000000000001348       0xae obj_sky/httpd-simple.o
 .bss           0x00000000000013f6        0xc obj_sky/contiki-sky-main.o
 .bss           0x0000000000001402        0x8 contiki-sky.a(button-sensor.o)
 .bss           0x000000000000140a        0x2 contiki-sky.a(node-id.o)
                0x000000000000140a                node_id
 .bss           0x000000000000140c        0x6 contiki-sky.a(sensors.o)
 .bss           0x0000000000001412        0xa contiki-sky.a(cc2420.o)
 .bss           0x000000000000141c       0x9a contiki-sky.a(uart1.o)
 .bss           0x00000000000014b6      0x10a contiki-sky.a(slip.o)
 .bss           0x00000000000015c0        0xa contiki-sky.a(clock.o)
 .bss           0x00000000000015ca        0x1 contiki-sky.a(leds.o)
 *fill*         0x00000000000015cb        0x1 00
 .bss           0x00000000000015cc        0x2 contiki-sky.a(watchdog.o)
 .bss           0x00000000000015ce        0x4 contiki-sky.a(ctimer.o)
 .bss           0x00000000000015d2        0x6 contiki-sky.a(etimer.o)
 .bss           0x00000000000015d8       0x38 contiki-sky.a(process.o)
                0x00000000000015d8                process_current
                0x00000000000015da                process_list
 .bss           0x0000000000001610        0x2 contiki-sky.a(rtimer.o)
 .bss           0x0000000000001612       0x18 contiki-sky.a(uip-ds6.o)
 .bss           0x000000000000162a      0x772 contiki-sky.a(uip-ds6-route.o)
 .bss           0x0000000000001d9c        0xc contiki-sky.a(uip6.o)
                0x0000000000001d9c                uip_ext_opt_offset
                0x0000000000001d9e                uip_ext_len
                0x0000000000001da0                uip_ext_bitmap
 .bss           0x0000000000001da8       0x48 contiki-sky.a(uip-ds6-nbr.o)
 .bss           0x0000000000001df0        0x8 contiki-sky.a(uip-nd6.o)
 .bss           0x0000000000001df8      0x6e6 contiki-sky.a(sicslowpan.o)
 .bss           0x00000000000024de       0x30 contiki-sky.a(tcpip.o)
 .bss           0x000000000000250e       0x18 contiki-sky.a(rpl-dag.o)
 .bss           0x0000000000002526       0x18 contiki-sky.a(rpl-timers.o)
 .bss           0x000000000000253e        0x2 contiki-sky.a(rpl.o)
 .bss           0x0000000000002540        0x2 contiki-sky.a(framer-802154.o)
 .bss           0x0000000000002542       0xc0 contiki-sky.a(csma.o)
 .bss           0x0000000000002602      0x5a0 contiki-sky.a(queuebuf.o)
 .bss           0x0000000000002ba2       0x48 contiki-sky.a(nbr-table.o)
 .bss           0x0000000000002bea       0x86 contiki-sky.a(packetbuf.o)
 .bss           0x0000000000002c70       0x28 contiki-sky.a(link-stats.o)
 .bss           0x0000000000002c98       0x32 contiki-sky.a(contikimac.o)
 .bss           0x0000000000002cca        0x8 contiki-sky.a(compower.o)
 .bss           0x0000000000002cd2       0x14 contiki-sky.a(uip-icmp6.o)
 .bss           0x0000000000002ce6       0x20 contiki-sky.a(rpl-nbr-policy.)
 .bss           0x0000000000002d06       0xe0 contiki-sky.a(mac-sequence.o)
 .bss           0x0000000000002de6        0x4 /usr/lib/gcc/msp430/4.6.3/../../../../msp430/lib/mmpy-16/libc.a(sprintf.o)
 *(COMMON)
 COMMON         0x0000000000002dea        0x2 contiki-sky.a(contiki-sky-pla)
                0x0000000000002dea                sensors_flags
 COMMON         0x0000000000002dec        0x8 contiki-sky.a(ds2411.o)
                0x0000000000002dec                ds2411_id
 COMMON         0x0000000000002df4        0x1 contiki-sky.a(sensors.o)
                0x0000000000002df4                sensors_event
 *fill*         0x0000000000002df5        0x1 00
 COMMON         0x0000000000002df6       0x10 contiki-sky.a(cc2420.o)
                0x0000000000002df6                cc2420_last_rssi
                0x0000000000002df8                cc2420_sfd_start_time
                0x0000000000002dfa                cc2420_time_of_departure
                0x0000000000002dfc                cc2420_time_of_arrival
                0x0000000000002dfe                cc2420_last_correlation
                0x0000000000002e00                cc2420_authority_level_of_sender
                0x0000000000002e02                cc2420_sfd_counter
                0x0000000000002e04                cc2420_sfd_end_time
 COMMON         0x0000000000002e06        0x1 contiki-sky.a(slip.o)
                0x0000000000002e06                slip_active
 *fill*         0x0000000000002e07        0x1 00
 COMMON         0x0000000000002e08        0x2 contiki-sky.a(msp430.o)
                0x0000000000002e08                msp430_dco_required
 COMMON         0x0000000000002e0a       0x56 contiki-sky.a(energest.o)
                0x0000000000002e0a                energest_total_time
                0x0000000000002e3a                energest_total_count
                0x0000000000002e3c                energest_current_mode
                0x0000000000002e48                energest_current_time
 COMMON         0x0000000000002e60        0x1 contiki-sky.a(process.o)