Archive member included because of file (symbol)

contiki-sky.a(contiki-sky-pla)
                              obj_sky/contiki-sky-main.o (init_platform)
contiki-sky.a(button-sensor.o)
                              contiki-sky.a(contiki-sky-pla) (button_sensor)
contiki-sky.a(ds2411.o)       obj_sky/contiki-sky-main.o (ds2411_init)
contiki-sky.a(xmem.o)         obj_sky/contiki-sky-main.o (xmem_init)
contiki-sky.a(node-id.o)      obj_sky/contiki-sky-main.o (node_id_restore)
contiki-sky.a(sensors.o)      contiki-sky.a(button-sensor.o) (sensors_changed)
contiki-sky.a(cc2420.o)       obj_sky/contiki-sky-main.o (cc2420_set_pan_addr)
contiki-sky.a(cc2420-arch.o)  contiki-sky.a(cc2420.o) (cc2420_arch_init)
contiki-sky.a(uart1.o)        obj_sky/contiki-sky-main.o (uart1_active)
contiki-sky.a(uart1-putchar.o)
                              obj_sky/contiki-sky-main.o (putchar)
contiki-sky.a(msp430.o)       contiki-sky.a(uart1.o) (msp430_add_lpm_req)
contiki-sky.a(clock.o)        obj_sky/contiki-sky-main.o (clock_init)
contiki-sky.a(leds.o)         obj_sky/contiki-sky-main.o (leds_init)
contiki-sky.a(leds-arch.o)    contiki-sky.a(leds.o) (leds_arch_init)
contiki-sky.a(watchdog.o)     obj_sky/contiki-sky-main.o (watchdog_start)
contiki-sky.a(rtimer-arch.o)  obj_sky/contiki-sky-main.o (rtimer_arch_now)
contiki-sky.a(autostart.o)    obj_sky/contiki-sky-main.o (autostart_start)
contiki-sky.a(ctimer.o)       obj_sky/contiki-sky-main.o (ctimer_init)
contiki-sky.a(energest.o)     obj_sky/contiki-sky-main.o (energest_init)
contiki-sky.a(etimer.o)       contiki-sky.a(clock.o) (etimer_request_poll)
contiki-sky.a(process.o)      contiki-sky.a(ctimer.o) (process_current)
contiki-sky.a(rtimer.o)       obj_sky/contiki-sky-main.o (rtimer_init)
contiki-sky.a(timer.o)        obj_sky/contiki-sky-main.o (timer_set)
contiki-sky.a(list.o)         contiki-sky.a(ctimer.o) (list_init)
contiki-sky.a(random.o)       obj_sky/contiki-sky-main.o (random_init)
contiki-sky.a(uip-ds6.o)      obj_sky/contiki-sky-main.o (uip_ds6_get_link_local)
contiki-sky.a(uip-ds6-route.o)
                              contiki-sky.a(uip-ds6.o) (uip_ds6_route_init)
contiki-sky.a(uip6.o)         obj_sky/contiki-sky-main.o (uip_lladdr)
contiki-sky.a(uip-ds6-nbr.o)  contiki-sky.a(uip-ds6.o) (uip_ds6_neighbors_init)
contiki-sky.a(uip-nd6.o)      contiki-sky.a(uip6.o) (uip_nd6_init)
contiki-sky.a(sicslowpan.o)   obj_sky/contiki-sky-main.o (sicslowpan_driver)
contiki-sky.a(uip-debug.o)    contiki-sky.a(uip-ds6-route.o) (uip_debug_ipaddr_print)
contiki-sky.a(tcpip.o)        contiki-sky.a(sicslowpan.o) (tcpip_set_outputfunc)
contiki-sky.a(simple-udp.o)   broadcast-example.co (simple_udp_sendto)
contiki-sky.a(rpl-dag.o)      contiki-sky.a(tcpip.o) (rpl_repair_root)
contiki-sky.a(rpl-timers.o)   contiki-sky.a(rpl-dag.o) (rpl_reset_dio_timer)
contiki-sky.a(rpl-ext-header.)
                              contiki-sky.a(uip6.o) (rpl_verify_hbh_header)
contiki-sky.a(rpl.o)          contiki-sky.a(rpl-timers.o) (rpl_get_mode)
contiki-sky.a(rpl-mrhof.o)    contiki-sky.a(rpl-dag.o) (rpl_mrhof)
contiki-sky.a(rpl-icmp6.o)    contiki-sky.a(rpl-dag.o) (rpl_icmp6_update_nbr_table)
contiki-sky.a(framer-802154.o)
                              contiki-sky.a(sicslowpan.o) (framer_802154)
contiki-sky.a(csma.o)         obj_sky/contiki-sky-main.o (csma_driver)
contiki-sky.a(queuebuf.o)     obj_sky/contiki-sky-main.o (queuebuf_init)
contiki-sky.a(nbr-table.o)    contiki-sky.a(uip-ds6-route.o) (nbr_table_register)
contiki-sky.a(packetbuf.o)    contiki-sky.a(framer-802154.o) (packetbuf_hdrreduce)
contiki-sky.a(linkaddr.o)     obj_sky/contiki-sky-main.o (linkaddr_copy)
contiki-sky.a(link-stats.o)   contiki-sky.a(rpl-dag.o) (link_stats_from_lladdr)
contiki-sky.a(contikimac.o)   obj_sky/contiki-sky-main.o (contikimac_driver)
contiki-sky.a(nullsec.o)      obj_sky/contiki-sky-main.o (nullsec_driver)
contiki-sky.a(spi.o)          contiki-sky.a(xmem.o) (spi_init)
contiki-sky.a(stimer.o)       contiki-sky.a(uip-ds6.o) (stimer_set)
contiki-sky.a(compower.o)     contiki-sky.a(contikimac.o) (compower_accumulate)
contiki-sky.a(memb.o)         contiki-sky.a(uip-ds6-route.o) (memb_init)
contiki-sky.a(uip-icmp6.o)    contiki-sky.a(uip6.o) (uip_icmp6_input)
contiki-sky.a(uip-udp-packet.)
                              contiki-sky.a(simple-udp.o) (uip_udp_packet_sendto)
contiki-sky.a(rpl-nbr-policy.)
                              contiki-sky.a(nbr-table.o) (rpl_nbr_policy_find_removable)
contiki-sky.a(mac-sequence.o)
                              contiki-sky.a(contikimac.o) (mac_sequence_is_duplicate)
contiki-sky.a(frame802154.o)  contiki-sky.a(framer-802154.o) (frame802154_get_pan_id)
contiki-sky.a(mac.o)          contiki-sky.a(csma.o) (mac_call_sent_callback)
/usr/lib/gcc/msp430/4.6.3/mmpy-16/libgcc.a(_mulsi3.o)
                              contiki-sky.a(rpl-timers.o) (__mulsi3)
/usr/lib/gcc/msp430/4.6.3/mmpy-16/libgcc.a(_udivmod16.o)
                              contiki-sky.a(rpl-dag.o) (__udivhi3)
[...]
Memory Configuration

Name             Origin             Length             Attributes
sfr              0x0000000000000000 0x0000000000000010
peripheral_8bit  0x0000000000000010 0x00000000000000f0
peripheral_16bit 0x0000000000000100 0x0000000000000100
ram_mirror       0x0000000000000200 0x0000000000000800 xw
infomem          0x0000000000001000 0x0000000000000100
infob            0x0000000000001000 0x0000000000000080
infoa            0x0000000000001080 0x0000000000000080
ram              0x0000000000001100 0x0000000000002800 xw
rom              0x0000000000004000 0x000000000000bfe0 xr
vectors          0x000000000000ffe0 0x0000000000000020
bsl              0x0000000000000000 0x0000000000000000
infoc            0x0000000000000000 0x0000000000000000
infod            0x0000000000000000 0x0000000000000000
ram2             0x0000000000000000 0x0000000000000000 xw
usbram           0x0000000000000000 0x0000000000000000 xw
far_rom          0x0000000000000000 0x0000000000000000
*default*        0x0000000000000000 0xffffffffffffffff

Linker script and memory map

LOAD /usr/lib/gcc/msp430/4.6.3/mmpy-16/crt0ivtbl16.o
LOAD broadcast-example.co
LOAD obj_sky/contiki-sky-main.o
LOAD contiki-sky.a
LOAD /usr/lib/gcc/msp430/4.6.3/mmpy-16/libgcc.a
LOAD /usr/lib/gcc/msp430/4.6.3/../../../../msp430/lib/mmpy-16/libc.a
LOAD /usr/lib/gcc/msp430/4.6.3/mmpy-16/libgcc.a
LOAD /usr/lib/gcc/msp430/4.6.3/mmpy-16/libcrt0.a
                0x0000000000000080                PROVIDE (__info_segment_size, 0x80)
                0x0000000000001000                PROVIDE (__infob, 0x1000)
                0x0000000000001080                PROVIDE (__infoa, 0x1080)
                0x0000000000000000                __IE1 = 0x0
                0x0000000000000002                __IFG1 = 0x2
                0x0000000000000004                __ME1 = 0x4
                0x0000000000000001                __IE2 = 0x1
                0x0000000000000003                __IFG2 = 0x3
                0x0000000000000005                __ME2 = 0x5
                0x0000000000000120                __WDTCTL = 0x120
                0x0000000000000130                __MPY = 0x130
                0x0000000000000132                __MPYS = 0x132
                0x0000000000000134                __MAC = 0x134
                0x0000000000000136                __MACS = 0x136
                0x0000000000000138                __OP2 = 0x138
                0x000000000000013a                __RESLO = 0x13a
                0x000000000000013c                __RESHI = 0x13c
                0x000000000000013e                __SUMEXT = 0x13e
                0x0000000000000020                __P1IN = 0x20
                0x0000000000000021                __P1OUT = 0x21
                0x0000000000000022                __P1DIR = 0x22
                0x0000000000000023                __P1IFG = 0x23
                0x0000000000000024                __P1IES = 0x24
                0x0000000000000025                __P1IE = 0x25
                0x0000000000000026                __P1SEL = 0x26
                0x0000000000000028                __P2IN = 0x28
                0x0000000000000029                __P2OUT = 0x29
                0x000000000000002a                __P2DIR = 0x2a
                0x000000000000002b                __P2IFG = 0x2b
                0x000000000000002c                __P2IES = 0x2c
                0x000000000000002d                __P2IE = 0x2d
                0x000000000000002e                __P2SEL = 0x2e
                0x0000000000000018                __P3IN = 0x18
                0x0000000000000019                __P3OUT = 0x19
                0x000000000000001a                __P3DIR = 0x1a
                0x000000000000001b                __P3SEL = 0x1b
                0x000000000000001c                __P4IN = 0x1c
                0x000000000000001d                __P4OUT = 0x1d
                0x000000000000001e                __P4DIR = 0x1e
                0x000000000000001f                __P4SEL = 0x1f
                0x0000000000000030                __P5IN = 0x30
                0x0000000000000031                __P5OUT = 0x31
                0x0000000000000032                __P5DIR = 0x32
                0x0000000000000033                __P5SEL = 0x33
                0x0000000000000034                __P6IN = 0x34
                0x0000000000000035                __P6OUT = 0x35
                0x0000000000000036                __P6DIR = 0x36
                0x0000000000000037                __P6SEL = 0x37
                0x0000000000000070                __U0CTL = 0x70
                0x0000000000000071                __U0TCTL = 0x71
                0x0000000000000072                __U0RCTL = 0x72
                0x0000000000000073                __U0MCTL = 0x73
                0x0000000000000074                __U0BR0 = 0x74
                0x0000000000000075                __U0BR1 = 0x75
                0x0000000000000076                __U0RXBUF = 0x76
                0x0000000000000077                __U0TXBUF = 0x77
                0x0000000000000078                __U1CTL = 0x78
                0x0000000000000079                __U1TCTL = 0x79
                0x000000000000007a                __U1RCTL = 0x7a
                0x000000000000007b                __U1MCTL = 0x7b
                0x000000000000007c                __U1BR0 = 0x7c
                0x000000000000007d                __U1BR1 = 0x7d
                0x000000000000007e                __U1RXBUF = 0x7e
                0x000000000000007f                __U1TXBUF = 0x7f
                0x0000000000000050                __I2CIE = 0x50
                0x0000000000000051                __I2CIFG = 0x51
                0x0000000000000052                __I2CNDAT = 0x52
                0x0000000000000071                __I2CTCTL = 0x71
                0x0000000000000072                __I2CDCTL = 0x72
                0x0000000000000073                __I2CPSC = 0x73
                0x0000000000000074                __I2CSCLH = 0x74
                0x0000000000000075                __I2CSCLL = 0x75
                0x0000000000000076                __I2CDRB = 0x76
                0x0000000000000076                __I2CDRW = 0x76
                0x0000000000000118                __I2COA = 0x118
                0x000000000000011a                __I2CSA = 0x11a
                0x000000000000011c                __I2CIV = 0x11c
                0x000000000000012e                __TAIV = 0x12e
                0x0000000000000160                __TACTL = 0x160
                0x0000000000000162                __TACCTL0 = 0x162
                0x0000000000000164                __TACCTL1 = 0x164
                0x0000000000000166                __TACCTL2 = 0x166
                0x0000000000000170                __TAR = 0x170
                0x0000000000000172                __TACCR0 = 0x172
                0x0000000000000174                __TACCR1 = 0x174
                0x0000000000000176                __TACCR2 = 0x176
                0x000000000000011e                __TBIV = 0x11e
                0x0000000000000180                __TBCTL = 0x180
                0x0000000000000182                __TBCCTL0 = 0x182
                0x0000000000000184                __TBCCTL1 = 0x184
                0x0000000000000186                __TBCCTL2 = 0x186
                0x0000000000000188                __TBCCTL3 = 0x188
                0x000000000000018a                __TBCCTL4 = 0x18a
                0x000000000000018c                __TBCCTL5 = 0x18c
                0x000000000000018e                __TBCCTL6 = 0x18e
                0x0000000000000190                __TBR = 0x190
                0x0000000000000192                __TBCCR0 = 0x192
                0x0000000000000194                __TBCCR1 = 0x194
                0x0000000000000196                __TBCCR2 = 0x196
                0x0000000000000198                __TBCCR3 = 0x198
                0x000000000000019a                __TBCCR4 = 0x19a
                0x000000000000019c                __TBCCR5 = 0x19c
                0x000000000000019e                __TBCCR6 = 0x19e
                0x0000000000000056                __DCOCTL = 0x56
                0x0000000000000057                __BCSCTL1 = 0x57
                0x0000000000000058                __BCSCTL2 = 0x58
                0x0000000000000055                __SVSCTL = 0x55
                0x0000000000000128                __FCTL1 = 0x128
                0x000000000000012a                __FCTL2 = 0x12a
                0x000000000000012c                __FCTL3 = 0x12c
                0x0000000000000059                __CACTL1 = 0x59
                0x000000000000005a                __CACTL2 = 0x5a
                0x000000000000005b                __CAPD = 0x5b
                0x00000000000001a0                __ADC12CTL0 = 0x1a0
                0x00000000000001a2                __ADC12CTL1 = 0x1a2
                0x00000000000001a4                __ADC12IFG = 0x1a4
                0x00000000000001a6                __ADC12IE = 0x1a6
                0x00000000000001a8                __ADC12IV = 0x1a8
                0x0000000000000140                __ADC12MEM0 = 0x140
                0x0000000000000142                __ADC12MEM1 = 0x142
                0x0000000000000144                __ADC12MEM2 = 0x144
                0x0000000000000146                __ADC12MEM3 = 0x146
                0x0000000000000148                __ADC12MEM4 = 0x148
                0x000000000000014a                __ADC12MEM5 = 0x14a
                0x000000000000014c                __ADC12MEM6 = 0x14c
                0x000000000000014e                __ADC12MEM7 = 0x14e
                0x0000000000000150                __ADC12MEM8 = 0x150
                0x0000000000000152                __ADC12MEM9 = 0x152
                0x0000000000000154                __ADC12MEM10 = 0x154
                0x0000000000000156                __ADC12MEM11 = 0x156
                0x0000000000000158                __ADC12MEM12 = 0x158
                0x000000000000015a                __ADC12MEM13 = 0x15a
                0x000000000000015c                __ADC12MEM14 = 0x15c
                0x000000000000015e                __ADC12MEM15 = 0x15e
                0x0000000000000080                __ADC12MCTL0 = 0x80
                0x0000000000000081                __ADC12MCTL1 = 0x81
                0x0000000000000082                __ADC12MCTL2 = 0x82
                0x0000000000000083                __ADC12MCTL3 = 0x83
                0x0000000000000084                __ADC12MCTL4 = 0x84
                0x0000000000000085                __ADC12MCTL5 = 0x85
                0x0000000000000086                __ADC12MCTL6 = 0x86
                0x0000000000000087                __ADC12MCTL7 = 0x87
                0x0000000000000088                __ADC12MCTL8 = 0x88
                0x0000000000000089                __ADC12MCTL9 = 0x89
                0x000000000000008a                __ADC12MCTL10 = 0x8a
                0x000000000000008b                __ADC12MCTL11 = 0x8b
                0x000000000000008c                __ADC12MCTL12 = 0x8c
                0x000000000000008d                __ADC12MCTL13 = 0x8d
                0x000000000000008e                __ADC12MCTL14 = 0x8e
                0x000000000000008f                __ADC12MCTL15 = 0x8f
                0x00000000000001c0                __DAC12_0CTL = 0x1c0
                0x00000000000001c2                __DAC12_1CTL = 0x1c2
                0x00000000000001c8                __DAC12_0DAT = 0x1c8
                0x00000000000001ca                __DAC12_1DAT = 0x1ca
                0x0000000000000122                __DMACTL0 = 0x122
                0x0000000000000124                __DMACTL1 = 0x124
                0x00000000000001e0                __DMA0CTL = 0x1e0
                0x00000000000001e8                __DMA1CTL = 0x1e8
                0x00000000000001f0                __DMA2CTL = 0x1f0
                0x00000000000001e2                __DMA0SA = 0x1e2
                0x00000000000001e4                __DMA0DA = 0x1e4
                0x00000000000001e6                __DMA0SZ = 0x1e6
                0x00000000000001ea                __DMA1SA = 0x1ea
                0x00000000000001ec                __DMA1DA = 0x1ec
                0x00000000000001ee                __DMA1SZ = 0x1ee
                0x00000000000001f2                __DMA2SA = 0x1f2
                0x00000000000001f4                __DMA2DA = 0x1f4
                0x00000000000001f6                __DMA2SZ = 0x1f6

.hash
 *(.hash)

.dynsym
 *(.dynsym)

.dynstr
 *(.dynstr)

.gnu.version
 *(.gnu.version)

.gnu.version_d
 *(.gnu.version_d)

.gnu.version_r
 *(.gnu.version_r)

.rel.init
 *(.rel.init)

.rela.init
 *(.rela.init)

.rel.fini
 *(.rel.fini)

.rela.fini
 *(.rela.fini)

.rel.text
 *(.rel.text .rel.text.* .rel.gnu.linkonce.t.*)

.rela.text
 *(.rela.text .rela.text.* .rela.gnu.linkonce.t.*)

.rel.rodata
 *(.rel.rodata .rel.rodata.* .rel.gnu.linkonce.r.*)

.rela.rodata
 *(.rela.rodata .rela.rodata.* .rela.gnu.linkonce.r.*)

.rel.data
 *(.rel.data .rel.data.* .rel.gnu.linkonce.d.*)

.rela.data
 *(.rela.data .rela.data.* .rela.gnu.linkonce.d.*)

.rel.bss
 *(.rel.bss .rel.bss.* .rel.gnu.linkonce.b.*)

.rela.bss
 *(.rela.bss .rela.bss.* .rela.gnu.linkonce.b.*)

.rel.ctors
 *(.rel.ctors)

.rela.ctors
 *(.rela.ctors)

.rel.dtors
 *(.rel.dtors)

.rela.dtors
 *(.rela.dtors)

.rel.got
 *(.rel.got)

.rela.got
 *(.rela.got)

.rel.plt
 *(.rel.plt)

.rela.plt
 *(.rela.plt)

.text           0x0000000000004000     0xb73c
                0x0000000000004000                . = ALIGN (0x2)
 *(.init .init.*)
 *(.init0)
 .init0         0x0000000000004000        0x0 /usr/lib/gcc/msp430/4.6.3/mmpy-16/libcrt0.a(_reset_vector__.o)
                0x0000000000004000                _reset_vector__
 *(.init1)
 .init1         0x0000000000004000        0xc /usr/lib/gcc/msp430/4.6.3/mmpy-16/libcrt0.a(__watchdog_support.o)
                0x0000000000004000                __watchdog_support
 *(.init2)
 .init2         0x000000000000400c        0x4 /usr/lib/gcc/msp430/4.6.3/mmpy-16/libcrt0.a(__init_stack.o)
                0x000000000000400c                __init_stack
 *(.init3)
 .init3         0x0000000000004010        0x0 /usr/lib/gcc/msp430/4.6.3/mmpy-16/libcrt0.a(__low_level_init.o)
                0x0000000000004010                __low_level_init
 *(.init4)
 .init4         0x0000000000004010       0x18 /usr/lib/gcc/msp430/4.6.3/mmpy-16/libcrt0.a(_copy_data.o)
                0x0000000000004010                __do_copy_data
 .init4         0x0000000000004028       0x16 /usr/lib/gcc/msp430/4.6.3/mmpy-16/libcrt0.a(_clear_bss.o)
                0x0000000000004028                __do_clear_bss
 *(.init5)
 *(.init6)
 *(.init7)
 *(.init8)
 *(.init9)
 .init9         0x000000000000403e      0x340 obj_sky/contiki-sky-main.o
                0x000000000000403e                main
 *(.fini9)
 .fini9         0x000000000000437e        0x0 /usr/lib/gcc/msp430/4.6.3/mmpy-16/libcrt0.a(__stop_progExec__.o)
                0x000000000000437e                __stop_progExec__
 *(.fini8)
 *(.fini7)
 *(.fini6)
 *(.fini5)
 *(.fini4)
 *(.fini3)
 *(.fini2)
 *(.fini1)
 *(.fini0)
 .fini0         0x000000000000437e        0x6 /usr/lib/gcc/msp430/4.6.3/mmpy-16/libcrt0.a(_endless_loop__.o)
                0x000000000000437e                _endless_loop__
 *(.fini .fini.*)
                0x0000000000004384                . = ALIGN (0x2)
                0x0000000000004384                __ctors_start = .
 *(.ctors)
                0x0000000000004384                __ctors_end = .
                0x0000000000004384                __dtors_start = .
 *(.dtors)
                0x0000000000004384                __dtors_end = .
                0x0000000000004384                . = ALIGN (0x2)
 *(.text .text.* .gnu.linkonce.t.*)
 .text          0x0000000000004384        0x4 /usr/lib/gcc/msp430/4.6.3/mmpy-16/crt0ivtbl16.o
                0x0000000000004384                __isr_14
                0x0000000000004384                __isr_11
                0x0000000000004384                __isr_2
                0x0000000000004384                __isr_7
                0x0000000000004384                __isr_0
                0x0000000000004384                __isr_8
                0x0000000000004384                __isr_3
                0x0000000000004384                __isr_12
                0x0000000000004384                __isr_13
                0x0000000000004384                __isr_9
 .text.process_thread_broadcast_example_process
                0x0000000000004388       0xda broadcast-example.co
 .text.receiver
                0x0000000000004462       0x16 broadcast-example.co
 .text.init_platform
                0x0000000000004478        0xc contiki-sky.a(contiki-sky-pla)
                0x0000000000004478                init_platform
 .text.status   0x0000000000004484       0x16 contiki-sky.a(button-sensor.o)
 .text.configure
                0x000000000000449a       0x52 contiki-sky.a(button-sensor.o)
 .text.value    0x00000000000044ec       0x22 contiki-sky.a(button-sensor.o)
 .text.irq_p2   0x000000000000450e       0x8a contiki-sky.a(button-sensor.o)
                0x000000000000450e                irq_p2
                0x000000000000450e                __isr_1
 .text.owreadb  0x0000000000004598       0x52 contiki-sky.a(ds2411.o)
 .text.ds2411_init
                0x00000000000045ea      0x122 contiki-sky.a(ds2411.o)
                0x00000000000045ea                ds2411_init
 .text.wait_ready
                0x000000000000470c       0x50 contiki-sky.a(xmem.o)
 .text.xmem_init
                0x000000000000475c       0x3e contiki-sky.a(xmem.o)
                0x000000000000475c                xmem_init
 .text.xmem_pread
                0x000000000000479a       0xea contiki-sky.a(xmem.o)
                0x000000000000479a                xmem_pread
 .text.node_id_restore
                0x0000000000004884       0x38 contiki-sky.a(node-id.o)
                0x0000000000004884                node_id_restore
 .text.process_thread_sensors_process
                0x00000000000048bc       0xbe contiki-sky.a(sensors.o)
 .text.sensors_changed
                0x000000000000497a       0x2a contiki-sky.a(sensors.o)
                0x000000000000497a                sensors_changed
 .text.get_object
                0x00000000000049a4        0x4 contiki-sky.a(cc2420.o)
 .text.set_object
                0x00000000000049a8        0x4 contiki-sky.a(cc2420.o)
 .text.strobe   0x00000000000049ac       0x20 contiki-sky.a(cc2420.o)
 .text.getreg   0x00000000000049cc       0x54 contiki-sky.a(cc2420.o)
 .text.setreg   0x0000000000004a20       0x52 contiki-sky.a(cc2420.o)
 .text.write_ram
                0x0000000000004a72       0x80 contiki-sky.a(cc2420.o)
 .text.write_fifo_buf
                0x0000000000004af2       0x40 contiki-sky.a(cc2420.o)
 .text.get_status
                0x0000000000004b32       0x24 contiki-sky.a(cc2420.o)
 .text.set_txpower
                0x0000000000004b56       0x26 contiki-sky.a(cc2420.o)
 .text.cc2420_receiving_packet
                0x0000000000004b7c        0xe contiki-sky.a(cc2420.o)
 .text.pending_packet
                0x0000000000004b8a        0x8 contiki-sky.a(cc2420.o)
 .text.on       0x0000000000004b92       0x26 contiki-sky.a(cc2420.o)
 .text.wait_for_transmission
                0x0000000000004bb8       0x22 contiki-sky.a(cc2420.o)
 .text.wait_for_status
                0x0000000000004bda       0x2a contiki-sky.a(cc2420.o)
 .text.getrxdata
                0x0000000000004c04       0x56 contiki-sky.a(cc2420.o)
 .text.flushrx  0x0000000000004c5a       0x1a contiki-sky.a(cc2420.o)
 .text.off      0x0000000000004c74       0x62 contiki-sky.a(cc2420.o)
 .text.RELEASE_LOCK
                0x0000000000004cd6       0x28 contiki-sky.a(cc2420.o)
 .text.set_key  0x0000000000004cfe       0x18 contiki-sky.a(cc2420.o)
 .text.set_frame_filtering
                0x0000000000004d16       0x30 contiki-sky.a(cc2420.o)
 .text.set_auto_ack
                0x0000000000004d46       0x30 contiki-sky.a(cc2420.o)
 .text.set_poll_mode
                0x0000000000004d76       0x36 contiki-sky.a(cc2420.o)
 .text.cc2420_prepare
                0x0000000000004dac       0x3c contiki-sky.a(cc2420.o)
 .text.cc2420_on
                0x0000000000004de8       0x22 contiki-sky.a(cc2420.o)
                0x0000000000004de8                cc2420_on
 .text.cc2420_off
                0x0000000000004e0a       0x30 contiki-sky.a(cc2420.o)
                0x0000000000004e0a                cc2420_off
 .text.cc2420_cca
                0x0000000000004e3a       0x5e contiki-sky.a(cc2420.o)
 .text.cc2420_read
                0x0000000000004e98       0xc0 contiki-sky.a(cc2420.o)
 .text.process_thread_cc2420_process
                0x0000000000004f58       0x58 contiki-sky.a(cc2420.o)
 .text.encrypt  0x0000000000004fb0       0x8e contiki-sky.a(cc2420.o)
 .text.cc2420_set_channel
                0x000000000000503e       0x3c contiki-sky.a(cc2420.o)
                0x000000000000503e                cc2420_set_channel
 .text.cc2420_set_pan_addr
                0x000000000000507a       0x4c contiki-sky.a(cc2420.o)
                0x000000000000507a                cc2420_set_pan_addr
 .text.cc2420_interrupt
                0x00000000000050c6       0x18 contiki-sky.a(cc2420.o)
                0x00000000000050c6                cc2420_interrupt
 .text.cc2420_set_txpower
                0x00000000000050de        0xe contiki-sky.a(cc2420.o)
                0x00000000000050de                cc2420_set_txpower
 .text.cc2420_get_txpower
                0x00000000000050ec       0x1e contiki-sky.a(cc2420.o)
                0x00000000000050ec                cc2420_get_txpower
 .text.cc2420_transmit
                0x000000000000510a      0x114 contiki-sky.a(cc2420.o)
 .text.cc2420_send
                0x000000000000521e       0x12 contiki-sky.a(cc2420.o)
 .text.cc2420_rssi
                0x0000000000005230       0x4c contiki-sky.a(cc2420.o)
                0x0000000000005230                cc2420_rssi
 .text.get_value
                0x000000000000527c      0x108 contiki-sky.a(cc2420.o)
 .text.cc2420_set_cca_threshold
                0x0000000000005384       0x16 contiki-sky.a(cc2420.o)
                0x0000000000005384                cc2420_set_cca_threshold
 .text.set_value
                0x000000000000539a       0xba contiki-sky.a(cc2420.o)
 .text.cc2420_init
                0x0000000000005454       0xf0 contiki-sky.a(cc2420.o)
                0x0000000000005454                cc2420_init
 .text.cc2420_port1_interrupt
                0x0000000000005544       0x62 contiki-sky.a(cc2420-arch.o)
                0x0000000000005544                __isr_4
                0x0000000000005544                cc2420_port1_interrupt
 .text.cc2420_arch_init
                0x00000000000055a6       0x1a contiki-sky.a(cc2420-arch.o)
                0x00000000000055a6                cc2420_arch_init
 .text.uart1_active
                0x00000000000055c0       0x1a contiki-sky.a(uart1.o)
                0x00000000000055c0                uart1_active
 .text.uart1_writeb
                0x00000000000055da       0x1a contiki-sky.a(uart1.o)
                0x00000000000055da                uart1_writeb
 .text.uart1_init
                0x00000000000055f4       0xf6 contiki-sky.a(uart1.o)
                0x00000000000055f4                uart1_init
 .text.putchar  0x00000000000056ea       0x10 contiki-sky.a(uart1-putchar.o)
                0x00000000000056ea                putchar
 .text.msp430_init_dco
                0x00000000000056fa       0x84 contiki-sky.a(msp430.o)
                0x00000000000056fa                msp430_init_dco
 .text.msp430_add_lpm_req
                0x000000000000577e        0xc contiki-sky.a(msp430.o)
                0x000000000000577e                msp430_add_lpm_req
 .text.msp430_cpu_init
                0x000000000000578a       0x2a contiki-sky.a(msp430.o)
                0x000000000000578a                msp430_cpu_init
 .text.splhigh_
                0x00000000000057b4        0x8 contiki-sky.a(msp430.o)
                0x00000000000057b4                splhigh_
 .text.msp430_sync_dco
                0x00000000000057bc       0x68 contiki-sky.a(msp430.o)
                0x00000000000057bc                msp430_sync_dco
 .text.timera1  0x0000000000005824      0x11e contiki-sky.a(clock.o)
                0x0000000000005824                __isr_5
                0x0000000000005824                timera1
 .text.clock_time
                0x0000000000005942       0x1a contiki-sky.a(clock.o)
                0x0000000000005942                clock_time
 .text.clock_init
                0x000000000000595c       0x28 contiki-sky.a(clock.o)
                0x000000000000595c                clock_init
 .text.clock_delay
                0x0000000000005984        0xc contiki-sky.a(clock.o)
                0x0000000000005984                clock_delay
 .text.clock_seconds
                0x0000000000005990       0x1a contiki-sky.a(clock.o)
                0x0000000000005990                clock_seconds
 .text.show_leds
                0x00000000000059aa       0xf6 contiki-sky.a(leds.o)
 .text.leds_init
                0x0000000000005aa0        0xa contiki-sky.a(leds.o)
                0x0000000000005aa0                leds_init
 .text.leds_on  0x0000000000005aaa        0xa contiki-sky.a(leds.o)
                0x0000000000005aaa                leds_on
 .text.leds_off
                0x0000000000005ab4        0xe contiki-sky.a(leds.o)
                0x0000000000005ab4                leds_off
 .text.leds_arch_init
                0x0000000000005ac2        0xe contiki-sky.a(leds-arch.o)
                0x0000000000005ac2                leds_arch_init
 .text.leds_arch_set
                0x0000000000005ad0       0x3a contiki-sky.a(leds-arch.o)
                0x0000000000005ad0                leds_arch_set
 .text.watchdog_interrupt
                0x0000000000005b0a        0x6 contiki-sky.a(watchdog.o)
                0x0000000000005b0a                __isr_10
                0x0000000000005b0a                watchdog_interrupt
 .text.watchdog_start
                0x0000000000005b10       0x14 contiki-sky.a(watchdog.o)
                0x0000000000005b10                watchdog_start
 .text.watchdog_periodic
                0x0000000000005b24       0x12 contiki-sky.a(watchdog.o)
                0x0000000000005b24                watchdog_periodic
 .text.watchdog_stop
                0x0000000000005b36       0x16 contiki-sky.a(watchdog.o)
                0x0000000000005b36                watchdog_stop
 .text.watchdog_init
                0x0000000000005b4c       0x14 contiki-sky.a(watchdog.o)
                0x0000000000005b4c                watchdog_init
 .text.rtimer_arch_init
                0x0000000000005b60        0xe contiki-sky.a(rtimer-arch.o)
                0x0000000000005b60                rtimer_arch_init
 .text.rtimer_arch_now
                0x0000000000005b6e        0xe contiki-sky.a(rtimer-arch.o)
                0x0000000000005b6e                rtimer_arch_now
 .text.timera0  0x0000000000005b7c       0x70 contiki-sky.a(rtimer-arch.o)
                0x0000000000005b7c                __isr_6
                0x0000000000005b7c                timera0
 .text.rtimer_arch_schedule
                0x0000000000005bec        0x6 contiki-sky.a(rtimer-arch.o)
                0x0000000000005bec                rtimer_arch_schedule
 .text.autostart_start
                0x0000000000005bf2       0x16 contiki-sky.a(autostart.o)
                0x0000000000005bf2                autostart_start
 .text.process_thread_ctimer_process
                0x0000000000005c08       0xa4 contiki-sky.a(ctimer.o)
 .text.ctimer_init
                0x0000000000005cac       0x18 contiki-sky.a(ctimer.o)
                0x0000000000005cac                ctimer_init
 .text.ctimer_set_with_process
                0x0000000000005cc4       0x4e contiki-sky.a(ctimer.o)
                0x0000000000005cc4                ctimer_set_with_process
 .text.ctimer_set
                0x0000000000005d12       0x10 contiki-sky.a(ctimer.o)
                0x0000000000005d12                ctimer_set
 .text.ctimer_reset
                0x0000000000005d22       0x30 contiki-sky.a(ctimer.o)
                0x0000000000005d22                ctimer_reset
 .text.ctimer_restart
                0x0000000000005d52       0x30 contiki-sky.a(ctimer.o)
                0x0000000000005d52                ctimer_restart
 .text.ctimer_stop
                0x0000000000005d82       0x28 contiki-sky.a(ctimer.o)
                0x0000000000005d82                ctimer_stop
 .text.energest_init
                0x0000000000005daa       0x28 contiki-sky.a(energest.o)
                0x0000000000005daa                energest_init
 .text.energest_type_time
                0x0000000000005dd2       0x46 contiki-sky.a(energest.o)
                0x0000000000005dd2                energest_type_time
 .text.energest_type_set
                0x0000000000005e18        0xe contiki-sky.a(energest.o)
                0x0000000000005e18                energest_type_set
 .text.energest_flush
                0x0000000000005e26       0x48 contiki-sky.a(energest.o)
                0x0000000000005e26                energest_flush
 .text.update_time
                0x0000000000005e6e       0x78 contiki-sky.a(etimer.o)
 .text.etimer_request_poll
                0x0000000000005ee6        0xa contiki-sky.a(etimer.o)
                0x0000000000005ee6                etimer_request_poll
 .text.process_thread_etimer_process
                0x0000000000005ef0       0xc8 contiki-sky.a(etimer.o)
 .text.add_timer
                0x0000000000005fb8       0x40 contiki-sky.a(etimer.o)
 .text.etimer_set
                0x0000000000005ff8       0x12 contiki-sky.a(etimer.o)
                0x0000000000005ff8                etimer_set
 .text.etimer_reset
                0x000000000000600a       0x12 contiki-sky.a(etimer.o)
                0x000000000000600a                etimer_reset
 .text.etimer_restart
                0x000000000000601c       0x12 contiki-sky.a(etimer.o)
                0x000000000000601c                etimer_restart
 .text.etimer_expired
                0x000000000000602e        0xe contiki-sky.a(etimer.o)
                0x000000000000602e                etimer_expired
 .text.etimer_expiration_time
                0x000000000000603c       0x14 contiki-sky.a(etimer.o)
                0x000000000000603c                etimer_expiration_time
 .text.etimer_pending
                0x0000000000006050        0xc contiki-sky.a(etimer.o)
                0x0000000000006050                etimer_pending
 .text.etimer_next_expiration_time
                0x000000000000605c       0x16 contiki-sky.a(etimer.o)
                0x000000000000605c                etimer_next_expiration_time
 .text.etimer_stop
                0x0000000000006072       0x3c contiki-sky.a(etimer.o)
                0x0000000000006072                etimer_stop
 .text.call_process
                0x00000000000060ae       0x4a contiki-sky.a(process.o)
 .text.exit_process
                0x00000000000060f8       0x96 contiki-sky.a(process.o)
 .text.do_poll  0x000000000000618e       0x30 contiki-sky.a(process.o)
 .text.process_alloc_event
                0x00000000000061be        0xe contiki-sky.a(process.o)
                0x00000000000061be                process_alloc_event
 .text.process_init
                0x00000000000061cc       0x1c contiki-sky.a(process.o)
                0x00000000000061cc                process_init
 .text.process_run
                0x00000000000061e8       0x92 contiki-sky.a(process.o)
                0x00000000000061e8                process_run
 .text.process_nevents
                0x000000000000627a        0xe contiki-sky.a(process.o)
                0x000000000000627a                process_nevents
 .text.process_post
                0x0000000000006288       0x4e contiki-sky.a(process.o)
                0x0000000000006288                process_post
 .text.process_post_synch
                0x00000000000062d6       0x12 contiki-sky.a(process.o)
                0x00000000000062d6                process_post_synch
 .text.process_start
                0x00000000000062e8       0x32 contiki-sky.a(process.o)
                0x00000000000062e8                process_start
 .text.process_poll
                0x000000000000631a       0x18 contiki-sky.a(process.o)
                0x000000000000631a                process_poll
 .text.rtimer_init
                0x0000000000006332        0x6 contiki-sky.a(rtimer.o)
                0x0000000000006332                rtimer_init
 .text.rtimer_set
                0x0000000000006338       0x24 contiki-sky.a(rtimer.o)
                0x0000000000006338                rtimer_set
 .text.rtimer_run_next
                0x000000000000635c       0x26 contiki-sky.a(rtimer.o)
                0x000000000000635c                rtimer_run_next
 .text.timer_set
                0x0000000000006382       0x1c contiki-sky.a(timer.o)
                0x0000000000006382                timer_set
 .text.timer_reset
                0x000000000000639e        0xe contiki-sky.a(timer.o)
                0x000000000000639e                timer_reset
 .text.timer_restart
                0x00000000000063ac       0x14 contiki-sky.a(timer.o)
                0x00000000000063ac                timer_restart
 .text.timer_expired
                0x00000000000063c0       0x2a contiki-sky.a(timer.o)
                0x00000000000063c0                timer_expired
 .text.list_init
                0x00000000000063ea        0x6 contiki-sky.a(list.o)
                0x00000000000063ea                list_init
 .text.list_head
                0x00000000000063f0        0x4 contiki-sky.a(list.o)
                0x00000000000063f0                list_head
 .text.list_tail
                0x00000000000063f4       0x12 contiki-sky.a(list.o)
                0x00000000000063f4                list_tail
 .text.list_remove
                0x0000000000006406       0x34 contiki-sky.a(list.o)
                0x0000000000006406                list_remove
 .text.list_push
                0x000000000000643a       0x1a contiki-sky.a(list.o)
                0x000000000000643a                list_push
 .text.list_add
                0x0000000000006454       0x2a contiki-sky.a(list.o)
                0x0000000000006454                list_add
 .text.list_length
                0x000000000000647e       0x10 contiki-sky.a(list.o)
                0x000000000000647e                list_length
 .text.list_item_next
                0x000000000000648e        0xc contiki-sky.a(list.o)
                0x000000000000648e                list_item_next
 .text.random_init
                0x000000000000649a        0x6 contiki-sky.a(random.o)
                0x000000000000649a                random_init
 .text.random_rand
                0x00000000000064a0        0x6 contiki-sky.a(random.o)
                0x00000000000064a0                random_rand
 .text.uip_ds6_list_loop
                0x00000000000064a6       0x86 contiki-sky.a(uip-ds6.o)
                0x00000000000064a6                uip_ds6_list_loop
 .text.uip_ds6_prefix_add
                0x000000000000652c       0x80 contiki-sky.a(uip-ds6.o)
                0x000000000000652c                uip_ds6_prefix_add
 .text.uip_ds6_is_addr_onlink
                0x00000000000065ac       0x54 contiki-sky.a(uip-ds6.o)
                0x00000000000065ac                uip_ds6_is_addr_onlink
 .text.uip_ds6_addr_lookup
                0x0000000000006600       0x2a contiki-sky.a(uip-ds6.o)
                0x0000000000006600                uip_ds6_addr_lookup
 .text.uip_ds6_get_link_local
                0x000000000000662a       0x3e contiki-sky.a(uip-ds6.o)
                0x000000000000662a                uip_ds6_get_link_local
 .text.uip_ds6_maddr_add
                0x0000000000006668       0x4c contiki-sky.a(uip-ds6.o)
                0x0000000000006668                uip_ds6_maddr_add
 .text.uip_ds6_addr_add
                0x00000000000066b4       0xc4 contiki-sky.a(uip-ds6.o)
                0x00000000000066b4                uip_ds6_addr_add
 .text.uip_ds6_maddr_lookup
                0x0000000000006778       0x2a contiki-sky.a(uip-ds6.o)
                0x0000000000006778                uip_ds6_maddr_lookup
 .text.uip_ds6_addr_rm
                0x00000000000067a2       0x54 contiki-sky.a(uip-ds6.o)
                0x00000000000067a2                uip_ds6_addr_rm
 .text.uip_ds6_periodic
                0x00000000000067f6       0x46 contiki-sky.a(uip-ds6.o)
                0x00000000000067f6                uip_ds6_periodic
 .text.uip_ds6_set_addr_iid
                0x000000000000683c       0x14 contiki-sky.a(uip-ds6.o)
                0x000000000000683c                uip_ds6_set_addr_iid
 .text.get_match_length
                0x0000000000006850       0x3e contiki-sky.a(uip-ds6.o)
                0x0000000000006850                get_match_length
 .text.uip_ds6_select_src
                0x000000000000688e       0xaa contiki-sky.a(uip-ds6.o)
                0x000000000000688e                uip_ds6_select_src
 .text.uip_ds6_compute_reachable_time
                0x0000000000006938       0x3e contiki-sky.a(uip-ds6.o)
                0x0000000000006938                uip_ds6_compute_reachable_time
 .text.uip_ds6_init
                0x0000000000006976      0x154 contiki-sky.a(uip-ds6.o)
                0x0000000000006976                uip_ds6_init
 .text.call_route_callback
                0x0000000000006aca       0x4c contiki-sky.a(uip-ds6-route.o)
 .text.uip_ds6_route_init
                0x0000000000006b16       0x36 contiki-sky.a(uip-ds6-route.o)
                0x0000000000006b16                uip_ds6_route_init
 .text.uip_ds6_route_nexthop
                0x0000000000006b4c       0x1a contiki-sky.a(uip-ds6-route.o)
                0x0000000000006b4c                uip_ds6_route_nexthop
 .text.uip_ds6_route_head
                0x0000000000006b66        0xa contiki-sky.a(uip-ds6-route.o)
                0x0000000000006b66                uip_ds6_route_head
 .text.uip_ds6_route_next
                0x0000000000006b70        0xe contiki-sky.a(uip-ds6-route.o)
                0x0000000000006b70                uip_ds6_route_next
 .text.uip_ds6_route_is_nexthop
                0x0000000000006b7e       0x1e contiki-sky.a(uip-ds6-route.o)
                0x0000000000006b7e                uip_ds6_route_is_nexthop
 .text.uip_ds6_route_lookup
                0x0000000000006b9c       0x8c contiki-sky.a(uip-ds6-route.o)
                0x0000000000006b9c                uip_ds6_route_lookup
 .text.uip_ds6_route_rm
                0x0000000000006c28       0xa4 contiki-sky.a(uip-ds6-route.o)
                0x0000000000006c28                uip_ds6_route_rm
 .text.rm_routelist
                0x0000000000006ccc       0x34 contiki-sky.a(uip-ds6-route.o)
 .text.rm_routelist_callback
                0x0000000000006d00        0x6 contiki-sky.a(uip-ds6-route.o)
 .text.uip_ds6_route_add
                0x0000000000006d06      0x110 contiki-sky.a(uip-ds6-route.o)
                0x0000000000006d06                uip_ds6_route_add
 .text.uip_ds6_defrt_rm
                0x0000000000006e16       0x48 contiki-sky.a(uip-ds6-route.o)
                0x0000000000006e16                uip_ds6_defrt_rm
 .text.uip_ds6_defrt_lookup
                0x0000000000006e5e       0x36 contiki-sky.a(uip-ds6-route.o)
                0x0000000000006e5e                uip_ds6_defrt_lookup
 .text.uip_ds6_defrt_add
                0x0000000000006e94       0x74 contiki-sky.a(uip-ds6-route.o)
                0x0000000000006e94                uip_ds6_defrt_add
 .text.uip_ds6_defrt_choose
                0x0000000000006f08       0x3a contiki-sky.a(uip-ds6-route.o)
                0x0000000000006f08                uip_ds6_defrt_choose
 .text.uip_ds6_defrt_periodic
                0x0000000000006f42       0x38 contiki-sky.a(uip-ds6-route.o)
                0x0000000000006f42                uip_ds6_defrt_periodic
 .text.chksum   0x0000000000006f7a       0x32 contiki-sky.a(uip6.o)
 .text.upper_layer_chksum
                0x0000000000006fac       0x56 contiki-sky.a(uip6.o)
 .text.ext_hdr_options_process
                0x0000000000007002       0xda contiki-sky.a(uip6.o)
 .text.uip_add32
                0x00000000000070dc       0x68 contiki-sky.a(uip6.o)
                0x00000000000070dc                uip_add32
 .text.unlikely.uip_add_rcv_nxt
                0x0000000000007144       0x2e contiki-sky.a(uip6.o)
 .text.uip_icmp6chksum
                0x0000000000007172        0xa contiki-sky.a(uip6.o)
                0x0000000000007172                uip_icmp6chksum
 .text.uip_tcpchksum
                0x000000000000717c        0xa contiki-sky.a(uip6.o)
                0x000000000000717c                uip_tcpchksum
 .text.uip_udpchksum
                0x0000000000007186        0xa contiki-sky.a(uip6.o)
                0x0000000000007186                uip_udpchksum
 .text.uip_init
                0x0000000000007190       0x56 contiki-sky.a(uip6.o)
                0x0000000000007190                uip_init
 .text.remove_ext_hdr
                0x00000000000071e6       0x56 contiki-sky.a(uip6.o)
                0x00000000000071e6                remove_ext_hdr
 .text.uip_udp_new
                0x000000000000723c       0xac contiki-sky.a(uip6.o)
                0x000000000000723c                uip_udp_new
 .text.uip_unlisten
                0x00000000000072e8       0x1e contiki-sky.a(uip6.o)
                0x00000000000072e8                uip_unlisten
 .text.uip_process
                0x0000000000007306      0xe18 contiki-sky.a(uip6.o)
                0x0000000000007306                uip_process
 .text.uip_htonl
                0x000000000000811e       0x2e contiki-sky.a(uip6.o)
                0x000000000000811e                uip_htonl
 .text.uip_ds6_nbr_rm
                0x000000000000814c       0x1e contiki-sky.a(uip-ds6-nbr.o)
                0x000000000000814c                uip_ds6_nbr_rm
 .text.uip_ds6_neighbors_init
                0x000000000000816a       0x12 contiki-sky.a(uip-ds6-nbr.o)
                0x000000000000816a                uip_ds6_neighbors_init
 .text.uip_ds6_nbr_add
                0x000000000000817c       0x3e contiki-sky.a(uip-ds6-nbr.o)
                0x000000000000817c                uip_ds6_nbr_add
 .text.uip_ds6_nbr_get_ll
                0x00000000000081ba        0xc contiki-sky.a(uip-ds6-nbr.o)
                0x00000000000081ba                uip_ds6_nbr_get_ll
 .text.uip_ds6_nbr_lookup
                0x00000000000081c6       0x42 contiki-sky.a(uip-ds6-nbr.o)
                0x00000000000081c6                uip_ds6_nbr_lookup
 .text.uip_ds6_nbr_ll_lookup
                0x0000000000008208        0xc contiki-sky.a(uip-ds6-nbr.o)
                0x0000000000008208                uip_ds6_nbr_ll_lookup
 .text.uip_ds6_nbr_ipaddr_from_lladdr
                0x0000000000008214        0x6 contiki-sky.a(uip-ds6-nbr.o)
                0x0000000000008214                uip_ds6_nbr_ipaddr_from_lladdr
 .text.uip_ds6_nbr_lladdr_from_ipaddr
                0x000000000000821a       0x12 contiki-sky.a(uip-ds6-nbr.o)
                0x000000000000821a                uip_ds6_nbr_lladdr_from_ipaddr
 .text.uip_ds6_link_neighbor_callback
                0x000000000000822c       0x36 contiki-sky.a(uip-ds6-nbr.o)
                0x000000000000822c                uip_ds6_link_neighbor_callback
 .text.ns_input
                0x0000000000008262      0x266 contiki-sky.a(uip-nd6.o)
 .text.uip_nd6_init
                0x00000000000084c8        0xa contiki-sky.a(uip-nd6.o)
                0x00000000000084c8                uip_nd6_init
 .text.clear_fragments
                0x00000000000084d2       0x42 contiki-sky.a(sicslowpan.o)
 .text.set_packet_attrs
                0x0000000000008514       0x44 contiki-sky.a(sicslowpan.o)
 .text.addr_context_lookup_by_number
                0x0000000000008558       0x36 contiki-sky.a(sicslowpan.o)
 .text.compress_addr_64
                0x000000000000858e       0xae contiki-sky.a(sicslowpan.o)
 .text.store_fragment
                0x000000000000863c       0xc8 contiki-sky.a(sicslowpan.o)
 .text.add_fragment
                0x0000000000008704      0x1ee contiki-sky.a(sicslowpan.o)
 .text.uncompress_addr
                0x00000000000088f2       0xb4 contiki-sky.a(sicslowpan.o)
 .text.input    0x00000000000089a6      0x6f0 contiki-sky.a(sicslowpan.o)
 .text.sicslowpan_init
                0x0000000000009096       0x24 contiki-sky.a(sicslowpan.o)
                0x0000000000009096                sicslowpan_init
 .text.addr_context_lookup_by_prefix
                0x00000000000090ba       0x4c contiki-sky.a(sicslowpan.o)
 .text.send_packet
                0x0000000000009106       0x1a contiki-sky.a(sicslowpan.o)
 .text.output   0x0000000000009120      0x6d0 contiki-sky.a(sicslowpan.o)
 .text.packet_sent
                0x00000000000097f0       0x22 contiki-sky.a(sicslowpan.o)
 .text.uip_debug_ipaddr_print
                0x0000000000009812       0xc6 contiki-sky.a(uip-debug.o)
                0x0000000000009812                uip_debug_ipaddr_print
 .text.start_periodic_tcp_timer
                0x00000000000098d8       0x16 contiki-sky.a(tcpip.o)
 .text.tcpip_output
                0x00000000000098ee       0x10 contiki-sky.a(tcpip.o)
                0x00000000000098ee                tcpip_output
 .text.tcpip_set_outputfunc
                0x00000000000098fe        0x6 contiki-sky.a(tcpip.o)
                0x00000000000098fe                tcpip_set_outputfunc
 .text.udp_new  0x0000000000009904       0x1a contiki-sky.a(tcpip.o)
                0x0000000000009904                udp_new
 .text.tcpip_input
                0x000000000000991e       0x16 contiki-sky.a(tcpip.o)
                0x000000000000991e                tcpip_input
 .text.tcpip_ipv6_output
                0x0000000000009934       0xc0 contiki-sky.a(tcpip.o)
                0x0000000000009934                tcpip_ipv6_output
 .text.process_thread_tcpip_process
                0x00000000000099f4      0x1b6 contiki-sky.a(tcpip.o)
 .text.tcpip_uipcall
                0x0000000000009baa       0x64 contiki-sky.a(tcpip.o)
                0x0000000000009baa                tcpip_uipcall
 .text.process_thread_simple_udp_process
                0x0000000000009c0e       0xac contiki-sky.a(simple-udp.o)
 .text.simple_udp_sendto
                0x0000000000009cba       0x30 contiki-sky.a(simple-udp.o)
                0x0000000000009cba                simple_udp_sendto
 .text.simple_udp_register
                0x0000000000009cea       0x9e contiki-sky.a(simple-udp.o)
                0x0000000000009cea                simple_udp_register
 .text.lollipop_greater_than
                0x0000000000009d88       0x44 contiki-sky.a(rpl-dag.o)
 .text.acceptable_rank
                0x0000000000009dcc       0x50 contiki-sky.a(rpl-dag.o)
 .text.find_parent_any_dag_any_instance
                0x0000000000009e1c       0x14 contiki-sky.a(rpl-dag.o)
 .text.rpl_set_preferred_parent
                0x0000000000009e30       0x30 contiki-sky.a(rpl-dag.o)
 .text.set_ip_from_prefix
                0x0000000000009e60       0x38 contiki-sky.a(rpl-dag.o)
 .text.check_prefix
                0x0000000000009e98       0x80 contiki-sky.a(rpl-dag.o)
 .text.rpl_dag_init
                0x0000000000009f18        0xe contiki-sky.a(rpl-dag.o)
                0x0000000000009f18                rpl_dag_init
 .text.rpl_get_parent
                0x0000000000009f26        0xc contiki-sky.a(rpl-dag.o)
                0x0000000000009f26                rpl_get_parent
 .text.rpl_rank_via_parent
                0x0000000000009f32       0x2e contiki-sky.a(rpl-dag.o)
                0x0000000000009f32                rpl_rank_via_parent
 .text.rpl_get_parent_lladdr
                0x0000000000009f60        0xc contiki-sky.a(rpl-dag.o)
                0x0000000000009f60                rpl_get_parent_lladdr
 .text.rpl_get_parent_ipaddr
                0x0000000000009f6c        0xa contiki-sky.a(rpl-dag.o)
                0x0000000000009f6c                rpl_get_parent_ipaddr
 .text.rpl_get_parent_link_stats
                0x0000000000009f76        0xa contiki-sky.a(rpl-dag.o)
                0x0000000000009f76                rpl_get_parent_link_stats
 .text.rpl_parent_is_fresh
                0x0000000000009f80        0xa contiki-sky.a(rpl-dag.o)
                0x0000000000009f80                rpl_parent_is_fresh
 .text.best_parent
                0x0000000000009f8a       0x80 contiki-sky.a(rpl-dag.o)
 .text.rpl_parent_is_reachable
                0x000000000000a00a       0x46 contiki-sky.a(rpl-dag.o)
                0x000000000000a00a                rpl_parent_is_reachable
 .text.rpl_set_prefix
                0x000000000000a050       0x8e contiki-sky.a(rpl-dag.o)
                0x000000000000a050                rpl_set_prefix
 .text.rpl_set_default_route
                0x000000000000a0de       0x3e contiki-sky.a(rpl-dag.o)
                0x000000000000a0de                rpl_set_default_route
 .text.rpl_alloc_instance
                0x000000000000a11c       0x34 contiki-sky.a(rpl-dag.o)
                0x000000000000a11c                rpl_alloc_instance
 .text.rpl_add_parent
                0x000000000000a150       0x3e contiki-sky.a(rpl-dag.o)
                0x000000000000a150                rpl_add_parent
 .text.rpl_find_parent
                0x000000000000a18e       0x18 contiki-sky.a(rpl-dag.o)
                0x000000000000a18e                rpl_find_parent
 .text.rpl_find_parent_any_dag
                0x000000000000a1a6       0x20 contiki-sky.a(rpl-dag.o)
                0x000000000000a1a6                rpl_find_parent_any_dag
 .text.rpl_select_parent
                0x000000000000a1c6       0x66 contiki-sky.a(rpl-dag.o)
                0x000000000000a1c6                rpl_select_parent
 .text.rpl_select_dag
                0x000000000000a22c      0x17e contiki-sky.a(rpl-dag.o)
                0x000000000000a22c                rpl_select_dag
 .text.rpl_nullify_parent
                0x000000000000a3aa       0x60 contiki-sky.a(rpl-dag.o)
                0x000000000000a3aa                rpl_nullify_parent
 .text.rpl_remove_parent
                0x000000000000a40a       0x16 contiki-sky.a(rpl-dag.o)
                0x000000000000a40a                rpl_remove_parent
 .text.nbr_callback
                0x000000000000a420        0x6 contiki-sky.a(rpl-dag.o)
 .text.remove_parents.constprop.3
                0x000000000000a426       0x30 contiki-sky.a(rpl-dag.o)
 .text.rpl_free_dag
                0x000000000000a456       0x44 contiki-sky.a(rpl-dag.o)
                0x000000000000a456                rpl_free_dag
 .text.rpl_move_parent
                0x000000000000a49a       0x68 contiki-sky.a(rpl-dag.o)
                0x000000000000a49a                rpl_move_parent
 .text.rpl_get_any_dag
                0x000000000000a502       0x18 contiki-sky.a(rpl-dag.o)
                0x000000000000a502                rpl_get_any_dag
 .text.rpl_get_instance
                0x000000000000a51a       0x1a contiki-sky.a(rpl-dag.o)
                0x000000000000a51a                rpl_get_instance
 .text.rpl_alloc_dag
                0x000000000000a534       0x60 contiki-sky.a(rpl-dag.o)
                0x000000000000a534                rpl_alloc_dag
 .text.rpl_repair_root
                0x000000000000a594       0x50 contiki-sky.a(rpl-dag.o)
                0x000000000000a594                rpl_repair_root
 .text.rpl_find_of
                0x000000000000a5e4       0x10 contiki-sky.a(rpl-dag.o)
                0x000000000000a5e4                rpl_find_of
 .text.rpl_join_instance
                0x000000000000a5f4      0x158 contiki-sky.a(rpl-dag.o)
                0x000000000000a5f4                rpl_join_instance
 .text.rpl_local_repair
                0x000000000000a74c       0x9a contiki-sky.a(rpl-dag.o)
                0x000000000000a74c                rpl_local_repair
 .text.rpl_process_parent_event
                0x000000000000a7e6       0x8e contiki-sky.a(rpl-dag.o)
                0x000000000000a7e6                rpl_process_parent_event
 .text.rpl_recalculate_ranks
                0x000000000000a874       0x46 contiki-sky.a(rpl-dag.o)
                0x000000000000a874                rpl_recalculate_ranks
 .text.rpl_add_dag
                0x000000000000a8ba      0x114 contiki-sky.a(rpl-dag.o)
                0x000000000000a8ba                rpl_add_dag
 .text.rpl_process_dio
                0x000000000000a9ce      0x332 contiki-sky.a(rpl-dag.o)
                0x000000000000a9ce                rpl_process_dio
 .text.handle_unicast_dio_timer
                0x000000000000ad00       0x1c contiki-sky.a(rpl-timers.o)
 .text.new_dio_interval
                0x000000000000ad1c       0x92 contiki-sky.a(rpl-timers.o)
 .text.handle_periodic_timer
                0x000000000000adae       0x50 contiki-sky.a(rpl-timers.o)
 .text.set_dao_lifetime_timer.part.0
                0x000000000000adfe       0x66 contiki-sky.a(rpl-timers.o)
 .text.schedule_dao
                0x000000000000ae64       0x90 contiki-sky.a(rpl-timers.o)
 .text.handle_dio_timer
                0x000000000000aef4       0x88 contiki-sky.a(rpl-timers.o)
 .text.handle_dao_timer
                0x000000000000af7c       0x72 contiki-sky.a(rpl-timers.o)
 .text.rpl_reset_periodic_timer
                0x000000000000afee       0x60 contiki-sky.a(rpl-timers.o)
                0x000000000000afee                rpl_reset_periodic_timer
 .text.rpl_reset_dio_timer
                0x000000000000b04e       0x18 contiki-sky.a(rpl-timers.o)
                0x000000000000b04e                rpl_reset_dio_timer
 .text.rpl_schedule_dao
                0x000000000000b066        0xc contiki-sky.a(rpl-timers.o)
                0x000000000000b066                rpl_schedule_dao
 .text.rpl_schedule_unicast_dio_immediately
                0x000000000000b072       0x16 contiki-sky.a(rpl-timers.o)
                0x000000000000b072                rpl_schedule_unicast_dio_immediately
 .text.get_probing_delay
                0x000000000000b088       0x40 contiki-sky.a(rpl-timers.o)
                0x000000000000b088                get_probing_delay
 .text.get_probing_target
                0x000000000000b0c8       0xf6 contiki-sky.a(rpl-timers.o)
                0x000000000000b0c8                get_probing_target
 .text.rpl_schedule_probing
                0x000000000000b1be       0x26 contiki-sky.a(rpl-timers.o)
                0x000000000000b1be                rpl_schedule_probing
 .text.handle_probing_timer
                0x000000000000b1e4       0x3c contiki-sky.a(rpl-timers.o)
 .text.update_hbh_header
                0x000000000000b220       0xcc contiki-sky.a(rpl-ext-header.)
 .text.insert_hbh_header
                0x000000000000b2ec       0x9c contiki-sky.a(rpl-ext-header.)
 .text.rpl_verify_hbh_header
                0x000000000000b388      0x104 contiki-sky.a(rpl-ext-header.)
                0x000000000000b388                rpl_verify_hbh_header
 .text.rpl_remove_header
                0x000000000000b48c       0x7a contiki-sky.a(rpl-ext-header.)
                0x000000000000b48c                rpl_remove_header
 .text.rpl_update_header
                0x000000000000b506       0x58 contiki-sky.a(rpl-ext-header.)
                0x000000000000b506                rpl_update_header
 .text.rpl_get_mode
                0x000000000000b55e        0x6 contiki-sky.a(rpl.o)
                0x000000000000b55e                rpl_get_mode
 .text.rpl_purge_routes
                0x000000000000b564       0x94 contiki-sky.a(rpl.o)
                0x000000000000b564                rpl_purge_routes
 .text.rpl_remove_routes
                0x000000000000b5f8       0x22 contiki-sky.a(rpl.o)
                0x000000000000b5f8                rpl_remove_routes
 .text.rpl_remove_routes_by_nexthop
                0x000000000000b61a       0x46 contiki-sky.a(rpl.o)
                0x000000000000b61a                rpl_remove_routes_by_nexthop
 .text.rpl_add_route
                0x000000000000b660       0x52 contiki-sky.a(rpl.o)
                0x000000000000b660                rpl_add_route
 .text.rpl_link_neighbor_callback
                0x000000000000b6b2       0x4c contiki-sky.a(rpl.o)
                0x000000000000b6b2                rpl_link_neighbor_callback
 .text.rpl_ipv6_neighbor_callback
                0x000000000000b6fe       0x1e contiki-sky.a(rpl.o)
                0x000000000000b6fe                rpl_ipv6_neighbor_callback
 .text.rpl_purge_dags
                0x000000000000b71c       0x6e contiki-sky.a(rpl.o)
                0x000000000000b71c                rpl_purge_dags
 .text.rpl_init
                0x000000000000b78a       0x44 contiki-sky.a(rpl.o)
                0x000000000000b78a                rpl_init
 .text.reset    0x000000000000b7ce        0x2 contiki-sky.a(rpl-mrhof.o)
 .text.update_metric_container
                0x000000000000b7d0        0x6 contiki-sky.a(rpl-mrhof.o)
 .text.parent_link_metric
                0x000000000000b7d6       0x10 contiki-sky.a(rpl-mrhof.o)
 .text.parent_has_usable_link
                0x000000000000b7e6       0x14 contiki-sky.a(rpl-mrhof.o)
 .text.best_dag
                0x000000000000b7fa       0x34 contiki-sky.a(rpl-mrhof.o)
 .text.parent_path_cost
                0x000000000000b82e       0x44 contiki-sky.a(rpl-mrhof.o)
 .text.parent_is_acceptable
                0x000000000000b872       0x2a contiki-sky.a(rpl-mrhof.o)
 .text.best_parent
                0x000000000000b89c       0x88 contiki-sky.a(rpl-mrhof.o)
 .text.rank_via_parent
                0x000000000000b924       0x56 contiki-sky.a(rpl-mrhof.o)
 .text.prepare_for_dao_fwd
                0x000000000000b97a       0x28 contiki-sky.a(rpl-icmp6.o)
 .text.get32    0x000000000000b9a2       0x46 contiki-sky.a(rpl-icmp6.o)
 .text.set32    0x000000000000b9e8       0x2a contiki-sky.a(rpl-icmp6.o)
 .text.get16    0x000000000000ba12        0xe contiki-sky.a(rpl-icmp6.o)
 .text.set16    0x000000000000ba20       0x10 contiki-sky.a(rpl-icmp6.o)
 .text.dao_ack_input
                0x000000000000ba30        0xa contiki-sky.a(rpl-icmp6.o)
 .text.dio_input
                0x000000000000ba3a      0x2aa contiki-sky.a(rpl-icmp6.o)
 .text.rpl_icmp6_update_nbr_table
                0x000000000000bce4       0x30 contiki-sky.a(rpl-icmp6.o)
                0x000000000000bce4                rpl_icmp6_update_nbr_table
 .text.dao_input
                0x000000000000bd14      0x28e contiki-sky.a(rpl-icmp6.o)
 .text.dis_output
                0x000000000000bfa2       0x50 contiki-sky.a(rpl-icmp6.o)
                0x000000000000bfa2                dis_output
 .text.dio_output
                0x000000000000bff2      0x276 contiki-sky.a(rpl-icmp6.o)
                0x000000000000bff2                dio_output
 .text.dis_input
                0x000000000000c268       0x3e contiki-sky.a(rpl-icmp6.o)
 .text.dao_output_target
                0x000000000000c2a6      0x114 contiki-sky.a(rpl-icmp6.o)
                0x000000000000c2a6                dao_output_target
 .text.dao_output
                0x000000000000c3ba       0xb2 contiki-sky.a(rpl-icmp6.o)
                0x000000000000c3ba                dao_output
 .text.rpl_icmp6_register_handlers
                0x000000000000c46c       0x22 contiki-sky.a(rpl-icmp6.o)
                0x000000000000c46c                rpl_icmp6_register_handlers
 .text.parse    0x000000000000c48e       0xa6 contiki-sky.a(framer-802154.o)
 .text.create_frame.isra.0
                0x000000000000c534      0x118 contiki-sky.a(framer-802154.o)
 .text.create   0x000000000000c64c        0x8 contiki-sky.a(framer-802154.o)
 .text.hdr_length
                0x000000000000c654        0x8 contiki-sky.a(framer-802154.o)
 .text.input_packet
                0x000000000000c65c        0x6 contiki-sky.a(csma.o)
 .text.on       0x000000000000c662        0x6 contiki-sky.a(csma.o)
 .text.off      0x000000000000c668        0x6 contiki-sky.a(csma.o)
 .text.channel_check_interval
                0x000000000000c66e       0x10 contiki-sky.a(csma.o)
 .text.transmit_packet_list
                0x000000000000c67e       0x24 contiki-sky.a(csma.o)
 .text.schedule_transmission
                0x000000000000c6a2       0x96 contiki-sky.a(csma.o)
 .text.send_packet
                0x000000000000c738      0x164 contiki-sky.a(csma.o)
 .text.init     0x000000000000c89c       0x1a contiki-sky.a(csma.o)
 .text.tx_done  0x000000000000c8b6       0x9a contiki-sky.a(csma.o)
 .text.packet_sent
                0x000000000000c950       0xd2 contiki-sky.a(csma.o)
 .text.queuebuf_init
                0x000000000000ca22       0x12 contiki-sky.a(queuebuf.o)
                0x000000000000ca22                queuebuf_init
 .text.queuebuf_numfree
                0x000000000000ca34        0xa contiki-sky.a(queuebuf.o)
                0x000000000000ca34                queuebuf_numfree
 .text.queuebuf_new_from_packetbuf
                0x000000000000ca3e       0x52 contiki-sky.a(queuebuf.o)
                0x000000000000ca3e                queuebuf_new_from_packetbuf
 .text.queuebuf_update_attr_from_packetbuf
                0x000000000000ca90       0x12 contiki-sky.a(queuebuf.o)
                0x000000000000ca90                queuebuf_update_attr_from_packetbuf
 .text.queuebuf_update_from_packetbuf
                0x000000000000caa2       0x22 contiki-sky.a(queuebuf.o)
                0x000000000000caa2                queuebuf_update_from_packetbuf
 .text.queuebuf_free
                0x000000000000cac4       0x2a contiki-sky.a(queuebuf.o)
                0x000000000000cac4                queuebuf_free
 .text.queuebuf_to_packetbuf
                0x000000000000caee       0x32 contiki-sky.a(queuebuf.o)
                0x000000000000caee                queuebuf_to_packetbuf
 .text.queuebuf_attr
                0x000000000000cb20        0xe contiki-sky.a(queuebuf.o)
                0x000000000000cb20                queuebuf_attr
 .text.index_from_key
                0x000000000000cb2e       0x48 contiki-sky.a(nbr-table.o)
 .text.item_from_key
                0x000000000000cb76       0x34 contiki-sky.a(nbr-table.o)
 .text.nbr_set_bit
                0x000000000000cbaa       0x8e contiki-sky.a(nbr-table.o)
 .text.index_from_lladdr
                0x000000000000cc38       0x42 contiki-sky.a(nbr-table.o)
 .text.nbr_get_bit.constprop.0
                0x000000000000cc7a       0x62 contiki-sky.a(nbr-table.o)
 .text.remove_key
                0x000000000000ccdc       0x60 contiki-sky.a(nbr-table.o)
 .text.nbr_table_register
                0x000000000000cd3c       0x28 contiki-sky.a(nbr-table.o)
                0x000000000000cd3c                nbr_table_register
 .text.nbr_table_next
                0x000000000000cd64       0x90 contiki-sky.a(nbr-table.o)
                0x000000000000cd64                nbr_table_next
 .text.nbr_table_head
                0x000000000000cdf4       0x36 contiki-sky.a(nbr-table.o)
                0x000000000000cdf4                nbr_table_head
 .text.nbr_table_add_lladdr
                0x000000000000ce2a      0x136 contiki-sky.a(nbr-table.o)
                0x000000000000ce2a                nbr_table_add_lladdr
 .text.nbr_table_get_from_lladdr
                0x000000000000cf60       0x48 contiki-sky.a(nbr-table.o)
                0x000000000000cf60                nbr_table_get_from_lladdr
 .text.nbr_table_remove
                0x000000000000cfa8       0x32 contiki-sky.a(nbr-table.o)
                0x000000000000cfa8                nbr_table_remove
 .text.nbr_table_lock
                0x000000000000cfda       0x10 contiki-sky.a(nbr-table.o)
                0x000000000000cfda                nbr_table_lock
 .text.nbr_table_unlock
                0x000000000000cfea       0x10 contiki-sky.a(nbr-table.o)
                0x000000000000cfea                nbr_table_unlock
 .text.nbr_table_get_lladdr
                0x000000000000cffa       0x5a contiki-sky.a(nbr-table.o)
                0x000000000000cffa                nbr_table_get_lladdr
 .text.nbr_table_update_lladdr
                0x000000000000d054       0x68 contiki-sky.a(nbr-table.o)
                0x000000000000d054                nbr_table_update_lladdr
 .text.packetbuf_hdrreduce
                0x000000000000d0bc       0x1a contiki-sky.a(packetbuf.o)
                0x000000000000d0bc                packetbuf_hdrreduce
 .text.packetbuf_set_datalen
                0x000000000000d0d6        0x6 contiki-sky.a(packetbuf.o)
                0x000000000000d0d6                packetbuf_set_datalen
 .text.packetbuf_hdrptr
                0x000000000000d0dc        0x6 contiki-sky.a(packetbuf.o)
                0x000000000000d0dc                packetbuf_hdrptr
 .text.packetbuf_datalen
                0x000000000000d0e2        0x6 contiki-sky.a(packetbuf.o)
                0x000000000000d0e2                packetbuf_datalen
 .text.packetbuf_hdrlen
                0x000000000000d0e8        0xa contiki-sky.a(packetbuf.o)
                0x000000000000d0e8                packetbuf_hdrlen
 .text.packetbuf_dataptr
                0x000000000000d0f2        0xc contiki-sky.a(packetbuf.o)
                0x000000000000d0f2                packetbuf_dataptr
 .text.packetbuf_copyto
                0x000000000000d0fe       0x46 contiki-sky.a(packetbuf.o)
                0x000000000000d0fe                packetbuf_copyto
 .text.packetbuf_totlen
                0x000000000000d144        0xc contiki-sky.a(packetbuf.o)
                0x000000000000d144                packetbuf_totlen
 .text.packetbuf_hdralloc
                0x000000000000d150       0x3a contiki-sky.a(packetbuf.o)
                0x000000000000d150                packetbuf_hdralloc
 .text.packetbuf_attr_clear
                0x000000000000d18a       0x28 contiki-sky.a(packetbuf.o)
                0x000000000000d18a                packetbuf_attr_clear
 .text.packetbuf_clear
                0x000000000000d1b2       0x12 contiki-sky.a(packetbuf.o)
                0x000000000000d1b2                packetbuf_clear
 .text.packetbuf_copyfrom
                0x000000000000d1c4       0x2e contiki-sky.a(packetbuf.o)
                0x000000000000d1c4                packetbuf_copyfrom
 .text.packetbuf_attr_copyto
                0x000000000000d1f2       0x22 contiki-sky.a(packetbuf.o)
                0x000000000000d1f2                packetbuf_attr_copyto
 .text.packetbuf_attr_copyfrom
                0x000000000000d214       0x24 contiki-sky.a(packetbuf.o)
                0x000000000000d214                packetbuf_attr_copyfrom
 .text.packetbuf_holds_broadcast
                0x000000000000d238        0xe contiki-sky.a(packetbuf.o)
                0x000000000000d238                packetbuf_holds_broadcast
 .text.linkaddr_copy
                0x000000000000d246        0x8 contiki-sky.a(linkaddr.o)
                0x000000000000d246                linkaddr_copy
 .text.linkaddr_cmp
                0x000000000000d24e       0x12 contiki-sky.a(linkaddr.o)
                0x000000000000d24e                linkaddr_cmp
 .text.linkaddr_set_node_addr
                0x000000000000d260        0xc contiki-sky.a(linkaddr.o)
                0x000000000000d260                linkaddr_set_node_addr
 .text.periodic
                0x000000000000d26c       0x28 contiki-sky.a(link-stats.o)
 .text.link_stats_from_lladdr
                0x000000000000d294        0xc contiki-sky.a(link-stats.o)
                0x000000000000d294                link_stats_from_lladdr
 .text.link_stats_is_fresh
                0x000000000000d2a0       0x30 contiki-sky.a(link-stats.o)
                0x000000000000d2a0                link_stats_is_fresh
 .text.link_stats_packet_sent
                0x000000000000d2d0       0xda contiki-sky.a(link-stats.o)
                0x000000000000d2d0                link_stats_packet_sent
 .text.link_stats_input_callback
                0x000000000000d3aa       0xbc contiki-sky.a(link-stats.o)
                0x000000000000d3aa                link_stats_input_callback
 .text.link_stats_init
                0x000000000000d466       0x22 contiki-sky.a(link-stats.o)
                0x000000000000d466                link_stats_init
 .text.duty_cycle
                0x000000000000d488        0x6 contiki-sky.a(contikimac.o)
 .text.init     0x000000000000d48e       0x2a contiki-sky.a(contikimac.o)
 .text.on       0x000000000000d4b8       0x1a contiki-sky.a(contikimac.o)
 .text.off      0x000000000000d4d2       0x22 contiki-sky.a(contikimac.o)
 .text.recv_burst_off
                0x000000000000d4f4        0xa contiki-sky.a(contikimac.o)
 .text.turn_off
                0x000000000000d4fe       0x20 contiki-sky.a(contikimac.o)
 .text.turn_on  0x000000000000d51e       0x30 contiki-sky.a(contikimac.o)
 .text.schedule_powercycle_fixed.part.4
                0x000000000000d54e       0x32 contiki-sky.a(contikimac.o)
 .text.powercycle_turn_radio_off
                0x000000000000d580       0x30 contiki-sky.a(contikimac.o)
 .text.powercycle_wrapper
                0x000000000000d5b0      0x1c2 contiki-sky.a(contikimac.o)
 .text.input_packet
                0x000000000000d772       0xb2 contiki-sky.a(contikimac.o)
 .text.send_packet.isra.8
                0x000000000000d824      0x1ec contiki-sky.a(contikimac.o)
 .text.qsend_list
                0x000000000000da10       0xd2 contiki-sky.a(contikimac.o)
 .text.qsend_packet
                0x000000000000dae2       0x28 contiki-sky.a(contikimac.o)
 .text.init     0x000000000000db0a        0x2 contiki-sky.a(nullsec.o)
 .text.send     0x000000000000db0c        0xa contiki-sky.a(nullsec.o)
 .text.input    0x000000000000db16        0x6 contiki-sky.a(nullsec.o)
 .text.spi_init
                0x000000000000db1c       0x32 contiki-sky.a(spi.o)
                0x000000000000db1c                spi_init
 .text.stimer_set
                0x000000000000db4e       0x1c contiki-sky.a(stimer.o)
                0x000000000000db4e                stimer_set
 .text.stimer_expired
                0x000000000000db6a       0x30 contiki-sky.a(stimer.o)
                0x000000000000db6a                stimer_expired
 .text.compower_accumulate
                0x000000000000db9a       0x72 contiki-sky.a(compower.o)
                0x000000000000db9a                compower_accumulate
 .text.compower_clear
                0x000000000000dc0c       0x12 contiki-sky.a(compower.o)
                0x000000000000dc0c                compower_clear
 .text.compower_attrconv
                0x000000000000dc1e       0x10 contiki-sky.a(compower.o)
                0x000000000000dc1e                compower_attrconv
 .text.memb_init
                0x000000000000dc2e       0x36 contiki-sky.a(memb.o)
                0x000000000000dc2e                memb_init
 .text.memb_alloc
                0x000000000000dc64       0x3e contiki-sky.a(memb.o)
                0x000000000000dc64                memb_alloc
 .text.memb_free
                0x000000000000dca2       0x3a contiki-sky.a(memb.o)
                0x000000000000dca2                memb_free
 .text.memb_inmemb
                0x000000000000dcdc       0x2e contiki-sky.a(memb.o)
                0x000000000000dcdc                memb_inmemb
 .text.memb_numfree
                0x000000000000dd0a       0x26 contiki-sky.a(memb.o)
                0x000000000000dd0a                memb_numfree
 .text.echo_reply_input
                0x000000000000dd30       0xb2 contiki-sky.a(uip-icmp6.o)
 .text.echo_request_input
                0x000000000000dde2       0xca contiki-sky.a(uip-icmp6.o)
 .text.uip_icmp6_input
                0x000000000000deac       0x44 contiki-sky.a(uip-icmp6.o)
                0x000000000000deac                uip_icmp6_input
 .text.uip_icmp6_register_input_handler
                0x000000000000def0        0xc contiki-sky.a(uip-icmp6.o)
                0x000000000000def0                uip_icmp6_register_input_handler
 .text.uip_icmp6_error_output
                0x000000000000defc      0x17c contiki-sky.a(uip-icmp6.o)
                0x000000000000defc                uip_icmp6_error_output
 .text.uip_icmp6_send
                0x000000000000e078       0x96 contiki-sky.a(uip-icmp6.o)
                0x000000000000e078                uip_icmp6_send
 .text.uip_icmp6_init
                0x000000000000e10e       0x12 contiki-sky.a(uip-icmp6.o)
                0x000000000000e10e                uip_icmp6_init
 .text.uip_udp_packet_send
                0x000000000000e120       0x2a contiki-sky.a(uip-udp-packet.)
                0x000000000000e120                uip_udp_packet_send
 .text.uip_udp_packet_sendto
                0x000000000000e14a       0x66 contiki-sky.a(uip-udp-packet.)
                0x000000000000e14a                uip_udp_packet_sendto
 .text.update_nbr
                0x000000000000e1b0       0xea contiki-sky.a(rpl-nbr-policy.)
 .text.handle_periodic_timer
                0x000000000000e29a        0xe contiki-sky.a(rpl-nbr-policy.)
 .text.find_removable_dis
                0x000000000000e2a8       0x16 contiki-sky.a(rpl-nbr-policy.)
                0x000000000000e2a8                find_removable_dis
 .text.find_removable_dio
                0x000000000000e2be       0x3e contiki-sky.a(rpl-nbr-policy.)
                0x000000000000e2be                find_removable_dio
 .text.find_removable_dao
                0x000000000000e2fc       0x34 contiki-sky.a(rpl-nbr-policy.)
                0x000000000000e2fc                find_removable_dao
 .text.rpl_nbr_policy_find_removable
                0x000000000000e330       0x30 contiki-sky.a(rpl-nbr-policy.)
                0x000000000000e330                rpl_nbr_policy_find_removable
 .text.mac_sequence_is_duplicate
                0x000000000000e360       0x6e contiki-sky.a(mac-sequence.o)
                0x000000000000e360                mac_sequence_is_duplicate
 .text.mac_sequence_register_seqno
                0x000000000000e3ce       0x88 contiki-sky.a(mac-sequence.o)
                0x000000000000e3ce                mac_sequence_register_seqno
 .text.frame802154_get_pan_id
                0x000000000000e456        0x6 contiki-sky.a(frame802154.o)
                0x000000000000e456                frame802154_get_pan_id
 .text.frame802154_has_panid
                0x000000000000e45c       0xdc contiki-sky.a(frame802154.o)
                0x000000000000e45c                frame802154_has_panid
 .text.field_len
                0x000000000000e538       0xb2 contiki-sky.a(frame802154.o)
 .text.frame802154_is_broadcast_addr
                0x000000000000e5ea       0x24 contiki-sky.a(frame802154.o)
                0x000000000000e5ea                frame802154_is_broadcast_addr
 .text.frame802154_hdrlen
                0x000000000000e60e       0x32 contiki-sky.a(frame802154.o)
                0x000000000000e60e                frame802154_hdrlen
 .text.frame802154_create
                0x000000000000e640      0x16a contiki-sky.a(frame802154.o)
                0x000000000000e640                frame802154_create
 .text.frame802154_parse
                0x000000000000e7aa      0x226 contiki-sky.a(frame802154.o)
                0x000000000000e7aa                frame802154_parse
 .text.mac_call_sent_callback
                0x000000000000e9d0       0x14 contiki-sky.a(mac.o)
                0x000000000000e9d0                mac_call_sent_callback
 .text.libgcc   0x000000000000e9e4       0x2c /usr/lib/gcc/msp430/4.6.3/mmpy-16/libgcc.a(_mulsi3.o)
                0x000000000000e9e4                __mulsi3
 .text.libgcc   0x000000000000ea10       0x22 /usr/lib/gcc/msp430/4.6.3/mmpy-16/libgcc.a(_udivmod16.o)
                0x000000000000ea10                __udivhi3
                0x000000000000ea10                __ext_udivmod16
                0x000000000000ea2a                __umodhi3
 .text.libgcc   0x000000000000ea32       0x3a /usr/lib/gcc/msp430/4.6.3/mmpy-16/libgcc.a(_divmod16.o)
                0x000000000000ea32                __ext_divmod16
                0x000000000000ea32                __divhi3
                0x000000000000ea64                __modhi3
 .text.libgcc   0x000000000000ea6c       0x40 /usr/lib/gcc/msp430/4.6.3/mmpy-16/libgcc.a(_udivmod32.o)
                0x000000000000ea6c                __udivsi3
                0x000000000000ea6c                __ext_udivmod32
                0x000000000000eaa2                __umodsi3
 .text.libgcc   0x000000000000eaac       0x4c /usr/lib/gcc/msp430/4.6.3/mmpy-16/libgcc.a(_divmod32.o)
                0x000000000000eaac                __ext_divmod32
                0x000000000000eaac                __divsi3
                0x000000000000eaee                __modsi3
 .text          0x000000000000eaf8       0x20 /usr/lib/gcc/msp430/4.6.3/../../../../msp430/lib/mmpy-16/libc.a(memcmp.o)
                0x000000000000eaf8                memcmp
 .text          0x000000000000eb18       0xfa /usr/lib/gcc/msp430/4.6.3/../../../../msp430/lib/mmpy-16/libc.a(memcpy.o)
                0x000000000000eb18                memcpy
 .text          0x000000000000ec12       0xfa /usr/lib/gcc/msp430/4.6.3/../../../../msp430/lib/mmpy-16/libc.a(memmove.o)
                0x000000000000ec12                memmove
 .text          0x000000000000ed0c       0x6a /usr/lib/gcc/msp430/4.6.3/../../../../msp430/lib/mmpy-16/libc.a(memset.o)
                0x000000000000ed0c                memset
 .text          0x000000000000ed76       0x1e /usr/lib/gcc/msp430/4.6.3/../../../../msp430/lib/mmpy-16/libc.a(printf.o)
                0x000000000000ed76                printf
                0x000000000000ed86                vprintf
 .text          0x000000000000ed94      0x836 /usr/lib/gcc/msp430/4.6.3/../../../../msp430/lib/mmpy-16/libc.a(vuprintf.o)
                0x000000000000ef2c                vuprintf
 .text          0x000000000000f5ca       0x2c /usr/lib/gcc/msp430/4.6.3/../../../../msp430/lib/mmpy-16/libc.a(puts.o)
                0x000000000000f5ca                puts
 .text          0x000000000000f5f6       0x54 /usr/lib/gcc/msp430/4.6.3/../../../../msp430/lib/mmpy-16/libc.a(rand.o)
                0x000000000000f5f6                rand_r
                0x000000000000f61a                rand
                0x000000000000f640                srand
 .text.libgcc   0x000000000000f64a       0xf0 /usr/lib/gcc/msp430/4.6.3/mmpy-16/libgcc.a(_udivmod64.o)
                0x000000000000f64a                __xabi_udivmod64
                0x000000000000f6a8                __udivdi3
                0x000000000000f6ce                __umoddi3
                0x000000000000f6fc                __udivmoddi4
 .text.crt0     0x000000000000f73a        0x2 /usr/lib/gcc/msp430/4.6.3/mmpy-16/libcrt0.a(_unexpected_.o)
                0x000000000000f73a                _unexpected_
                0x000000000000f73c                . = ALIGN (0x2)

.rodata         0x000000000000f73c      0x318
                0x000000000000f73c                . = ALIGN (0x2)
 *(.rodata .rodata.* .gnu.linkonce.r.*)
 .rodata        0x000000000000f73c       0x70 broadcast-example.co
                0x000000000000f78a                autostart_processes
 .rodata        0x000000000000f7ac      0x120 obj_sky/contiki-sky-main.o
 .rodata        0x000000000000f8cc       0x10 contiki-sky.a(button-sensor.o)
                0x000000000000f8d4                button_sensor
 .rodata        0x000000000000f8dc        0x8 contiki-sky.a(sensors.o)
 .rodata        0x000000000000f8e4       0x70 contiki-sky.a(cc2420.o)
                0x000000000000f916                cc2420_aes_128_driver
                0x000000000000f91a                cc2420_driver
 .rodata        0x000000000000f954        0xf contiki-sky.a(ctimer.o)
 .rodata        0x000000000000f963        0xc contiki-sky.a(etimer.o)
 *fill*         0x000000000000f96f        0x1 00
 .rodata        0x000000000000f970       0x20 contiki-sky.a(uip6.o)
 .rodata        0x000000000000f990       0x24 contiki-sky.a(sicslowpan.o)
                0x000000000000f99c                sicslowpan_driver
                0x000000000000f9a2                llprefix
                0x000000000000f9a4                unc_mxconf
                0x000000000000f9a8                unc_ctxconf
                0x000000000000f9ac                unc_llconf
 .rodata        0x000000000000f9b4       0x28 contiki-sky.a(uip-debug.o)
 .rodata        0x000000000000f9dc        0xd contiki-sky.a(tcpip.o)
 .rodata        0x000000000000f9e9       0x13 contiki-sky.a(simple-udp.o)
 .rodata        0x000000000000f9fc        0x6 contiki-sky.a(framer-802154.o)
                0x000000000000f9fc                framer_802154
 .rodata        0x000000000000fa02       0x14 contiki-sky.a(csma.o)
                0x000000000000fa08                csma_driver
 .rodata        0x000000000000fa16        0x8 contiki-sky.a(linkaddr.o)
                0x000000000000fa16                linkaddr_null
 .rodata        0x000000000000fa1e       0x1c contiki-sky.a(contikimac.o)
                0x000000000000fa2a                contikimac_driver
 .rodata        0x000000000000fa3a       0x10 contiki-sky.a(nullsec.o)
                0x000000000000fa42                nullsec_driver
 .rodata        0x000000000000fa4a        0x2 contiki-sky.a(frame802154.o)
 .rodata        0x000000000000fa4c        0x7 /usr/lib/gcc/msp430/4.6.3/../../../../msp430/lib/mmpy-16/libc.a(vuprintf.o)
                0x000000000000fa54                . = ALIGN (0x2)
 *fill*         0x000000000000fa53        0x1 00
                0x000000000000fa54                _etext = .

.data           0x0000000000001100      0x100 load address 0x000000000000fa54
                0x0000000000001100                . = ALIGN (0x2)
                0x0000000000001100                PROVIDE (__data_start, .)
 *(.data .data.* .gnu.linkonce.d.*)
 .data          0x0000000000001100        0xa broadcast-example.co
                0x0000000000001100                broadcast_example_process
 .data          0x000000000000110a        0x4 contiki-sky.a(contiki-sky-pla)
                0x000000000000110a                sensors
 .data          0x000000000000110e        0xa contiki-sky.a(sensors.o)
                0x000000000000110e                sensors_process
 .data          0x0000000000001118        0xc contiki-sky.a(cc2420.o)
                0x0000000000001118                cc2420_process
 .data          0x0000000000001124        0x2 contiki-sky.a(msp430.o)
 .data          0x0000000000001126        0xa contiki-sky.a(ctimer.o)
                0x0000000000001126                ctimer_process
 .data          0x0000000000001130        0xa contiki-sky.a(etimer.o)
                0x0000000000001130                etimer_process
 .data          0x000000000000113a       0x22 contiki-sky.a(uip-ds6-route.o)
                0x000000000000113a                nbr_routes
 .data          0x000000000000115c        0xa contiki-sky.a(uip-ds6-nbr.o)
                0x000000000000115c                ds6_neighbors
 .data          0x0000000000001166        0x6 contiki-sky.a(uip-nd6.o)
 .data          0x000000000000116c        0xa contiki-sky.a(tcpip.o)
                0x000000000000116c                tcpip_process
 .data          0x0000000000001176        0xa contiki-sky.a(simple-udp.o)
                0x0000000000001176                simple_udp_process
 .data          0x0000000000001180        0xa contiki-sky.a(rpl-dag.o)
                0x0000000000001180                rpl_parents
 .data          0x000000000000118a       0x12 contiki-sky.a(rpl-mrhof.o)
                0x000000000000118a                rpl_mrhof
 .data          0x000000000000119c       0x1a contiki-sky.a(rpl-icmp6.o)
 .data          0x00000000000011b6       0x18 contiki-sky.a(csma.o)
 .data          0x00000000000011ce       0x10 contiki-sky.a(queuebuf.o)
 .data          0x00000000000011de        0x8 contiki-sky.a(nbr-table.o)
 .data          0x00000000000011e6        0x8 contiki-sky.a(link-stats.o)
 .data          0x00000000000011ee        0xc contiki-sky.a(uip-icmp6.o)
 .data          0x00000000000011fa        0x2 contiki-sky.a(frame802154.o)
 .data          0x00000000000011fc        0x4 /usr/lib/gcc/msp430/4.6.3/../../../../msp430/lib/mmpy-16/libc.a(rand.o)
                0x0000000000001200                . = ALIGN (0x2)
                0x0000000000001200                _edata = .
                0x000000000000fa54                PROVIDE (__data_load_start, LOADADDR (.data))
                0x0000000000000100                PROVIDE (__data_size, SIZEOF (.data))

.bss            0x0000000000001200     0x1dda load address 0x000000000000fb54
                0x0000000000001200                PROVIDE (__bss_start, .)
 *(.bss .bss.*)
 .bss           0x0000000000001200       0x34 broadcast-example.co
 .bss           0x0000000000001234        0xc obj_sky/contiki-sky-main.o
 .bss           0x0000000000001240        0x8 contiki-sky.a(button-sensor.o)
 .bss           0x0000000000001248        0x2 contiki-sky.a(node-id.o)
                0x0000000000001248                node_id
 .bss           0x000000000000124a        0x6 contiki-sky.a(sensors.o)
 .bss           0x0000000000001250        0xa contiki-sky.a(cc2420.o)
 .bss           0x000000000000125a       0x9a contiki-sky.a(uart1.o)
 .bss           0x00000000000012f4        0xa contiki-sky.a(clock.o)
 .bss           0x00000000000012fe        0x1 contiki-sky.a(leds.o)
 *fill*         0x00000000000012ff        0x1 00
 .bss           0x0000000000001300        0x2 contiki-sky.a(watchdog.o)
 .bss           0x0000000000001302        0x4 contiki-sky.a(ctimer.o)
 .bss           0x0000000000001306        0x6 contiki-sky.a(etimer.o)
 .bss           0x000000000000130c       0x38 contiki-sky.a(process.o)
                0x000000000000130c                process_current
                0x000000000000130e                process_list
 .bss           0x0000000000001344        0x2 contiki-sky.a(rtimer.o)
 .bss           0x0000000000001346       0x18 contiki-sky.a(uip-ds6.o)
 .bss           0x000000000000135e      0x2e2 contiki-sky.a(uip-ds6-route.o)
 .bss           0x0000000000001640        0xc contiki-sky.a(uip6.o)
                0x0000000000001640                uip_ext_opt_offset
                0x0000000000001642                uip_ext_len
                0x0000000000001644                uip_ext_bitmap
 .bss           0x000000000000164c      0x120 contiki-sky.a(uip-ds6-nbr.o)
 .bss           0x000000000000176c        0x8 contiki-sky.a(uip-nd6.o)
 .bss           0x0000000000001774      0x6e6 contiki-sky.a(sicslowpan.o)
 .bss           0x0000000000001e5a       0x30 contiki-sky.a(tcpip.o)
 .bss           0x0000000000001e8a       0xf2 contiki-sky.a(simple-udp.o)
 .bss           0x0000000000001f7c       0x60 contiki-sky.a(rpl-dag.o)
 .bss           0x0000000000001fdc       0x18 contiki-sky.a(rpl-timers.o)
 .bss           0x0000000000001ff4        0x2 contiki-sky.a(rpl.o)
 .bss           0x0000000000001ff6        0x2 contiki-sky.a(framer-802154.o)
 .bss           0x0000000000001ff8       0xc0 contiki-sky.a(csma.o)
 .bss           0x00000000000020b8      0x5a0 contiki-sky.a(queuebuf.o)
 .bss           0x0000000000002658       0xe4 contiki-sky.a(nbr-table.o)
 .bss           0x000000000000273c       0x86 contiki-sky.a(packetbuf.o)
 .bss           0x00000000000027c2       0xa0 contiki-sky.a(link-stats.o)
 .bss           0x0000000000002862       0x32 contiki-sky.a(contikimac.o)
 .bss           0x0000000000002894        0x8 contiki-sky.a(compower.o)
 .bss           0x000000000000289c       0x14 contiki-sky.a(uip-icmp6.o)
 .bss           0x00000000000028b0       0x20 contiki-sky.a(rpl-nbr-policy.)
 .bss           0x00000000000028d0       0xe0 contiki-sky.a(mac-sequence.o)
 *(COMMON)
 COMMON         0x00000000000029b0        0x2 contiki-sky.a(contiki-sky-pla)
                0x00000000000029b0                sensors_flags
 COMMON         0x00000000000029b2        0x8 contiki-sky.a(ds2411.o)
                0x00000000000029b2                ds2411_id
 COMMON         0x00000000000029ba        0x1 contiki-sky.a(sensors.o)
                0x00000000000029ba                sensors_event
 *fill*         0x00000000000029bb        0x1 00
 COMMON         0x00000000000029bc       0x10 contiki-sky.a(cc2420.o)
                0x00000000000029bc                cc2420_last_rssi
                0x00000000000029be                cc2420_sfd_start_time
                0x00000000000029c0                cc2420_time_of_departure
                0x00000000000029c2                cc2420_time_of_arrival
                0x00000000000029c4                cc2420_last_correlation
                0x00000000000029c6                cc2420_authority_level_of_sender
                0x00000000000029c8                cc2420_sfd_counter
                0x00000000000029ca                cc2420_sfd_end_time
 COMMON         0x00000000000029cc        0x2 contiki-sky.a(msp430.o)
                0x00000000000029cc                msp430_dco_required
 COMMON         0x00000000000029ce       0x56 contiki-sky.a(energest.o)
                0x00000000000029ce                energest_total_time
                0x00000000000029fe                energest_total_count
                0x0000000000002a00                energest_current_mode
                0x0000000000002a0c                energest_current_time
 COMMON         0x0000000000002a24        0x1 contiki-sky.a(process.o)
                0x0000000000002a24                process_maxevents
 *fill*         0x0000000000002a25        0x1 00
 COMMON         0x0000000000002a26      0x15c contiki-sky.a(uip-ds6.o)
                0x0000000000002a26                uip_ds6_timer_ra
                0x0000000000002a2e                uip_ds6_if
                0x0000000000002b1a                uip_ds6_netif_addr_list_offset
                0x0000000000002b1b                uip_ds6_addr_size
                0x0000000000002b1c                uip_ds6_prefix_list
                0x0000000000002b76                uip_ds6_timer_periodic
 COMMON         0x0000000000002b82      0x304 contiki-sky.a(uip6.o)
                0x0000000000002b82                uip_len
                0x0000000000002b84                uip_sappdata
                0x0000000000002b86                uip_acc32
                0x0000000000002b8a                uip_lladdr
                0x0000000000002b92                uip_aligned_buf
                0x0000000000002c82                uip_flags
                0x0000000000002c84                uip_next_hdr
                0x0000000000002c86                uip_udp_conn
                0x0000000000002c88                uip_appdata
                0x0000000000002c8a                uip_conn
                0x0000000000002c8c                uip_conns
                0x0000000000002d3c                uip_listenports
                0x0000000000002d4c                uip_slen
                0x0000000000002d4e                uip_udp_conns
 COMMON         0x0000000000002e86        0x1 contiki-sky.a(tcpip.o)
                0x0000000000002e86                tcpip_event
 *fill*         0x0000000000002e87        0x1 00
 COMMON         0x0000000000002e88      0x100 contiki-sky.a(rpl-dag.o)
                0x0000000000002e88                default_instance
                0x0000000000002e8a                instance_table
 COMMON         0x0000000000002f88       0x2e contiki-sky.a(packetbuf.o)
                0x0000000000002f88                packetbuf_addrs
                0x0000000000002f98                packetbuf_attrs
 COMMON         0x0000000000002fb6        0x8 contiki-sky.a(linkaddr.o)
                0x0000000000002fb6                linkaddr_node_addr
 COMMON         0x0000000000002fbe       0x14 contiki-sky.a(link-stats.o)
                0x0000000000002fbe                periodic_timer
 COMMON         0x0000000000002fd2        0x8 contiki-sky.a(compower.o)
                0x0000000000002fd2                compower_idle_activity
                0x0000000000002fda                . = ALIGN (0x2)
                0x0000000000002fda                PROVIDE (__bss_end, .)
                0x0000000000001dda                PROVIDE (__bss_size, SIZEOF (.bss))

.noinit         0x0000000000002fda        0x2 load address 0x000000000000fb54
                0x0000000000002fda                PROVIDE (__noinit_start, .)
 *(.noinit .noinit.*)
 .noinit.crt0   0x0000000000002fda        0x2 /usr/lib/gcc/msp430/4.6.3/mmpy-16/libcrt0.a(__watchdog_support.o)
                0x0000000000002fda                __wdt_clear_value
                0x0000000000002fdc                . = ALIGN (0x2)
                0x0000000000002fdc                PROVIDE (__noinit_end, .)
                0x0000000000002fdc                . = ALIGN (0x2)
                0x0000000000002fdc                _end = .

.infomem        0x0000000000001000        0x0
 *(.infomem)
                0x0000000000001000                . = ALIGN (0x2)
 *(.infomem.*)

.infomemnobits  0x0000000000001000        0x0
 *(.infomemnobits)
                0x0000000000001000                . = ALIGN (0x2)
 *(.infomemnobits.*)

.infoa
 *(.infoa .infoa.*)

.infob
 *(.infob .infob.*)

.infoc
 *(.infoc .infoc.*)

.infod
 *(.infod .infod.*)

.vectors        0x000000000000ffe0       0x20
                0x000000000000ffe0                PROVIDE (__vectors_start, .)
 *(.vectors*)
 .vectors       0x000000000000ffe0       0x20 /usr/lib/gcc/msp430/4.6.3/mmpy-16/crt0ivtbl16.o
                0x000000000000ffe0                __ivtbl_16
                0x0000000000010000                _vectors_end = .

.fartext        0x0000000000000000        0x0
                0x0000000000000000                . = ALIGN (0x2)
 *(.fartext)
                0x0000000000000000                . = ALIGN (0x2)
 *(.fartext.*)
                0x0000000000000000                _efartext = .

.profiler
 *(.profiler)

.stab           0x0000000000000000    0x2b584
 *(.stab)
 .stab          0x0000000000000000     0x1104 broadcast-example.co
 .stab          0x0000000000001104     0x16ec obj_sky/contiki-sky-main.o
                                       0x1b30 (size before relaxing)
 .stab          0x00000000000027f0      0x264 contiki-sky.a(contiki-sky-pla)
                                        0x5b8 (size before relaxing)
 .stab          0x0000000000002a54      0x468 contiki-sky.a(button-sensor.o)
                                        0x7d4 (size before relaxing)